[/bin/bash] 3830768############################################
[/bin/bash] ## Starting Python Python 3.8.3
[/bin/bash] ## Training using algorithm ppo from framework CleanRL
[/bin/bash] ## On environment CartPole-v1 with 100000 timesteps
[/bin/bash] ## This is repetition 5/5
[/bin/bash] ## This is s2989344 on node001 and this job has the ID 3900155
[/bin/bash] ##############################################
[/bin/bash] ## current working directory: /home/s2989344/Documents/MSc/CleanRL
[/bin/bash] ## current python version: Python 3.8.3
[/bin/bash] ## python from path: /home/s2989344/.conda/envs/CleanRL/bin/python
[/bin/bash] ## list of packages: # packages in environment at /home/s2989344/.conda/envs/CleanRL: # # Name Version Build Channel _libgcc_mutex 0.1 main _openmp_mutex 5.1 1_gnu absl-py 1.4.0 pypi_0 pypi ale-py 0.8.1 pypi_0 pypi appdirs 1.4.4 pypi_0 pypi autorom 0.4.2 pypi_0 pypi autorom-accept-rom-license 0.6.1 pypi_0 pypi ca-certificates 2025.2.25 h06a4308_0 cachetools 5.3.0 pypi_0 pypi certifi 2023.5.7 pypi_0 pypi charset-normalizer 3.1.0 pypi_0 pypi click 8.1.3 pypi_0 pypi cloudpickle 2.2.1 pypi_0 pypi colorama 0.4.4 pypi_0 pypi commonmark 0.9.1 pypi_0 pypi cycler 0.11.0 pypi_0 pypi decorator 4.4.2 pypi_0 pypi docker-pycreds 0.4.0 pypi_0 pypi docstring-parser 0.15 pypi_0 pypi farama-notifications 0.0.4 pypi_0 pypi filelock 3.12.0 pypi_0 pypi fonttools 4.38.0 pypi_0 pypi gitdb 4.0.10 pypi_0 pypi gitpython 3.1.31 pypi_0 pypi glfw 1.12.0 pypi_0 pypi google-auth 2.18.0 pypi_0 pypi google-auth-oauthlib 0.4.6 pypi_0 pypi grpcio 1.54.0 pypi_0 pypi gym 0.23.1 pypi_0 pypi gym-notices 0.0.8 pypi_0 pypi gymnasium 0.28.1 pypi_0 pypi huggingface-hub 0.11.1 pypi_0 pypi idna 3.4 pypi_0 pypi imageio 2.28.1 pypi_0 pypi imageio-ffmpeg 0.3.0 pypi_0 pypi importlib-metadata 5.2.0 pypi_0 pypi importlib-resources 5.12.0 pypi_0 pypi jax-jumpy 1.0.0 pypi_0 pypi kiwisolver 1.4.4 pypi_0 pypi ld_impl_linux-64 2.40 h12ee557_0 libffi 3.3 he6710b0_2 libgcc-ng 11.2.0 h1234567_1 libgomp 11.2.0 h1234567_1 libstdcxx-ng 11.2.0 h1234567_1 markdown 3.3.7 pypi_0 pypi markupsafe 2.1.2 pypi_0 pypi matplotlib 3.5.3 pypi_0 pypi moviepy 1.0.3 pypi_0 pypi mujoco 2.3.3 pypi_0 pypi ncurses 6.4 h6a678d5_0 numpy 1.24.4 pypi_0 pypi oauthlib 3.2.2 pypi_0 pypi opencv-python 4.7.0.72 pypi_0 pypi openssl 1.1.1w h7f8727e_0 packaging 23.1 pypi_0 pypi pandas 1.3.5 pypi_0 pypi pathtools 0.1.2 pypi_0 pypi pillow 9.5.0 pypi_0 pypi pip 24.2 py38h06a4308_0 proglog 0.1.10 pypi_0 pypi protobuf 3.20.3 pypi_0 pypi psutil 5.9.5 pypi_0 pypi pyasn1 0.5.0 pypi_0 pypi pyasn1-modules 0.3.0 pypi_0 pypi pygame 2.1.0 pypi_0 pypi pygments 2.15.1 pypi_0 pypi pyopengl 3.1.6 pypi_0 pypi pyparsing 3.0.9 pypi_0 pypi python 3.8.3 hcff3b4d_2 python-dateutil 2.8.2 pypi_0 pypi pytz 2023.3 pypi_0 pypi pyyaml 6.0.1 pypi_0 pypi readline 8.2 h5eee18b_0 requests 2.30.0 pypi_0 pypi requests-oauthlib 1.3.1 pypi_0 pypi rich 11.2.0 pypi_0 pypi rsa 4.7.2 pypi_0 pypi sentry-sdk 1.22.2 pypi_0 pypi setproctitle 1.3.2 pypi_0 pypi setuptools 67.7.2 pypi_0 pypi shimmy 1.1.0 pypi_0 pypi shtab 1.6.4 pypi_0 pypi six 1.16.0 pypi_0 pypi smmap 5.0.0 pypi_0 pypi sqlite 3.45.3 h5eee18b_0 stable-baselines3 2.0.0 pypi_0 pypi tenacity 8.2.3 pypi_0 pypi tensorboard 2.11.2 pypi_0 pypi tensorboard-data-server 0.6.1 pypi_0 pypi tensorboard-plugin-wit 1.8.1 pypi_0 pypi tk 8.6.14 h39e8969_0 torch 1.12.1 pypi_0 pypi tqdm 4.65.0 pypi_0 pypi typing-extensions 4.5.0 pypi_0 pypi tyro 0.5.10 pypi_0 pypi urllib3 1.26.15 pypi_0 pypi wandb 0.13.11 pypi_0 pypi werkzeug 2.2.3 pypi_0 pypi wheel 0.40.0 pypi_0 pypi xz 5.6.4 h5eee18b_1 zipp 3.15.0 pypi_0 pypi zlib 1.2.13 h5eee18b_1
[/bin/bash] ##############################################
[/bin/bash] ## Start run script
/home/s2989344/.conda/envs/CleanRL/lib/python3.8/site-packages/torch/utils/tensorboard/__init__.py:4: DeprecationWarning: distutils Version classes are deprecated. Use packaging.version instead.
  if not hasattr(tensorboard, "__version__") or LooseVersion(
global_step=9, episodic_return=[9.]
global_step=53, episodic_return=[44.]
global_step=67, episodic_return=[14.]
global_step=80, episodic_return=[13.]
global_step=106, episodic_return=[26.]
global_step=125, episodic_return=[19.]
SPS: 543
global_step=161, episodic_return=[36.]
global_step=194, episodic_return=[33.]
global_step=210, episodic_return=[16.]
global_step=226, episodic_return=[16.]
global_step=246, episodic_return=[20.]
SPS: 581
global_step=263, episodic_return=[17.]
global_step=278, episodic_return=[15.]
global_step=291, episodic_return=[13.]
global_step=337, episodic_return=[46.]
global_step=356, episodic_return=[19.]
global_step=375, episodic_return=[19.]
SPS: 594
global_step=389, episodic_return=[14.]
global_step=406, episodic_return=[17.]
global_step=430, episodic_return=[24.]
global_step=472, episodic_return=[42.]
global_step=485, episodic_return=[13.]
SPS: 602
global_step=524, episodic_return=[39.]
global_step=553, episodic_return=[29.]
global_step=580, episodic_return=[27.]
global_step=597, episodic_return=[17.]
global_step=618, episodic_return=[21.]
SPS: 607
global_step=680, episodic_return=[62.]
global_step=696, episodic_return=[16.]
global_step=708, episodic_return=[12.]
global_step=729, episodic_return=[21.]
global_step=741, episodic_return=[12.]
global_step=768, episodic_return=[27.]
SPS: 610
global_step=794, episodic_return=[26.]
global_step=807, episodic_return=[13.]
global_step=847, episodic_return=[40.]
global_step=871, episodic_return=[24.]
global_step=892, episodic_return=[21.]
SPS: 613
global_step=910, episodic_return=[18.]
global_step=941, episodic_return=[31.]
global_step=981, episodic_return=[40.]
SPS: 615
global_step=1032, episodic_return=[51.]
global_step=1067, episodic_return=[35.]
global_step=1099, episodic_return=[32.]
SPS: 616
global_step=1163, episodic_return=[64.]
global_step=1214, episodic_return=[51.]
global_step=1242, episodic_return=[28.]
SPS: 618
global_step=1287, episodic_return=[45.]
global_step=1311, episodic_return=[24.]
global_step=1341, episodic_return=[30.]
global_step=1399, episodic_return=[58.]
SPS: 620
global_step=1438, episodic_return=[39.]
global_step=1460, episodic_return=[22.]
global_step=1523, episodic_return=[63.]
SPS: 621
global_step=1548, episodic_return=[25.]
global_step=1584, episodic_return=[36.]
global_step=1607, episodic_return=[23.]
global_step=1658, episodic_return=[51.]
SPS: 622
global_step=1678, episodic_return=[20.]
global_step=1719, episodic_return=[41.]
global_step=1742, episodic_return=[23.]
global_step=1765, episodic_return=[23.]
global_step=1788, episodic_return=[23.]
SPS: 622
global_step=1833, episodic_return=[45.]
global_step=1853, episodic_return=[20.]
SPS: 624
global_step=1921, episodic_return=[68.]
global_step=1947, episodic_return=[26.]
global_step=2029, episodic_return=[82.]
SPS: 625
global_step=2104, episodic_return=[75.]
global_step=2146, episodic_return=[42.]
global_step=2167, episodic_return=[21.]
SPS: 625
global_step=2247, episodic_return=[80.]
global_step=2279, episodic_return=[32.]
SPS: 626
global_step=2341, episodic_return=[62.]
global_step=2386, episodic_return=[45.]
global_step=2427, episodic_return=[41.]
SPS: 626
global_step=2447, episodic_return=[20.]
global_step=2490, episodic_return=[43.]
global_step=2539, episodic_return=[49.]
SPS: 626
global_step=2603, episodic_return=[64.]
SPS: 627
global_step=2748, episodic_return=[145.]
global_step=2798, episodic_return=[50.]
SPS: 628
global_step=2885, episodic_return=[87.]
SPS: 628
global_step=3030, episodic_return=[145.]
SPS: 628
global_step=3110, episodic_return=[80.]
global_step=3169, episodic_return=[59.]
SPS: 629
global_step=3221, episodic_return=[52.]
global_step=3313, episodic_return=[92.]
global_step=3326, episodic_return=[13.]
SPS: 629
global_step=3369, episodic_return=[43.]
global_step=3433, episodic_return=[64.]
global_step=3450, episodic_return=[17.]
SPS: 629
SPS: 630
global_step=3615, episodic_return=[165.]
global_step=3693, episodic_return=[78.]
SPS: 630
global_step=3783, episodic_return=[90.]
SPS: 630
global_step=3847, episodic_return=[64.]
global_step=3968, episodic_return=[121.]
SPS: 631
global_step=3994, episodic_return=[26.]
SPS: 631
global_step=4214, episodic_return=[220.]
SPS: 631
global_step=4253, episodic_return=[39.]
SPS: 631
global_step=4411, episodic_return=[158.]
global_step=4448, episodic_return=[37.]
SPS: 631
global_step=4555, episodic_return=[107.]
SPS: 631
global_step=4640, episodic_return=[85.]
SPS: 632
global_step=4802, episodic_return=[162.]
SPS: 632
global_step=4913, episodic_return=[111.]
SPS: 632
SPS: 633
global_step=5208, episodic_return=[295.]
SPS: 633
global_step=5332, episodic_return=[124.]
SPS: 633
global_step=5456, episodic_return=[124.]
global_step=5498, episodic_return=[42.]
SPS: 633
global_step=5587, episodic_return=[89.]
SPS: 634
global_step=5732, episodic_return=[145.]
SPS: 634
global_step=5788, episodic_return=[56.]
SPS: 634
global_step=5917, episodic_return=[129.]
global_step=5946, episodic_return=[29.]
SPS: 634
global_step=6104, episodic_return=[158.]
SPS: 634
SPS: 635
global_step=6299, episodic_return=[195.]
SPS: 635
SPS: 635
global_step=6584, episodic_return=[285.]
SPS: 635
SPS: 635
global_step=6841, episodic_return=[257.]
SPS: 635
global_step=7025, episodic_return=[184.]
SPS: 635
global_step=7148, episodic_return=[123.]
SPS: 636
global_step=7233, episodic_return=[85.]
SPS: 636
global_step=7364, episodic_return=[131.]
SPS: 636
global_step=7552, episodic_return=[188.]
SPS: 636
SPS: 636
global_step=7724, episodic_return=[172.]
SPS: 636
global_step=7820, episodic_return=[96.]
SPS: 637
global_step=7939, episodic_return=[119.]
SPS: 637
global_step=8159, episodic_return=[220.]
SPS: 637
SPS: 637
global_step=8380, episodic_return=[221.]
SPS: 637
global_step=8566, episodic_return=[186.]
SPS: 637
SPS: 637
global_step=8723, episodic_return=[157.]
SPS: 637
global_step=8954, episodic_return=[231.]
SPS: 637
SPS: 638
SPS: 637
global_step=9282, episodic_return=[328.]
SPS: 638
SPS: 638
global_step=9583, episodic_return=[301.]
SPS: 638
SPS: 638
SPS: 638
SPS: 638
global_step=10083, episodic_return=[500.]
SPS: 638
global_step=10168, episodic_return=[85.]
SPS: 638
SPS: 638
SPS: 639
global_step=10524, episodic_return=[356.]
SPS: 639
global_step=10697, episodic_return=[173.]
SPS: 639
global_step=10854, episodic_return=[157.]
SPS: 639
SPS: 639
SPS: 639
global_step=11140, episodic_return=[286.]
SPS: 639
global_step=11288, episodic_return=[148.]
SPS: 639
global_step=11454, episodic_return=[166.]
SPS: 639
SPS: 639
global_step=11674, episodic_return=[220.]
SPS: 639
global_step=11890, episodic_return=[216.]
SPS: 639
global_step=11976, episodic_return=[86.]
SPS: 639
global_step=12106, episodic_return=[130.]
SPS: 639
global_step=12276, episodic_return=[170.]
SPS: 639
SPS: 640
global_step=12529, episodic_return=[253.]
SPS: 640
SPS: 640
global_step=12799, episodic_return=[270.]
SPS: 640
SPS: 640
global_step=13010, episodic_return=[211.]
SPS: 640
SPS: 640
SPS: 640
global_step=13329, episodic_return=[319.]
SPS: 640
global_step=13507, episodic_return=[178.]
global_step=13551, episodic_return=[44.]
SPS: 640
SPS: 640
global_step=13809, episodic_return=[258.]
SPS: 640
SPS: 640
global_step=14067, episodic_return=[258.]
SPS: 640
SPS: 640
global_step=14276, episodic_return=[209.]
SPS: 640
SPS: 640
SPS: 640
SPS: 640
global_step=14734, episodic_return=[458.]
SPS: 640
SPS: 640
global_step=14997, episodic_return=[263.]
SPS: 641
SPS: 641
SPS: 641
SPS: 641
global_step=15497, episodic_return=[500.]
SPS: 641
global_step=15729, episodic_return=[232.]
SPS: 641
SPS: 641
SPS: 641
SPS: 641
global_step=16229, episodic_return=[500.]
SPS: 641
SPS: 641
SPS: 641
global_step=16520, episodic_return=[291.]
SPS: 641
global_step=16725, episodic_return=[205.]
SPS: 641
SPS: 641
SPS: 641
SPS: 641
global_step=17210, episodic_return=[485.]
SPS: 641
SPS: 641
SPS: 641
SPS: 641
global_step=17710, episodic_return=[500.]
SPS: 641
SPS: 641
SPS: 641
global_step=18137, episodic_return=[427.]
SPS: 641
SPS: 642
SPS: 642
SPS: 642
global_step=18637, episodic_return=[500.]
SPS: 642
global_step=18785, episodic_return=[148.]
SPS: 642
SPS: 642
SPS: 642
global_step=19073, episodic_return=[288.]
SPS: 642
global_step=19263, episodic_return=[190.]
SPS: 642
SPS: 642
SPS: 642
SPS: 642
global_step=19763, episodic_return=[500.]
SPS: 642
SPS: 642
SPS: 642
global_step=20097, episodic_return=[334.]
global_step=20185, episodic_return=[88.]
SPS: 642
SPS: 642
SPS: 642
global_step=20537, episodic_return=[352.]
SPS: 642
SPS: 642
SPS: 642
SPS: 642
global_step=20994, episodic_return=[457.]
SPS: 642
SPS: 642
global_step=21284, episodic_return=[290.]
SPS: 642
global_step=21446, episodic_return=[162.]
SPS: 642
SPS: 642
global_step=21643, episodic_return=[197.]
SPS: 642
SPS: 642
SPS: 642
global_step=22143, episodic_return=[500.]
SPS: 642
SPS: 642
global_step=22344, episodic_return=[201.]
SPS: 642
global_step=22475, episodic_return=[131.]
SPS: 642
global_step=22576, episodic_return=[101.]
SPS: 642
SPS: 642
global_step=22910, episodic_return=[334.]
SPS: 642
SPS: 642
SPS: 642
SPS: 642
global_step=23410, episodic_return=[500.]
SPS: 642
SPS: 642
SPS: 643
SPS: 643
global_step=23862, episodic_return=[452.]
SPS: 643
SPS: 643
global_step=24113, episodic_return=[251.]
SPS: 642
global_step=24305, episodic_return=[192.]
SPS: 643
SPS: 643
SPS: 643
SPS: 643
global_step=24805, episodic_return=[500.]
SPS: 643
SPS: 643
SPS: 643
SPS: 643
global_step=25305, episodic_return=[500.]
SPS: 643
SPS: 643
SPS: 643
SPS: 643
global_step=25805, episodic_return=[500.]
SPS: 643
SPS: 643
SPS: 643
global_step=26151, episodic_return=[346.]
SPS: 643
SPS: 643
global_step=26446, episodic_return=[295.]
SPS: 643
SPS: 643
global_step=26675, episodic_return=[229.]
SPS: 643
SPS: 643
SPS: 643
SPS: 643
global_step=27175, episodic_return=[500.]
SPS: 643
SPS: 643
SPS: 643
SPS: 643
global_step=27675, episodic_return=[500.]
SPS: 643
SPS: 643
global_step=27941, episodic_return=[266.]
SPS: 643
SPS: 643
global_step=28187, episodic_return=[246.]
SPS: 643
global_step=28315, episodic_return=[128.]
SPS: 643
SPS: 643
global_step=28601, episodic_return=[286.]
SPS: 643
global_step=28775, episodic_return=[174.]
SPS: 643
SPS: 643
global_step=28934, episodic_return=[159.]
SPS: 643
global_step=29128, episodic_return=[194.]
SPS: 643
global_step=29249, episodic_return=[121.]
SPS: 643
SPS: 643
SPS: 643
global_step=29580, episodic_return=[331.]
SPS: 643
global_step=29769, episodic_return=[189.]
SPS: 643
SPS: 643
SPS: 643
SPS: 643
global_step=30269, episodic_return=[500.]
SPS: 643
global_step=30427, episodic_return=[158.]
SPS: 643
SPS: 643
global_step=30686, episodic_return=[259.]
SPS: 643
SPS: 643
SPS: 643
SPS: 643
global_step=31161, episodic_return=[475.]
SPS: 643
SPS: 643
SPS: 643
global_step=31503, episodic_return=[342.]
SPS: 643
global_step=31649, episodic_return=[146.]
SPS: 643
SPS: 644
global_step=31892, episodic_return=[243.]
SPS: 644
global_step=32076, episodic_return=[184.]
SPS: 644
global_step=32206, episodic_return=[130.]
SPS: 644
global_step=32364, episodic_return=[158.]
SPS: 643
global_step=32465, episodic_return=[101.]
SPS: 643
SPS: 644
global_step=32693, episodic_return=[228.]
SPS: 644
SPS: 644
global_step=32997, episodic_return=[304.]
SPS: 644
SPS: 644
global_step=33230, episodic_return=[233.]
SPS: 644
SPS: 644
SPS: 644
global_step=33580, episodic_return=[350.]
SPS: 644
global_step=33727, episodic_return=[147.]
SPS: 644
global_step=33884, episodic_return=[157.]
SPS: 644
SPS: 644
SPS: 644
global_step=34216, episodic_return=[332.]
SPS: 644
global_step=34419, episodic_return=[203.]
SPS: 644
global_step=34507, episodic_return=[88.]
SPS: 644
global_step=34652, episodic_return=[145.]
SPS: 644
SPS: 644
global_step=34890, episodic_return=[238.]
SPS: 644
global_step=35038, episodic_return=[148.]
SPS: 644
global_step=35165, episodic_return=[127.]
SPS: 644
global_step=35315, episodic_return=[150.]
SPS: 644
SPS: 644
global_step=35466, episodic_return=[151.]
SPS: 644
global_step=35629, episodic_return=[163.]
SPS: 644
global_step=35804, episodic_return=[175.]
SPS: 644
SPS: 644
global_step=36002, episodic_return=[198.]
SPS: 644
global_step=36136, episodic_return=[134.]
SPS: 644
global_step=36317, episodic_return=[181.]
SPS: 644
global_step=36479, episodic_return=[162.]
SPS: 644
SPS: 644
SPS: 644
global_step=36786, episodic_return=[307.]
SPS: 644
global_step=36944, episodic_return=[158.]
SPS: 644
SPS: 644
SPS: 644
global_step=37316, episodic_return=[372.]
SPS: 644
SPS: 644
global_step=37505, episodic_return=[189.]
SPS: 644
SPS: 644
global_step=37881, episodic_return=[376.]
SPS: 644
SPS: 644
global_step=38110, episodic_return=[229.]
SPS: 644
SPS: 644
global_step=38306, episodic_return=[196.]
SPS: 644
global_step=38474, episodic_return=[168.]
SPS: 644
SPS: 644
global_step=38693, episodic_return=[219.]
SPS: 644
SPS: 644
global_step=38936, episodic_return=[243.]
SPS: 644
global_step=39079, episodic_return=[143.]
SPS: 644
global_step=39257, episodic_return=[178.]
SPS: 644
SPS: 644
global_step=39430, episodic_return=[173.]
SPS: 644
global_step=39602, episodic_return=[172.]
SPS: 644
global_step=39793, episodic_return=[191.]
SPS: 644
SPS: 644
global_step=39952, episodic_return=[159.]
global_step=40042, episodic_return=[90.]
SPS: 644
SPS: 644
global_step=40226, episodic_return=[184.]
SPS: 644
global_step=40326, episodic_return=[100.]
SPS: 644
global_step=40458, episodic_return=[132.]
global_step=40522, episodic_return=[64.]
SPS: 644
global_step=40630, episodic_return=[108.]
SPS: 644
global_step=40765, episodic_return=[135.]
SPS: 644
global_step=40902, episodic_return=[137.]
SPS: 644
global_step=41079, episodic_return=[177.]
SPS: 644
SPS: 644
global_step=41298, episodic_return=[219.]
SPS: 644
SPS: 644
global_step=41481, episodic_return=[183.]
SPS: 644
global_step=41629, episodic_return=[148.]
SPS: 644
global_step=41784, episodic_return=[155.]
SPS: 644
global_step=41883, episodic_return=[99.]
SPS: 644
SPS: 644
global_step=42147, episodic_return=[264.]
SPS: 644
global_step=42334, episodic_return=[187.]
SPS: 644
SPS: 644
global_step=42552, episodic_return=[218.]
SPS: 644
SPS: 644
SPS: 644
SPS: 644
global_step=43052, episodic_return=[500.]
SPS: 644
SPS: 644
global_step=43309, episodic_return=[257.]
SPS: 644
SPS: 644
SPS: 644
global_step=43766, episodic_return=[457.]
SPS: 644
SPS: 644
SPS: 644
SPS: 644
global_step=44266, episodic_return=[500.]
SPS: 644
SPS: 644
SPS: 644
SPS: 644
global_step=44766, episodic_return=[500.]
SPS: 644
SPS: 644
SPS: 644
SPS: 644
global_step=45266, episodic_return=[500.]
SPS: 644
SPS: 644
SPS: 643
SPS: 643
global_step=45766, episodic_return=[500.]
SPS: 643
SPS: 643
SPS: 643
SPS: 643
global_step=46227, episodic_return=[461.]
SPS: 643
SPS: 643
SPS: 643
global_step=46673, episodic_return=[446.]
SPS: 643
SPS: 643
global_step=46943, episodic_return=[270.]
SPS: 643
SPS: 643
SPS: 643
SPS: 643
global_step=47443, episodic_return=[500.]
SPS: 643
SPS: 643
SPS: 643
global_step=47813, episodic_return=[370.]
SPS: 643
SPS: 643
SPS: 643
SPS: 643
global_step=48313, episodic_return=[500.]
SPS: 643
SPS: 643
SPS: 643
SPS: 643
global_step=48813, episodic_return=[500.]
SPS: 643
SPS: 643
SPS: 643
global_step=49271, episodic_return=[458.]
SPS: 643
SPS: 643
SPS: 643
SPS: 643
global_step=49771, episodic_return=[500.]
SPS: 643
SPS: 643
SPS: 643
SPS: 643
global_step=50209, episodic_return=[438.]
SPS: 643
SPS: 643
SPS: 643
SPS: 643
global_step=50709, episodic_return=[500.]
SPS: 643
SPS: 643
SPS: 643
SPS: 643
global_step=51209, episodic_return=[500.]
SPS: 643
SPS: 643
SPS: 643
global_step=51709, episodic_return=[500.]
SPS: 643
SPS: 643
SPS: 643
SPS: 643
global_step=52166, episodic_return=[457.]
SPS: 643
SPS: 643
SPS: 643
global_step=52499, episodic_return=[333.]
SPS: 643
global_step=52633, episodic_return=[134.]
SPS: 643
SPS: 643
SPS: 643
SPS: 643
global_step=53133, episodic_return=[500.]
SPS: 643
SPS: 643
SPS: 643
SPS: 643
global_step=53633, episodic_return=[500.]
SPS: 643
SPS: 643
SPS: 643
global_step=54133, episodic_return=[500.]
SPS: 644
SPS: 644
SPS: 644
SPS: 644
global_step=54570, episodic_return=[437.]
SPS: 644
SPS: 644
SPS: 644
global_step=54941, episodic_return=[371.]
SPS: 644
SPS: 644
SPS: 644
SPS: 644
global_step=55441, episodic_return=[500.]
SPS: 644
SPS: 644
SPS: 644
SPS: 644
global_step=55941, episodic_return=[500.]
SPS: 644
SPS: 644
SPS: 644
global_step=56441, episodic_return=[500.]
SPS: 644
SPS: 644
SPS: 644
SPS: 644
global_step=56941, episodic_return=[500.]
SPS: 644
SPS: 644
SPS: 644
SPS: 644
global_step=57441, episodic_return=[500.]
SPS: 644
SPS: 644
SPS: 644
SPS: 644
global_step=57941, episodic_return=[500.]
SPS: 644
SPS: 644
SPS: 644
SPS: 644
global_step=58441, episodic_return=[500.]
SPS: 644
SPS: 644
SPS: 644
SPS: 644
global_step=58941, episodic_return=[500.]
SPS: 644
SPS: 644
SPS: 644
SPS: 644
global_step=59426, episodic_return=[485.]
SPS: 644
SPS: 644
SPS: 644
global_step=59885, episodic_return=[459.]
SPS: 644
SPS: 644
SPS: 644
SPS: 644
global_step=60385, episodic_return=[500.]
SPS: 644
SPS: 644
SPS: 644
SPS: 644
global_step=60832, episodic_return=[447.]
SPS: 644
SPS: 644
SPS: 644
SPS: 644
global_step=61332, episodic_return=[500.]
SPS: 644
SPS: 644
SPS: 644
SPS: 644
global_step=61832, episodic_return=[500.]
SPS: 644
SPS: 644
SPS: 644
global_step=62332, episodic_return=[500.]
SPS: 644
SPS: 644
SPS: 644
SPS: 644
global_step=62832, episodic_return=[500.]
SPS: 644
SPS: 644
SPS: 644
SPS: 644
global_step=63332, episodic_return=[500.]
SPS: 644
SPS: 644
SPS: 644
SPS: 644
global_step=63832, episodic_return=[500.]
SPS: 644
SPS: 644
SPS: 644
SPS: 644
global_step=64332, episodic_return=[500.]
SPS: 644
SPS: 644
SPS: 644
SPS: 644
global_step=64832, episodic_return=[500.]
SPS: 644
SPS: 644
SPS: 644
SPS: 644
global_step=65332, episodic_return=[500.]
SPS: 644
SPS: 644
SPS: 644
SPS: 644
global_step=65832, episodic_return=[500.]
SPS: 644
SPS: 644
SPS: 644
SPS: 644
global_step=66332, episodic_return=[500.]
SPS: 644
SPS: 644
SPS: 644
SPS: 644
global_step=66832, episodic_return=[500.]
SPS: 644
SPS: 644
SPS: 644
SPS: 644
global_step=67332, episodic_return=[500.]
SPS: 644
SPS: 644
SPS: 644
global_step=67832, episodic_return=[500.]
SPS: 644
SPS: 644
SPS: 644
SPS: 644
global_step=68332, episodic_return=[500.]
SPS: 644
SPS: 644
SPS: 644
SPS: 644
global_step=68832, episodic_return=[500.]
SPS: 644
SPS: 644
SPS: 644
SPS: 644
global_step=69321, episodic_return=[489.]
SPS: 644
SPS: 644
SPS: 644
SPS: 644
global_step=69821, episodic_return=[500.]
SPS: 644
SPS: 644
global_step=70079, episodic_return=[258.]
SPS: 644
SPS: 644
SPS: 644
SPS: 644
global_step=70579, episodic_return=[500.]
SPS: 644
SPS: 644
SPS: 644
SPS: 644
global_step=71079, episodic_return=[500.]
SPS: 644
SPS: 644
global_step=71376, episodic_return=[297.]
SPS: 644
SPS: 644
SPS: 644
SPS: 644
global_step=71876, episodic_return=[500.]
SPS: 644
SPS: 644
SPS: 644
SPS: 644
global_step=72376, episodic_return=[500.]
SPS: 644
SPS: 644
SPS: 644
SPS: 644
global_step=72876, episodic_return=[500.]
SPS: 644
global_step=73056, episodic_return=[180.]
SPS: 644
SPS: 644
SPS: 644
SPS: 644
global_step=73556, episodic_return=[500.]
SPS: 644
SPS: 644
SPS: 644
SPS: 644
global_step=74056, episodic_return=[500.]
SPS: 644
SPS: 644
SPS: 644
SPS: 644
global_step=74556, episodic_return=[500.]
SPS: 644
SPS: 644
SPS: 644
SPS: 644
global_step=75056, episodic_return=[500.]
SPS: 644
SPS: 644
SPS: 644
SPS: 644
global_step=75556, episodic_return=[500.]
SPS: 644
SPS: 644
SPS: 644
SPS: 644
global_step=76056, episodic_return=[500.]
SPS: 644
SPS: 644
SPS: 644
SPS: 644
global_step=76556, episodic_return=[500.]
SPS: 644
SPS: 644
SPS: 644
global_step=77056, episodic_return=[500.]
SPS: 644
SPS: 644
SPS: 644
SPS: 644
global_step=77556, episodic_return=[500.]
SPS: 644
SPS: 644
SPS: 644
SPS: 644
global_step=78056, episodic_return=[500.]
SPS: 644
SPS: 644
SPS: 644
SPS: 644
global_step=78556, episodic_return=[500.]
SPS: 644
SPS: 644
SPS: 644
SPS: 644
global_step=79056, episodic_return=[500.]
SPS: 644
SPS: 644
SPS: 644
SPS: 644
global_step=79556, episodic_return=[500.]
SPS: 644
SPS: 644
SPS: 644
SPS: 644
global_step=80056, episodic_return=[500.]
SPS: 644
SPS: 644
SPS: 644
SPS: 644
global_step=80556, episodic_return=[500.]
SPS: 644
SPS: 644
SPS: 644
SPS: 644
global_step=81056, episodic_return=[500.]
SPS: 644
SPS: 644
global_step=81322, episodic_return=[266.]
SPS: 644
SPS: 644
SPS: 644
SPS: 644
global_step=81822, episodic_return=[500.]
SPS: 644
SPS: 644
SPS: 644
SPS: 644
global_step=82322, episodic_return=[500.]
SPS: 644
SPS: 644
SPS: 644
SPS: 644
global_step=82822, episodic_return=[500.]
SPS: 644
SPS: 644
SPS: 644
global_step=83308, episodic_return=[486.]
SPS: 644
SPS: 644
SPS: 644
SPS: 644
global_step=83808, episodic_return=[500.]
SPS: 644
SPS: 644
SPS: 644
SPS: 644
global_step=84308, episodic_return=[500.]
SPS: 644
SPS: 644
SPS: 645
SPS: 645
global_step=84808, episodic_return=[500.]
SPS: 645
SPS: 645
global_step=85028, episodic_return=[220.]
SPS: 645
SPS: 645
SPS: 645
SPS: 645
global_step=85528, episodic_return=[500.]
SPS: 645
SPS: 645
SPS: 645
SPS: 645
global_step=86028, episodic_return=[500.]
SPS: 645
SPS: 645
SPS: 645
global_step=86528, episodic_return=[500.]
SPS: 645
SPS: 645
SPS: 645
SPS: 645
global_step=87028, episodic_return=[500.]
SPS: 645
SPS: 645
SPS: 645
SPS: 645
global_step=87528, episodic_return=[500.]
SPS: 645
SPS: 645
SPS: 645
SPS: 645
global_step=88028, episodic_return=[500.]
SPS: 645
SPS: 645
SPS: 645
SPS: 645
global_step=88528, episodic_return=[500.]
SPS: 645
SPS: 645
SPS: 645
SPS: 645
global_step=89028, episodic_return=[500.]
SPS: 645
SPS: 645
SPS: 645
SPS: 645
global_step=89509, episodic_return=[481.]
SPS: 645
SPS: 645
SPS: 645
SPS: 645
global_step=89985, episodic_return=[476.]
SPS: 645
SPS: 645
SPS: 645
global_step=90466, episodic_return=[481.]
SPS: 645
SPS: 645
SPS: 645
global_step=90863, episodic_return=[397.]
SPS: 645
SPS: 645
SPS: 645
global_step=91230, episodic_return=[367.]
SPS: 645
SPS: 645
SPS: 645
global_step=91582, episodic_return=[352.]
SPS: 645
SPS: 645
SPS: 645
global_step=91972, episodic_return=[390.]
SPS: 645
SPS: 645
SPS: 645
global_step=92359, episodic_return=[387.]
SPS: 645
SPS: 645
SPS: 645
SPS: 645
global_step=92859, episodic_return=[500.]
SPS: 645
SPS: 645
SPS: 645
SPS: 645
global_step=93359, episodic_return=[500.]
SPS: 645
SPS: 645
SPS: 645
global_step=93759, episodic_return=[400.]
SPS: 645
SPS: 645
SPS: 645
SPS: 645
global_step=94228, episodic_return=[469.]
SPS: 645
SPS: 645
SPS: 645
SPS: 645
global_step=94728, episodic_return=[500.]
SPS: 645
SPS: 645
SPS: 645
global_step=95213, episodic_return=[485.]
SPS: 645
SPS: 645
SPS: 645
global_step=95569, episodic_return=[356.]
SPS: 645
SPS: 645
SPS: 645
SPS: 645
global_step=96063, episodic_return=[494.]
SPS: 645
SPS: 645
SPS: 645
SPS: 645
global_step=96527, episodic_return=[464.]
SPS: 645
SPS: 645
SPS: 645
SPS: 645
global_step=97027, episodic_return=[500.]
SPS: 645
SPS: 645
SPS: 645
global_step=97464, episodic_return=[437.]
SPS: 645
SPS: 645
SPS: 645
global_step=97841, episodic_return=[377.]
SPS: 645
SPS: 645
global_step=98058, episodic_return=[217.]
SPS: 645
SPS: 645
SPS: 645
global_step=98558, episodic_return=[500.]
SPS: 645
SPS: 645
SPS: 645
SPS: 645
global_step=98959, episodic_return=[401.]
SPS: 645
SPS: 645
SPS: 645
global_step=99377, episodic_return=[418.]
SPS: 645
SPS: 645
SPS: 645
global_step=99766, episodic_return=[389.]
SPS: 645
SPS: 645
Using hyperparameter file ./hps/CleanRL_ppo_defaultdiscrete.yml
[Errno 2] No such file or directory: './CleanRL/results/ppo_CartPole-v1_100000/defaultdiscrete'
Using initial folder
[/bin/bash] ## Script finished
[/bin/bash] #### Finished Python test. Have a nice day
