[/bin/bash] 3830771############################################
[/bin/bash] ## Starting Python Python 3.8.3
[/bin/bash] ## Training using algorithm ppo from framework CleanRL
[/bin/bash] ## On environment CartPole-v1 with 100000 timesteps
[/bin/bash] ## This is repetition 1/5
[/bin/bash] ## This is s2989344 on node001 and this job has the ID 3900157
[/bin/bash] ##############################################
[/bin/bash] ## current working directory: /home/s2989344/Documents/MSc/CleanRL
[/bin/bash] ## current python version: Python 3.8.3
[/bin/bash] ## python from path: /home/s2989344/.conda/envs/CleanRL/bin/python
[/bin/bash] ## list of packages: # packages in environment at /home/s2989344/.conda/envs/CleanRL: # # Name Version Build Channel _libgcc_mutex 0.1 main _openmp_mutex 5.1 1_gnu absl-py 1.4.0 pypi_0 pypi ale-py 0.8.1 pypi_0 pypi appdirs 1.4.4 pypi_0 pypi autorom 0.4.2 pypi_0 pypi autorom-accept-rom-license 0.6.1 pypi_0 pypi ca-certificates 2025.2.25 h06a4308_0 cachetools 5.3.0 pypi_0 pypi certifi 2023.5.7 pypi_0 pypi charset-normalizer 3.1.0 pypi_0 pypi click 8.1.3 pypi_0 pypi cloudpickle 2.2.1 pypi_0 pypi colorama 0.4.4 pypi_0 pypi commonmark 0.9.1 pypi_0 pypi cycler 0.11.0 pypi_0 pypi decorator 4.4.2 pypi_0 pypi docker-pycreds 0.4.0 pypi_0 pypi docstring-parser 0.15 pypi_0 pypi farama-notifications 0.0.4 pypi_0 pypi filelock 3.12.0 pypi_0 pypi fonttools 4.38.0 pypi_0 pypi gitdb 4.0.10 pypi_0 pypi gitpython 3.1.31 pypi_0 pypi glfw 1.12.0 pypi_0 pypi google-auth 2.18.0 pypi_0 pypi google-auth-oauthlib 0.4.6 pypi_0 pypi grpcio 1.54.0 pypi_0 pypi gym 0.23.1 pypi_0 pypi gym-notices 0.0.8 pypi_0 pypi gymnasium 0.28.1 pypi_0 pypi huggingface-hub 0.11.1 pypi_0 pypi idna 3.4 pypi_0 pypi imageio 2.28.1 pypi_0 pypi imageio-ffmpeg 0.3.0 pypi_0 pypi importlib-metadata 5.2.0 pypi_0 pypi importlib-resources 5.12.0 pypi_0 pypi jax-jumpy 1.0.0 pypi_0 pypi kiwisolver 1.4.4 pypi_0 pypi ld_impl_linux-64 2.40 h12ee557_0 libffi 3.3 he6710b0_2 libgcc-ng 11.2.0 h1234567_1 libgomp 11.2.0 h1234567_1 libstdcxx-ng 11.2.0 h1234567_1 markdown 3.3.7 pypi_0 pypi markupsafe 2.1.2 pypi_0 pypi matplotlib 3.5.3 pypi_0 pypi moviepy 1.0.3 pypi_0 pypi mujoco 2.3.3 pypi_0 pypi ncurses 6.4 h6a678d5_0 numpy 1.24.4 pypi_0 pypi oauthlib 3.2.2 pypi_0 pypi opencv-python 4.7.0.72 pypi_0 pypi openssl 1.1.1w h7f8727e_0 packaging 23.1 pypi_0 pypi pandas 1.3.5 pypi_0 pypi pathtools 0.1.2 pypi_0 pypi pillow 9.5.0 pypi_0 pypi pip 24.2 py38h06a4308_0 proglog 0.1.10 pypi_0 pypi protobuf 3.20.3 pypi_0 pypi psutil 5.9.5 pypi_0 pypi pyasn1 0.5.0 pypi_0 pypi pyasn1-modules 0.3.0 pypi_0 pypi pygame 2.1.0 pypi_0 pypi pygments 2.15.1 pypi_0 pypi pyopengl 3.1.6 pypi_0 pypi pyparsing 3.0.9 pypi_0 pypi python 3.8.3 hcff3b4d_2 python-dateutil 2.8.2 pypi_0 pypi pytz 2023.3 pypi_0 pypi pyyaml 6.0.1 pypi_0 pypi readline 8.2 h5eee18b_0 requests 2.30.0 pypi_0 pypi requests-oauthlib 1.3.1 pypi_0 pypi rich 11.2.0 pypi_0 pypi rsa 4.7.2 pypi_0 pypi sentry-sdk 1.22.2 pypi_0 pypi setproctitle 1.3.2 pypi_0 pypi setuptools 67.7.2 pypi_0 pypi shimmy 1.1.0 pypi_0 pypi shtab 1.6.4 pypi_0 pypi six 1.16.0 pypi_0 pypi smmap 5.0.0 pypi_0 pypi sqlite 3.45.3 h5eee18b_0 stable-baselines3 2.0.0 pypi_0 pypi tenacity 8.2.3 pypi_0 pypi tensorboard 2.11.2 pypi_0 pypi tensorboard-data-server 0.6.1 pypi_0 pypi tensorboard-plugin-wit 1.8.1 pypi_0 pypi tk 8.6.14 h39e8969_0 torch 1.12.1 pypi_0 pypi tqdm 4.65.0 pypi_0 pypi typing-extensions 4.5.0 pypi_0 pypi tyro 0.5.10 pypi_0 pypi urllib3 1.26.15 pypi_0 pypi wandb 0.13.11 pypi_0 pypi werkzeug 2.2.3 pypi_0 pypi wheel 0.40.0 pypi_0 pypi xz 5.6.4 h5eee18b_1 zipp 3.15.0 pypi_0 pypi zlib 1.2.13 h5eee18b_1
[/bin/bash] ##############################################
[/bin/bash] ## Start run script
/home/s2989344/.conda/envs/CleanRL/lib/python3.8/site-packages/torch/utils/tensorboard/__init__.py:4: DeprecationWarning: distutils Version classes are deprecated. Use packaging.version instead.
  if not hasattr(tensorboard, "__version__") or LooseVersion(
global_step=13, episodic_return=[13.]
global_step=28, episodic_return=[15.]
global_step=74, episodic_return=[46.]
global_step=103, episodic_return=[29.]
global_step=126, episodic_return=[23.]
SPS: 543
global_step=142, episodic_return=[16.]
global_step=164, episodic_return=[22.]
global_step=176, episodic_return=[12.]
global_step=197, episodic_return=[21.]
global_step=220, episodic_return=[23.]
global_step=233, episodic_return=[13.]
global_step=248, episodic_return=[15.]
SPS: 577
global_step=257, episodic_return=[9.]
global_step=283, episodic_return=[26.]
global_step=304, episodic_return=[21.]
global_step=321, episodic_return=[17.]
global_step=336, episodic_return=[15.]
global_step=350, episodic_return=[14.]
global_step=375, episodic_return=[25.]
SPS: 589
global_step=394, episodic_return=[19.]
global_step=404, episodic_return=[10.]
global_step=435, episodic_return=[31.]
global_step=471, episodic_return=[36.]
global_step=496, episodic_return=[25.]
global_step=510, episodic_return=[14.]
SPS: 596
global_step=544, episodic_return=[34.]
global_step=588, episodic_return=[44.]
global_step=602, episodic_return=[14.]
global_step=615, episodic_return=[13.]
global_step=628, episodic_return=[13.]
SPS: 600
global_step=645, episodic_return=[17.]
global_step=655, episodic_return=[10.]
global_step=694, episodic_return=[39.]
global_step=731, episodic_return=[37.]
global_step=755, episodic_return=[24.]
global_step=766, episodic_return=[11.]
SPS: 602
global_step=787, episodic_return=[21.]
global_step=816, episodic_return=[29.]
global_step=849, episodic_return=[33.]
global_step=863, episodic_return=[14.]
global_step=886, episodic_return=[23.]
SPS: 605
global_step=918, episodic_return=[32.]
global_step=971, episodic_return=[53.]
global_step=988, episodic_return=[17.]
global_step=1010, episodic_return=[22.]
SPS: 607
global_step=1045, episodic_return=[35.]
global_step=1084, episodic_return=[39.]
global_step=1143, episodic_return=[59.]
SPS: 607
global_step=1180, episodic_return=[37.]
global_step=1259, episodic_return=[79.]
global_step=1277, episodic_return=[18.]
SPS: 610
global_step=1368, episodic_return=[91.]
global_step=1399, episodic_return=[31.]
SPS: 611
global_step=1493, episodic_return=[94.]
SPS: 613
global_step=1552, episodic_return=[59.]
global_step=1565, episodic_return=[13.]
global_step=1602, episodic_return=[37.]
global_step=1615, episodic_return=[13.]
global_step=1632, episodic_return=[17.]
SPS: 614
global_step=1686, episodic_return=[54.]
global_step=1734, episodic_return=[48.]
global_step=1755, episodic_return=[21.]
global_step=1774, episodic_return=[19.]
SPS: 614
global_step=1803, episodic_return=[29.]
global_step=1909, episodic_return=[106.]
SPS: 616
global_step=1956, episodic_return=[47.]
global_step=1976, episodic_return=[20.]
global_step=2022, episodic_return=[46.]
SPS: 616
global_step=2053, episodic_return=[31.]
global_step=2118, episodic_return=[65.]
SPS: 617
global_step=2178, episodic_return=[60.]
global_step=2199, episodic_return=[21.]
global_step=2209, episodic_return=[10.]
global_step=2252, episodic_return=[43.]
global_step=2291, episodic_return=[39.]
SPS: 617
global_step=2313, episodic_return=[22.]
global_step=2336, episodic_return=[23.]
global_step=2379, episodic_return=[43.]
SPS: 618
global_step=2454, episodic_return=[75.]
SPS: 618
global_step=2573, episodic_return=[119.]
global_step=2633, episodic_return=[60.]
SPS: 612
global_step=2722, episodic_return=[89.]
global_step=2793, episodic_return=[71.]
SPS: 613
SPS: 614
global_step=2971, episodic_return=[178.]
global_step=3031, episodic_return=[60.]
SPS: 615
global_step=3124, episodic_return=[93.]
SPS: 616
SPS: 617
global_step=3402, episodic_return=[278.]
global_step=3439, episodic_return=[37.]
SPS: 617
global_step=3486, episodic_return=[47.]
SPS: 618
global_step=3613, episodic_return=[127.]
global_step=3660, episodic_return=[47.]
SPS: 618
global_step=3778, episodic_return=[118.]
global_step=3797, episodic_return=[19.]
SPS: 619
global_step=3863, episodic_return=[66.]
SPS: 619
global_step=4014, episodic_return=[151.]
global_step=4074, episodic_return=[60.]
SPS: 619
global_step=4177, episodic_return=[103.]
SPS: 620
global_step=4338, episodic_return=[161.]
SPS: 620
global_step=4419, episodic_return=[81.]
SPS: 621
SPS: 621
global_step=4624, episodic_return=[205.]
SPS: 622
global_step=4755, episodic_return=[131.]
global_step=4794, episodic_return=[39.]
SPS: 622
global_step=4914, episodic_return=[120.]
global_step=4984, episodic_return=[70.]
SPS: 622
SPS: 623
global_step=5128, episodic_return=[144.]
global_step=5159, episodic_return=[31.]
SPS: 623
global_step=5260, episodic_return=[101.]
SPS: 623
global_step=5377, episodic_return=[117.]
SPS: 624
global_step=5517, episodic_return=[140.]
global_step=5624, episodic_return=[107.]
SPS: 624
global_step=5739, episodic_return=[115.]
SPS: 624
global_step=5866, episodic_return=[127.]
SPS: 617
global_step=6015, episodic_return=[149.]
SPS: 617
global_step=6098, episodic_return=[83.]
SPS: 617
global_step=6232, episodic_return=[134.]
SPS: 618
SPS: 618
global_step=6431, episodic_return=[199.]
SPS: 618
global_step=6538, episodic_return=[107.]
SPS: 619
SPS: 619
global_step=6795, episodic_return=[257.]
SPS: 619
global_step=6946, episodic_return=[151.]
SPS: 619
global_step=7044, episodic_return=[98.]
global_step=7147, episodic_return=[103.]
SPS: 620
SPS: 620
global_step=7394, episodic_return=[247.]
SPS: 620
global_step=7522, episodic_return=[128.]
SPS: 620
global_step=7657, episodic_return=[135.]
SPS: 621
SPS: 621
global_step=7929, episodic_return=[272.]
SPS: 621
global_step=7963, episodic_return=[34.]
SPS: 621
global_step=8065, episodic_return=[102.]
SPS: 621
global_step=8222, episodic_return=[157.]
SPS: 622
global_step=8402, episodic_return=[180.]
SPS: 622
SPS: 622
global_step=8602, episodic_return=[200.]
global_step=8649, episodic_return=[47.]
SPS: 622
SPS: 622
SPS: 623
global_step=8969, episodic_return=[320.]
global_step=9075, episodic_return=[106.]
SPS: 623
global_step=9181, episodic_return=[106.]
SPS: 623
SPS: 623
SPS: 623
global_step=9507, episodic_return=[326.]
SPS: 623
global_step=9627, episodic_return=[120.]
SPS: 623
global_step=9856, episodic_return=[229.]
SPS: 623
global_step=9915, episodic_return=[59.]
SPS: 624
global_step=10104, episodic_return=[189.]
SPS: 624
SPS: 624
global_step=10277, episodic_return=[173.]
global_step=10313, episodic_return=[36.]
SPS: 624
global_step=10390, episodic_return=[77.]
SPS: 624
global_step=10500, episodic_return=[110.]
SPS: 624
global_step=10741, episodic_return=[241.]
SPS: 624
global_step=10832, episodic_return=[91.]
SPS: 624
SPS: 624
global_step=11024, episodic_return=[192.]
SPS: 624
global_step=11189, episodic_return=[165.]
SPS: 625
global_step=11351, episodic_return=[162.]
SPS: 625
global_step=11478, episodic_return=[127.]
SPS: 625
global_step=11606, episodic_return=[128.]
SPS: 625
global_step=11776, episodic_return=[170.]
SPS: 625
global_step=11864, episodic_return=[88.]
SPS: 625
global_step=11976, episodic_return=[112.]
SPS: 625
global_step=12126, episodic_return=[150.]
SPS: 625
global_step=12269, episodic_return=[143.]
SPS: 625
global_step=12370, episodic_return=[101.]
SPS: 625
global_step=12476, episodic_return=[106.]
SPS: 626
global_step=12628, episodic_return=[152.]
SPS: 626
global_step=12730, episodic_return=[102.]
SPS: 625
global_step=12886, episodic_return=[156.]
SPS: 626
SPS: 626
global_step=13179, episodic_return=[293.]
SPS: 626
global_step=13198, episodic_return=[19.]
SPS: 626
global_step=13358, episodic_return=[160.]
SPS: 626
global_step=13499, episodic_return=[141.]
SPS: 626
global_step=13665, episodic_return=[166.]
SPS: 626
global_step=13798, episodic_return=[133.]
SPS: 626
SPS: 626
global_step=14017, episodic_return=[219.]
SPS: 626
global_step=14145, episodic_return=[128.]
SPS: 626
global_step=14314, episodic_return=[169.]
SPS: 626
global_step=14345, episodic_return=[31.]
SPS: 626
global_step=14574, episodic_return=[229.]
SPS: 626
global_step=14712, episodic_return=[138.]
SPS: 627
SPS: 627
global_step=14890, episodic_return=[178.]
SPS: 627
global_step=15043, episodic_return=[153.]
global_step=15059, episodic_return=[16.]
SPS: 627
global_step=15200, episodic_return=[141.]
SPS: 627
global_step=15325, episodic_return=[125.]
SPS: 627
global_step=15474, episodic_return=[149.]
SPS: 627
SPS: 627
global_step=15671, episodic_return=[197.]
SPS: 627
SPS: 627
global_step=15919, episodic_return=[248.]
SPS: 627
SPS: 627
global_step=16152, episodic_return=[233.]
SPS: 627
global_step=16356, episodic_return=[204.]
SPS: 627
SPS: 627
global_step=16576, episodic_return=[220.]
SPS: 627
global_step=16746, episodic_return=[170.]
SPS: 627
SPS: 627
global_step=16909, episodic_return=[163.]
SPS: 628
SPS: 628
global_step=17153, episodic_return=[244.]
SPS: 628
SPS: 628
SPS: 628
global_step=17602, episodic_return=[449.]
SPS: 628
global_step=17781, episodic_return=[179.]
SPS: 628
SPS: 628
SPS: 628
SPS: 628
global_step=18253, episodic_return=[472.]
SPS: 628
global_step=18413, episodic_return=[160.]
SPS: 628
SPS: 628
global_step=18598, episodic_return=[185.]
SPS: 628
global_step=18698, episodic_return=[100.]
SPS: 628
SPS: 628
global_step=19004, episodic_return=[306.]
SPS: 628
SPS: 628
global_step=19319, episodic_return=[315.]
SPS: 628
SPS: 628
SPS: 628
global_step=19608, episodic_return=[289.]
SPS: 628
global_step=19799, episodic_return=[191.]
SPS: 629
SPS: 629
global_step=20073, episodic_return=[274.]
SPS: 629
SPS: 629
global_step=20258, episodic_return=[185.]
SPS: 629
global_step=20424, episodic_return=[166.]
SPS: 629
SPS: 629
global_step=20636, episodic_return=[212.]
global_step=20708, episodic_return=[72.]
SPS: 629
SPS: 629
SPS: 629
global_step=20999, episodic_return=[291.]
SPS: 629
global_step=21165, episodic_return=[166.]
SPS: 629
global_step=21356, episodic_return=[191.]
SPS: 629
SPS: 629
global_step=21509, episodic_return=[153.]
SPS: 629
SPS: 629
global_step=21792, episodic_return=[283.]
SPS: 629
SPS: 629
global_step=22037, episodic_return=[245.]
SPS: 629
global_step=22221, episodic_return=[184.]
SPS: 629
global_step=22352, episodic_return=[131.]
SPS: 629
SPS: 629
SPS: 629
global_step=22680, episodic_return=[328.]
SPS: 629
SPS: 629
SPS: 629
global_step=23074, episodic_return=[394.]
SPS: 629
SPS: 629
global_step=23329, episodic_return=[255.]
SPS: 629
global_step=23442, episodic_return=[113.]
SPS: 629
global_step=23636, episodic_return=[194.]
SPS: 629
global_step=23799, episodic_return=[163.]
SPS: 629
SPS: 629
global_step=24011, episodic_return=[212.]
SPS: 629
SPS: 629
SPS: 629
SPS: 629
global_step=24511, episodic_return=[500.]
SPS: 629
SPS: 629
global_step=24722, episodic_return=[211.]
SPS: 630
global_step=24888, episodic_return=[166.]
SPS: 630
SPS: 630
SPS: 628
global_step=25287, episodic_return=[399.]
SPS: 628
SPS: 628
SPS: 628
global_step=25672, episodic_return=[385.]
SPS: 628
SPS: 628
global_step=25952, episodic_return=[280.]
SPS: 628
SPS: 628
global_step=26159, episodic_return=[207.]
SPS: 628
global_step=26344, episodic_return=[185.]
SPS: 628
SPS: 628
global_step=26506, episodic_return=[162.]
SPS: 628
global_step=26683, episodic_return=[177.]
SPS: 628
global_step=26826, episodic_return=[143.]
SPS: 628
SPS: 628
global_step=27059, episodic_return=[233.]
SPS: 628
SPS: 628
global_step=27323, episodic_return=[264.]
SPS: 628
global_step=27483, episodic_return=[160.]
SPS: 628
SPS: 628
global_step=27774, episodic_return=[291.]
SPS: 628
SPS: 628
global_step=27972, episodic_return=[198.]
SPS: 628
global_step=28116, episodic_return=[144.]
SPS: 628
SPS: 628
global_step=28344, episodic_return=[228.]
SPS: 629
global_step=28498, episodic_return=[154.]
SPS: 629
SPS: 629
global_step=28685, episodic_return=[187.]
SPS: 629
global_step=28898, episodic_return=[213.]
SPS: 629
SPS: 629
global_step=29057, episodic_return=[159.]
SPS: 629
SPS: 629
global_step=29375, episodic_return=[318.]
SPS: 629
global_step=29534, episodic_return=[159.]
SPS: 629
SPS: 629
SPS: 629
global_step=29932, episodic_return=[398.]
SPS: 629
SPS: 629
SPS: 629
global_step=30211, episodic_return=[279.]
SPS: 629
SPS: 629
global_step=30468, episodic_return=[257.]
SPS: 629
global_step=30597, episodic_return=[129.]
SPS: 629
SPS: 629
global_step=30866, episodic_return=[269.]
SPS: 629
SPS: 629
global_step=31130, episodic_return=[264.]
SPS: 629
SPS: 629
SPS: 629
global_step=31535, episodic_return=[405.]
SPS: 629
SPS: 629
SPS: 629
SPS: 629
global_step=32035, episodic_return=[500.]
SPS: 629
SPS: 629
SPS: 629
SPS: 629
global_step=32535, episodic_return=[500.]
SPS: 629
SPS: 629
global_step=32845, episodic_return=[310.]
SPS: 629
SPS: 629
SPS: 629
global_step=33197, episodic_return=[352.]
SPS: 629
SPS: 629
SPS: 629
SPS: 629
global_step=33697, episodic_return=[500.]
SPS: 629
SPS: 629
SPS: 629
global_step=34070, episodic_return=[373.]
SPS: 629
global_step=34188, episodic_return=[118.]
SPS: 629
SPS: 630
SPS: 630
global_step=34688, episodic_return=[500.]
SPS: 630
SPS: 630
SPS: 630
global_step=34996, episodic_return=[308.]
SPS: 630
SPS: 630
SPS: 630
SPS: 630
global_step=35496, episodic_return=[500.]
SPS: 630
SPS: 630
SPS: 630
global_step=35843, episodic_return=[347.]
SPS: 630
SPS: 630
SPS: 630
global_step=36343, episodic_return=[500.]
SPS: 630
SPS: 630
SPS: 630
SPS: 630
global_step=36843, episodic_return=[500.]
SPS: 630
SPS: 630
global_step=37057, episodic_return=[214.]
SPS: 630
global_step=37219, episodic_return=[162.]
SPS: 630
SPS: 630
SPS: 630
SPS: 630
global_step=37719, episodic_return=[500.]
SPS: 630
SPS: 630
SPS: 630
SPS: 630
global_step=38219, episodic_return=[500.]
SPS: 630
SPS: 630
SPS: 630
SPS: 630
global_step=38666, episodic_return=[447.]
SPS: 630
SPS: 630
SPS: 630
global_step=39100, episodic_return=[434.]
SPS: 630
global_step=39260, episodic_return=[160.]
SPS: 630
SPS: 630
SPS: 630
global_step=39585, episodic_return=[325.]
SPS: 630
SPS: 630
global_step=39889, episodic_return=[304.]
SPS: 630
SPS: 630
SPS: 630
global_step=40278, episodic_return=[389.]
SPS: 630
SPS: 630
global_step=40506, episodic_return=[228.]
SPS: 630
SPS: 630
global_step=40813, episodic_return=[307.]
SPS: 630
SPS: 630
global_step=41042, episodic_return=[229.]
SPS: 630
SPS: 630
SPS: 631
global_step=41346, episodic_return=[304.]
global_step=41433, episodic_return=[87.]
SPS: 631
SPS: 631
SPS: 631
global_step=41763, episodic_return=[330.]
SPS: 631
SPS: 631
global_step=42060, episodic_return=[297.]
SPS: 631
SPS: 631
global_step=42312, episodic_return=[252.]
SPS: 631
SPS: 631
SPS: 631
SPS: 631
global_step=42812, episodic_return=[500.]
SPS: 631
global_step=42918, episodic_return=[106.]
SPS: 631
global_step=43036, episodic_return=[118.]
SPS: 631
SPS: 631
global_step=43389, episodic_return=[353.]
SPS: 631
SPS: 631
SPS: 631
global_step=43672, episodic_return=[283.]
SPS: 631
global_step=43874, episodic_return=[202.]
SPS: 631
SPS: 631
SPS: 631
global_step=44210, episodic_return=[336.]
SPS: 631
SPS: 631
global_step=44427, episodic_return=[217.]
SPS: 631
SPS: 631
global_step=44737, episodic_return=[310.]
SPS: 631
SPS: 631
SPS: 631
global_step=45067, episodic_return=[330.]
SPS: 631
SPS: 631
SPS: 631
global_step=45454, episodic_return=[387.]
SPS: 631
SPS: 631
SPS: 631
SPS: 631
global_step=45954, episodic_return=[500.]
SPS: 631
SPS: 631
global_step=46280, episodic_return=[326.]
SPS: 631
SPS: 631
SPS: 631
SPS: 631
global_step=46780, episodic_return=[500.]
SPS: 631
SPS: 631
global_step=47047, episodic_return=[267.]
SPS: 631
SPS: 631
SPS: 631
global_step=47371, episodic_return=[324.]
SPS: 631
SPS: 631
global_step=47617, episodic_return=[246.]
SPS: 631
SPS: 631
global_step=47946, episodic_return=[329.]
SPS: 631
SPS: 631
SPS: 631
SPS: 631
global_step=48446, episodic_return=[500.]
SPS: 631
SPS: 631
SPS: 631
SPS: 631
global_step=48946, episodic_return=[500.]
SPS: 631
SPS: 631
global_step=49275, episodic_return=[329.]
SPS: 631
SPS: 631
global_step=49526, episodic_return=[251.]
SPS: 631
SPS: 631
SPS: 631
SPS: 631
global_step=49987, episodic_return=[461.]
SPS: 631
SPS: 631
SPS: 631
SPS: 631
global_step=50487, episodic_return=[500.]
SPS: 631
SPS: 631
SPS: 631
global_step=50826, episodic_return=[339.]
SPS: 631
SPS: 631
global_step=51139, episodic_return=[313.]
SPS: 631
SPS: 631
SPS: 631
SPS: 631
global_step=51639, episodic_return=[500.]
SPS: 631
SPS: 631
SPS: 631
SPS: 631
global_step=52139, episodic_return=[500.]
SPS: 631
SPS: 631
SPS: 631
global_step=52560, episodic_return=[421.]
SPS: 631
SPS: 631
SPS: 631
SPS: 631
global_step=53060, episodic_return=[500.]
SPS: 631
SPS: 631
SPS: 631
global_step=53500, episodic_return=[440.]
SPS: 631
SPS: 632
SPS: 632
SPS: 632
global_step=54000, episodic_return=[500.]
SPS: 632
SPS: 632
global_step=54157, episodic_return=[157.]
SPS: 632
SPS: 632
SPS: 632
global_step=54604, episodic_return=[447.]
SPS: 632
SPS: 632
SPS: 632
global_step=54972, episodic_return=[368.]
SPS: 632
SPS: 632
SPS: 632
SPS: 632
global_step=55472, episodic_return=[500.]
SPS: 632
global_step=55571, episodic_return=[99.]
SPS: 632
SPS: 632
SPS: 632
global_step=55948, episodic_return=[377.]
SPS: 632
SPS: 632
SPS: 632
global_step=56448, episodic_return=[500.]
SPS: 632
SPS: 632
SPS: 632
SPS: 632
global_step=56948, episodic_return=[500.]
SPS: 632
SPS: 632
SPS: 632
SPS: 632
global_step=57448, episodic_return=[500.]
SPS: 632
SPS: 632
SPS: 632
global_step=57847, episodic_return=[399.]
SPS: 632
SPS: 632
SPS: 632
SPS: 632
global_step=58347, episodic_return=[500.]
SPS: 632
SPS: 632
global_step=58616, episodic_return=[269.]
SPS: 632
SPS: 632
SPS: 632
SPS: 632
global_step=59116, episodic_return=[500.]
SPS: 632
SPS: 632
SPS: 632
SPS: 632
global_step=59616, episodic_return=[500.]
SPS: 632
SPS: 632
SPS: 632
global_step=59996, episodic_return=[380.]
SPS: 632
SPS: 632
SPS: 632
SPS: 632
global_step=60496, episodic_return=[500.]
SPS: 632
SPS: 632
SPS: 632
SPS: 632
global_step=60996, episodic_return=[500.]
SPS: 632
SPS: 632
global_step=61193, episodic_return=[197.]
global_step=61284, episodic_return=[91.]
SPS: 632
SPS: 632
SPS: 632
SPS: 632
global_step=61784, episodic_return=[500.]
SPS: 632
SPS: 632
SPS: 632
SPS: 632
global_step=62230, episodic_return=[446.]
SPS: 632
SPS: 632
SPS: 632
SPS: 632
global_step=62730, episodic_return=[500.]
SPS: 632
SPS: 632
SPS: 632
global_step=63230, episodic_return=[500.]
SPS: 632
SPS: 632
SPS: 632
SPS: 632
global_step=63730, episodic_return=[500.]
SPS: 632
SPS: 632
SPS: 632
SPS: 632
global_step=64230, episodic_return=[500.]
SPS: 632
SPS: 632
SPS: 632
SPS: 632
global_step=64673, episodic_return=[443.]
SPS: 632
SPS: 632
SPS: 632
SPS: 632
global_step=65173, episodic_return=[500.]
SPS: 632
SPS: 632
SPS: 632
global_step=65624, episodic_return=[451.]
SPS: 632
SPS: 632
global_step=65886, episodic_return=[262.]
SPS: 632
SPS: 632
SPS: 632
global_step=66261, episodic_return=[375.]
SPS: 632
SPS: 632
SPS: 632
global_step=66573, episodic_return=[312.]
SPS: 632
SPS: 632
SPS: 632
global_step=66946, episodic_return=[373.]
SPS: 632
SPS: 632
SPS: 632
global_step=67351, episodic_return=[405.]
SPS: 632
SPS: 632
SPS: 632
global_step=67758, episodic_return=[407.]
SPS: 632
SPS: 632
SPS: 632
global_step=68195, episodic_return=[437.]
SPS: 632
SPS: 632
SPS: 632
global_step=68511, episodic_return=[316.]
SPS: 632
SPS: 632
SPS: 632
SPS: 632
global_step=69011, episodic_return=[500.]
SPS: 632
SPS: 632
global_step=69343, episodic_return=[332.]
SPS: 632
SPS: 632
SPS: 632
global_step=69722, episodic_return=[379.]
SPS: 632
SPS: 632
SPS: 632
SPS: 632
global_step=70222, episodic_return=[500.]
SPS: 632
SPS: 632
SPS: 632
global_step=70640, episodic_return=[418.]
SPS: 632
SPS: 632
SPS: 632
global_step=70955, episodic_return=[315.]
SPS: 632
SPS: 632
SPS: 632
global_step=71326, episodic_return=[371.]
SPS: 632
SPS: 632
SPS: 632
SPS: 632
global_step=71826, episodic_return=[500.]
SPS: 632
SPS: 632
SPS: 632
SPS: 632
global_step=72326, episodic_return=[500.]
SPS: 632
SPS: 632
SPS: 632
global_step=72709, episodic_return=[383.]
SPS: 632
SPS: 632
SPS: 632
global_step=73209, episodic_return=[500.]
SPS: 632
SPS: 632
SPS: 632
SPS: 632
global_step=73709, episodic_return=[500.]
SPS: 632
SPS: 632
SPS: 632
SPS: 632
global_step=74209, episodic_return=[500.]
SPS: 632
SPS: 632
SPS: 632
SPS: 632
global_step=74709, episodic_return=[500.]
SPS: 632
SPS: 632
SPS: 632
SPS: 632
global_step=75209, episodic_return=[500.]
SPS: 632
SPS: 632
SPS: 632
SPS: 633
global_step=75709, episodic_return=[500.]
SPS: 633
SPS: 633
SPS: 633
SPS: 633
global_step=76209, episodic_return=[500.]
SPS: 633
SPS: 633
SPS: 633
SPS: 633
global_step=76709, episodic_return=[500.]
SPS: 633
SPS: 633
SPS: 633
SPS: 633
global_step=77209, episodic_return=[500.]
SPS: 633
SPS: 633
SPS: 633
SPS: 633
global_step=77709, episodic_return=[500.]
SPS: 633
SPS: 633
SPS: 633
SPS: 633
global_step=78209, episodic_return=[500.]
SPS: 633
SPS: 633
SPS: 633
global_step=78709, episodic_return=[500.]
SPS: 633
SPS: 633
SPS: 633
SPS: 633
global_step=79209, episodic_return=[500.]
SPS: 633
SPS: 633
SPS: 633
SPS: 633
global_step=79709, episodic_return=[500.]
SPS: 633
SPS: 633
SPS: 633
SPS: 633
global_step=80209, episodic_return=[500.]
SPS: 633
SPS: 633
SPS: 633
SPS: 633
global_step=80709, episodic_return=[500.]
SPS: 633
SPS: 633
SPS: 633
SPS: 633
global_step=81209, episodic_return=[500.]
SPS: 633
SPS: 633
SPS: 633
SPS: 633
global_step=81709, episodic_return=[500.]
SPS: 633
SPS: 633
global_step=82015, episodic_return=[306.]
SPS: 633
SPS: 633
SPS: 633
global_step=82418, episodic_return=[403.]
SPS: 633
SPS: 633
global_step=82648, episodic_return=[230.]
SPS: 633
SPS: 633
SPS: 633
SPS: 633
global_step=83148, episodic_return=[500.]
SPS: 633
SPS: 633
SPS: 633
SPS: 633
global_step=83648, episodic_return=[500.]
SPS: 633
SPS: 633
SPS: 633
SPS: 633
global_step=84148, episodic_return=[500.]
SPS: 633
SPS: 633
SPS: 633
SPS: 633
global_step=84648, episodic_return=[500.]
SPS: 633
SPS: 633
SPS: 633
SPS: 633
global_step=85148, episodic_return=[500.]
SPS: 633
SPS: 633
SPS: 633
SPS: 633
global_step=85648, episodic_return=[500.]
SPS: 633
SPS: 633
SPS: 633
SPS: 633
global_step=86148, episodic_return=[500.]
SPS: 633
SPS: 633
SPS: 633
global_step=86648, episodic_return=[500.]
SPS: 633
SPS: 633
SPS: 633
SPS: 633
global_step=87148, episodic_return=[500.]
SPS: 633
SPS: 633
SPS: 633
SPS: 633
global_step=87648, episodic_return=[500.]
SPS: 633
SPS: 633
SPS: 633
SPS: 633
global_step=88148, episodic_return=[500.]
SPS: 633
SPS: 633
SPS: 633
SPS: 633
global_step=88648, episodic_return=[500.]
SPS: 633
SPS: 633
SPS: 633
SPS: 633
global_step=89148, episodic_return=[500.]
SPS: 633
SPS: 633
SPS: 633
SPS: 633
global_step=89648, episodic_return=[500.]
SPS: 633
SPS: 633
global_step=89864, episodic_return=[216.]
SPS: 633
SPS: 633
SPS: 633
global_step=90364, episodic_return=[500.]
SPS: 633
SPS: 633
SPS: 633
SPS: 633
global_step=90864, episodic_return=[500.]
SPS: 633
SPS: 633
SPS: 633
SPS: 633
global_step=91364, episodic_return=[500.]
SPS: 633
SPS: 633
SPS: 633
SPS: 633
global_step=91864, episodic_return=[500.]
SPS: 633
SPS: 633
SPS: 633
SPS: 633
global_step=92364, episodic_return=[500.]
SPS: 633
SPS: 633
SPS: 633
SPS: 633
global_step=92864, episodic_return=[500.]
SPS: 633
SPS: 633
SPS: 633
SPS: 633
global_step=93364, episodic_return=[500.]
SPS: 633
SPS: 633
SPS: 633
SPS: 633
global_step=93864, episodic_return=[500.]
SPS: 633
SPS: 633
SPS: 633
global_step=94234, episodic_return=[370.]
SPS: 633
SPS: 633
SPS: 633
SPS: 633
global_step=94734, episodic_return=[500.]
SPS: 633
SPS: 633
SPS: 633
SPS: 633
global_step=95234, episodic_return=[500.]
SPS: 633
global_step=95477, episodic_return=[243.]
SPS: 633
SPS: 633
SPS: 633
global_step=95859, episodic_return=[382.]
SPS: 633
SPS: 633
SPS: 633
SPS: 633
global_step=96359, episodic_return=[500.]
SPS: 633
SPS: 633
SPS: 633
SPS: 633
global_step=96859, episodic_return=[500.]
SPS: 633
SPS: 633
SPS: 633
global_step=97227, episodic_return=[368.]
SPS: 633
SPS: 633
SPS: 633
SPS: 633
global_step=97727, episodic_return=[500.]
SPS: 633
SPS: 633
SPS: 633
SPS: 633
global_step=98227, episodic_return=[500.]
SPS: 633
SPS: 633
SPS: 633
SPS: 633
global_step=98727, episodic_return=[500.]
SPS: 633
SPS: 633
SPS: 633
SPS: 633
global_step=99227, episodic_return=[500.]
SPS: 633
SPS: 633
SPS: 633
SPS: 633
global_step=99727, episodic_return=[500.]
SPS: 633
SPS: 633
Using hyperparameter file ./hps/CleanRL_ppo_defaultdiscrete.yml
[Errno 2] No such file or directory: './CleanRL/results/ppo_CartPole-v1_100000/defaultdiscrete'
Using initial folder
[/bin/bash] ## Script finished
[/bin/bash] #### Finished Python test. Have a nice day
