[/bin/bash] 379531############################################
[/bin/bash] ## Starting Python Python 3.8.3
[/bin/bash] ## Training using algorithm ppo from framework CleanRL
[/bin/bash] ## On environment CartPole-v1 with 100000 timesteps
[/bin/bash] ## This is repetition 2/3
[/bin/bash] ## This is s2989344 on node802 and this job has the ID 3909615
[/bin/bash] ##############################################
[/bin/bash] ## current working directory: /home/s2989344/Documents/MSc/CleanRL
[/bin/bash] ## current python version: Python 3.8.3
[/bin/bash] ## python from path: /home/s2989344/.conda/envs/CleanRL/bin/python
[/bin/bash] ## list of packages: # packages in environment at /home/s2989344/.conda/envs/CleanRL: # # Name Version Build Channel _libgcc_mutex 0.1 main _openmp_mutex 5.1 1_gnu absl-py 1.4.0 pypi_0 pypi ale-py 0.8.1 pypi_0 pypi appdirs 1.4.4 pypi_0 pypi autorom 0.4.2 pypi_0 pypi autorom-accept-rom-license 0.6.1 pypi_0 pypi ca-certificates 2025.2.25 h06a4308_0 cachetools 5.3.0 pypi_0 pypi certifi 2023.5.7 pypi_0 pypi charset-normalizer 3.1.0 pypi_0 pypi click 8.1.3 pypi_0 pypi cloudpickle 2.2.1 pypi_0 pypi colorama 0.4.4 pypi_0 pypi commonmark 0.9.1 pypi_0 pypi cycler 0.11.0 pypi_0 pypi decorator 4.4.2 pypi_0 pypi docker-pycreds 0.4.0 pypi_0 pypi docstring-parser 0.15 pypi_0 pypi farama-notifications 0.0.4 pypi_0 pypi filelock 3.12.0 pypi_0 pypi fonttools 4.38.0 pypi_0 pypi gitdb 4.0.10 pypi_0 pypi gitpython 3.1.31 pypi_0 pypi glfw 1.12.0 pypi_0 pypi google-auth 2.18.0 pypi_0 pypi google-auth-oauthlib 0.4.6 pypi_0 pypi grpcio 1.54.0 pypi_0 pypi gym 0.23.1 pypi_0 pypi gym-notices 0.0.8 pypi_0 pypi gymnasium 0.28.1 pypi_0 pypi huggingface-hub 0.11.1 pypi_0 pypi idna 3.4 pypi_0 pypi imageio 2.28.1 pypi_0 pypi imageio-ffmpeg 0.3.0 pypi_0 pypi importlib-metadata 5.2.0 pypi_0 pypi importlib-resources 5.12.0 pypi_0 pypi jax-jumpy 1.0.0 pypi_0 pypi kiwisolver 1.4.4 pypi_0 pypi ld_impl_linux-64 2.40 h12ee557_0 libffi 3.3 he6710b0_2 libgcc-ng 11.2.0 h1234567_1 libgomp 11.2.0 h1234567_1 libstdcxx-ng 11.2.0 h1234567_1 markdown 3.3.7 pypi_0 pypi markupsafe 2.1.2 pypi_0 pypi matplotlib 3.5.3 pypi_0 pypi moviepy 1.0.3 pypi_0 pypi mujoco 2.3.3 pypi_0 pypi ncurses 6.4 h6a678d5_0 numpy 1.24.4 pypi_0 pypi oauthlib 3.2.2 pypi_0 pypi opencv-python 4.7.0.72 pypi_0 pypi openssl 1.1.1w h7f8727e_0 packaging 23.1 pypi_0 pypi pandas 1.3.5 pypi_0 pypi pathtools 0.1.2 pypi_0 pypi pillow 9.5.0 pypi_0 pypi pip 24.2 py38h06a4308_0 proglog 0.1.10 pypi_0 pypi protobuf 3.20.3 pypi_0 pypi psutil 5.9.5 pypi_0 pypi pyasn1 0.5.0 pypi_0 pypi pyasn1-modules 0.3.0 pypi_0 pypi pygame 2.1.0 pypi_0 pypi pygments 2.15.1 pypi_0 pypi pyopengl 3.1.6 pypi_0 pypi pyparsing 3.0.9 pypi_0 pypi python 3.8.3 hcff3b4d_2 python-dateutil 2.8.2 pypi_0 pypi pytz 2023.3 pypi_0 pypi pyyaml 6.0.1 pypi_0 pypi readline 8.2 h5eee18b_0 requests 2.30.0 pypi_0 pypi requests-oauthlib 1.3.1 pypi_0 pypi rich 11.2.0 pypi_0 pypi rsa 4.7.2 pypi_0 pypi sentry-sdk 1.22.2 pypi_0 pypi setproctitle 1.3.2 pypi_0 pypi setuptools 67.7.2 pypi_0 pypi shimmy 1.1.0 pypi_0 pypi shtab 1.6.4 pypi_0 pypi six 1.16.0 pypi_0 pypi smmap 5.0.0 pypi_0 pypi sqlite 3.45.3 h5eee18b_0 stable-baselines3 2.0.0 pypi_0 pypi tenacity 8.2.3 pypi_0 pypi tensorboard 2.11.2 pypi_0 pypi tensorboard-data-server 0.6.1 pypi_0 pypi tensorboard-plugin-wit 1.8.1 pypi_0 pypi tk 8.6.14 h39e8969_0 torch 1.12.1 pypi_0 pypi tqdm 4.65.0 pypi_0 pypi typing-extensions 4.5.0 pypi_0 pypi tyro 0.5.10 pypi_0 pypi urllib3 1.26.15 pypi_0 pypi wandb 0.13.11 pypi_0 pypi werkzeug 2.2.3 pypi_0 pypi wheel 0.40.0 pypi_0 pypi xz 5.6.4 h5eee18b_1 zipp 3.15.0 pypi_0 pypi zlib 1.2.13 h5eee18b_1
[/bin/bash] ##############################################
[/bin/bash] ## Start run script
/home/s2989344/.conda/envs/CleanRL/lib/python3.8/site-packages/torch/utils/tensorboard/__init__.py:4: DeprecationWarning: distutils Version classes are deprecated. Use packaging.version instead.
  if not hasattr(tensorboard, "__version__") or LooseVersion(
global_step=48, episodic_return=[48.]
global_step=62, episodic_return=[14.]
global_step=77, episodic_return=[15.]
global_step=94, episodic_return=[17.]
global_step=105, episodic_return=[11.]
SPS: 1220
global_step=132, episodic_return=[27.]
global_step=154, episodic_return=[22.]
global_step=178, episodic_return=[24.]
global_step=195, episodic_return=[17.]
global_step=206, episodic_return=[11.]
global_step=218, episodic_return=[12.]
global_step=250, episodic_return=[32.]
SPS: 1118
global_step=272, episodic_return=[22.]
global_step=293, episodic_return=[21.]
global_step=311, episodic_return=[18.]
global_step=325, episodic_return=[14.]
global_step=347, episodic_return=[22.]
global_step=369, episodic_return=[22.]
SPS: 1121
global_step=388, episodic_return=[19.]
global_step=428, episodic_return=[40.]
global_step=452, episodic_return=[24.]
global_step=470, episodic_return=[18.]
global_step=482, episodic_return=[12.]
global_step=505, episodic_return=[23.]
SPS: 1137
global_step=518, episodic_return=[13.]
global_step=542, episodic_return=[24.]
global_step=569, episodic_return=[27.]
global_step=587, episodic_return=[18.]
global_step=603, episodic_return=[16.]
global_step=615, episodic_return=[12.]
global_step=638, episodic_return=[23.]
SPS: 1132
global_step=654, episodic_return=[16.]
global_step=674, episodic_return=[20.]
global_step=702, episodic_return=[28.]
global_step=724, episodic_return=[22.]
SPS: 1132
global_step=802, episodic_return=[78.]
global_step=820, episodic_return=[18.]
global_step=846, episodic_return=[26.]
global_step=878, episodic_return=[32.]
global_step=891, episodic_return=[13.]
SPS: 1140
global_step=909, episodic_return=[18.]
global_step=938, episodic_return=[29.]
global_step=953, episodic_return=[15.]
global_step=978, episodic_return=[25.]
global_step=1008, episodic_return=[30.]
global_step=1022, episodic_return=[14.]
SPS: 1147
global_step=1051, episodic_return=[29.]
global_step=1092, episodic_return=[41.]
global_step=1116, episodic_return=[24.]
global_step=1146, episodic_return=[30.]
SPS: 1156
global_step=1157, episodic_return=[11.]
global_step=1191, episodic_return=[34.]
global_step=1231, episodic_return=[40.]
global_step=1247, episodic_return=[16.]
SPS: 1164
global_step=1288, episodic_return=[41.]
global_step=1348, episodic_return=[60.]
global_step=1400, episodic_return=[52.]
SPS: 1165
global_step=1461, episodic_return=[61.]
global_step=1479, episodic_return=[18.]
global_step=1505, episodic_return=[26.]
global_step=1519, episodic_return=[14.]
SPS: 1162
global_step=1547, episodic_return=[28.]
global_step=1604, episodic_return=[57.]
global_step=1658, episodic_return=[54.]
SPS: 1157
global_step=1681, episodic_return=[23.]
global_step=1706, episodic_return=[25.]
global_step=1732, episodic_return=[26.]
global_step=1759, episodic_return=[27.]
SPS: 1157
global_step=1830, episodic_return=[71.]
global_step=1871, episodic_return=[41.]
global_step=1896, episodic_return=[25.]
SPS: 1150
global_step=1983, episodic_return=[87.]
global_step=2040, episodic_return=[57.]
SPS: 1146
global_step=2089, episodic_return=[49.]
global_step=2111, episodic_return=[22.]
global_step=2132, episodic_return=[21.]
global_step=2149, episodic_return=[17.]
SPS: 1151
global_step=2199, episodic_return=[50.]
global_step=2226, episodic_return=[27.]
global_step=2252, episodic_return=[26.]
global_step=2279, episodic_return=[27.]
global_step=2294, episodic_return=[15.]
SPS: 1154
global_step=2319, episodic_return=[25.]
global_step=2375, episodic_return=[56.]
SPS: 1160
global_step=2440, episodic_return=[65.]
global_step=2464, episodic_return=[24.]
global_step=2499, episodic_return=[35.]
global_step=2535, episodic_return=[36.]
SPS: 1164
global_step=2584, episodic_return=[49.]
global_step=2672, episodic_return=[88.]
SPS: 1168
global_step=2803, episodic_return=[131.]
SPS: 1172
global_step=2849, episodic_return=[46.]
global_step=2893, episodic_return=[44.]
global_step=2927, episodic_return=[34.]
SPS: 1176
global_step=2947, episodic_return=[20.]
global_step=2999, episodic_return=[52.]
global_step=3059, episodic_return=[60.]
SPS: 1178
global_step=3075, episodic_return=[16.]
global_step=3144, episodic_return=[69.]
SPS: 1176
global_step=3211, episodic_return=[67.]
SPS: 1176
global_step=3335, episodic_return=[124.]
global_step=3395, episodic_return=[60.]
global_step=3429, episodic_return=[34.]
global_step=3452, episodic_return=[23.]
SPS: 1175
global_step=3503, episodic_return=[51.]
global_step=3532, episodic_return=[29.]
global_step=3555, episodic_return=[23.]
SPS: 1172
global_step=3602, episodic_return=[47.]
global_step=3633, episodic_return=[31.]
SPS: 1168
global_step=3780, episodic_return=[147.]
global_step=3817, episodic_return=[37.]
SPS: 1170
global_step=3904, episodic_return=[87.]
SPS: 1173
global_step=4080, episodic_return=[176.]
SPS: 1176
global_step=4152, episodic_return=[72.]
SPS: 1179
SPS: 1182
global_step=4405, episodic_return=[253.]
SPS: 1182
global_step=4492, episodic_return=[87.]
global_step=4562, episodic_return=[70.]
SPS: 1179
global_step=4731, episodic_return=[169.]
SPS: 1180
global_step=4826, episodic_return=[95.]
SPS: 1179
SPS: 1177
global_step=5059, episodic_return=[233.]
SPS: 1178
global_step=5233, episodic_return=[174.]
SPS: 1180
global_step=5351, episodic_return=[118.]
SPS: 1181
global_step=5446, episodic_return=[95.]
SPS: 1183
global_step=5564, episodic_return=[118.]
SPS: 1185
global_step=5684, episodic_return=[120.]
SPS: 1166
global_step=5821, episodic_return=[137.]
SPS: 1167
global_step=5997, episodic_return=[176.]
SPS: 1168
SPS: 1168
global_step=6233, episodic_return=[236.]
SPS: 1169
SPS: 1171
global_step=6424, episodic_return=[191.]
SPS: 1173
global_step=6547, episodic_return=[123.]
SPS: 1175
global_step=6697, episodic_return=[150.]
SPS: 1177
global_step=6908, episodic_return=[211.]
SPS: 1176
global_step=7004, episodic_return=[96.]
SPS: 1175
global_step=7121, episodic_return=[117.]
SPS: 1175
global_step=7251, episodic_return=[130.]
SPS: 1175
global_step=7367, episodic_return=[116.]
SPS: 1173
global_step=7496, episodic_return=[129.]
SPS: 1174
global_step=7600, episodic_return=[104.]
SPS: 1175
SPS: 1176
SPS: 1178
global_step=8054, episodic_return=[454.]
SPS: 1179
SPS: 1180
global_step=8214, episodic_return=[160.]
SPS: 1180
global_step=8377, episodic_return=[163.]
SPS: 1181
global_step=8483, episodic_return=[106.]
SPS: 1180
global_step=8622, episodic_return=[139.]
SPS: 1179
global_step=8728, episodic_return=[106.]
SPS: 1179
global_step=8908, episodic_return=[180.]
SPS: 1180
global_step=9013, episodic_return=[105.]
SPS: 1181
global_step=9139, episodic_return=[126.]
SPS: 1182
SPS: 1184
global_step=9405, episodic_return=[266.]
SPS: 1183
global_step=9524, episodic_return=[119.]
SPS: 1182
SPS: 1182
global_step=9778, episodic_return=[254.]
SPS: 1182
global_step=9927, episodic_return=[149.]
SPS: 1182
SPS: 1183
global_step=10128, episodic_return=[201.]
global_step=10171, episodic_return=[43.]
SPS: 1184
SPS: 1185
SPS: 1186
global_step=10609, episodic_return=[438.]
SPS: 1187
global_step=10695, episodic_return=[86.]
SPS: 1186
global_step=10822, episodic_return=[127.]
SPS: 1185
global_step=10890, episodic_return=[68.]
SPS: 1186
global_step=11043, episodic_return=[153.]
global_step=11101, episodic_return=[58.]
SPS: 1185
SPS: 1184
global_step=11330, episodic_return=[229.]
SPS: 1184
global_step=11457, episodic_return=[127.]
SPS: 1185
SPS: 1186
global_step=11685, episodic_return=[228.]
global_step=11738, episodic_return=[53.]
SPS: 1187
global_step=11865, episodic_return=[127.]
SPS: 1179
SPS: 1180
global_step=12045, episodic_return=[180.]
global_step=12132, episodic_return=[87.]
SPS: 1180
global_step=12283, episodic_return=[151.]
SPS: 1180
global_step=12414, episodic_return=[131.]
SPS: 1180
global_step=12520, episodic_return=[106.]
SPS: 1180
global_step=12656, episodic_return=[136.]
SPS: 1180
global_step=12798, episodic_return=[142.]
SPS: 1181
SPS: 1182
global_step=12963, episodic_return=[165.]
SPS: 1183
global_step=13118, episodic_return=[155.]
SPS: 1183
global_step=13217, episodic_return=[99.]
SPS: 1182
global_step=13323, episodic_return=[106.]
SPS: 1182
global_step=13486, episodic_return=[163.]
SPS: 1182
global_step=13591, episodic_return=[105.]
SPS: 1181
global_step=13701, episodic_return=[110.]
SPS: 1182
global_step=13891, episodic_return=[190.]
SPS: 1182
global_step=13962, episodic_return=[71.]
SPS: 1183
global_step=14132, episodic_return=[170.]
SPS: 1184
global_step=14314, episodic_return=[182.]
SPS: 1184
SPS: 1185
global_step=14557, episodic_return=[243.]
SPS: 1184
global_step=14702, episodic_return=[145.]
SPS: 1184
global_step=14826, episodic_return=[124.]
SPS: 1184
SPS: 1183
global_step=15047, episodic_return=[221.]
SPS: 1183
global_step=15152, episodic_return=[105.]
global_step=15184, episodic_return=[32.]
SPS: 1184
global_step=15306, episodic_return=[122.]
SPS: 1184
global_step=15451, episodic_return=[145.]
SPS: 1185
global_step=15551, episodic_return=[100.]
SPS: 1186
global_step=15720, episodic_return=[169.]
SPS: 1186
global_step=15861, episodic_return=[141.]
SPS: 1187
SPS: 1188
global_step=16062, episodic_return=[201.]
SPS: 1188
global_step=16251, episodic_return=[189.]
SPS: 1189
SPS: 1190
SPS: 1191
global_step=16551, episodic_return=[300.]
SPS: 1191
global_step=16667, episodic_return=[116.]
global_step=16715, episodic_return=[48.]
SPS: 1192
global_step=16805, episodic_return=[90.]
global_step=16855, episodic_return=[50.]
SPS: 1192
global_step=17022, episodic_return=[167.]
SPS: 1193
SPS: 1194
global_step=17266, episodic_return=[244.]
SPS: 1194
SPS: 1195
global_step=17416, episodic_return=[150.]
SPS: 1195
global_step=17538, episodic_return=[122.]
global_step=17645, episodic_return=[107.]
SPS: 1196
SPS: 1196
global_step=17799, episodic_return=[154.]
global_step=17877, episodic_return=[78.]
SPS: 1197
global_step=17946, episodic_return=[69.]
SPS: 1196
global_step=18060, episodic_return=[114.]
SPS: 1196
global_step=18229, episodic_return=[169.]
global_step=18300, episodic_return=[71.]
SPS: 1196
SPS: 1196
SPS: 1196
global_step=18639, episodic_return=[339.]
SPS: 1196
global_step=18786, episodic_return=[147.]
SPS: 1196
global_step=18867, episodic_return=[81.]
SPS: 1197
global_step=19034, episodic_return=[167.]
SPS: 1197
SPS: 1198
global_step=19248, episodic_return=[214.]
SPS: 1198
global_step=19374, episodic_return=[126.]
global_step=19430, episodic_return=[56.]
SPS: 1198
global_step=19489, episodic_return=[59.]
global_step=19584, episodic_return=[95.]
SPS: 1198
SPS: 1198
global_step=19791, episodic_return=[207.]
SPS: 1197
global_step=19891, episodic_return=[100.]
SPS: 1197
global_step=20086, episodic_return=[195.]
SPS: 1197
SPS: 1198
global_step=20228, episodic_return=[142.]
global_step=20323, episodic_return=[95.]
SPS: 1198
global_step=20375, episodic_return=[52.]
SPS: 1199
global_step=20520, episodic_return=[145.]
SPS: 1199
SPS: 1198
global_step=20775, episodic_return=[255.]
SPS: 1198
global_step=20975, episodic_return=[200.]
SPS: 1198
SPS: 1198
global_step=21134, episodic_return=[159.]
SPS: 1198
global_step=21343, episodic_return=[209.]
SPS: 1199
global_step=21479, episodic_return=[136.]
SPS: 1199
global_step=21606, episodic_return=[127.]
SPS: 1200
global_step=21721, episodic_return=[115.]
SPS: 1200
SPS: 1200
global_step=21963, episodic_return=[242.]
SPS: 1200
global_step=22133, episodic_return=[170.]
SPS: 1200
global_step=22253, episodic_return=[120.]
SPS: 1200
SPS: 1199
global_step=22442, episodic_return=[189.]
SPS: 1199
SPS: 1199
SPS: 1199
SPS: 1200
global_step=22940, episodic_return=[498.]
SPS: 1200
global_step=23105, episodic_return=[165.]
SPS: 1201
SPS: 1200
global_step=23362, episodic_return=[257.]
SPS: 1200
SPS: 1200
global_step=23611, episodic_return=[249.]
SPS: 1199
SPS: 1199
global_step=23911, episodic_return=[300.]
SPS: 1199
SPS: 1200
SPS: 1200
global_step=24225, episodic_return=[314.]
SPS: 1200
SPS: 1201
global_step=24497, episodic_return=[272.]
SPS: 1200
SPS: 1200
global_step=24727, episodic_return=[230.]
SPS: 1201
global_step=24896, episodic_return=[169.]
SPS: 1201
SPS: 1200
SPS: 1201
global_step=25221, episodic_return=[325.]
SPS: 1201
global_step=25371, episodic_return=[150.]
SPS: 1201
global_step=25577, episodic_return=[206.]
SPS: 1202
SPS: 1202
global_step=25781, episodic_return=[204.]
SPS: 1201
SPS: 1201
SPS: 1201
global_step=26237, episodic_return=[456.]
SPS: 1201
SPS: 1201
global_step=26466, episodic_return=[229.]
SPS: 1201
global_step=26584, episodic_return=[118.]
SPS: 1201
global_step=26626, episodic_return=[42.]
SPS: 1202
SPS: 1202
SPS: 1202
global_step=27027, episodic_return=[401.]
SPS: 1202
global_step=27229, episodic_return=[202.]
SPS: 1202
global_step=27339, episodic_return=[110.]
SPS: 1202
SPS: 1202
global_step=27630, episodic_return=[291.]
SPS: 1201
global_step=27727, episodic_return=[97.]
SPS: 1202
SPS: 1202
global_step=27955, episodic_return=[228.]
SPS: 1202
global_step=28087, episodic_return=[132.]
SPS: 1203
SPS: 1203
SPS: 1202
SPS: 1202
global_step=28587, episodic_return=[500.]
SPS: 1203
SPS: 1203
global_step=28817, episodic_return=[230.]
global_step=28905, episodic_return=[88.]
SPS: 1202
SPS: 1203
SPS: 1203
SPS: 1203
global_step=29405, episodic_return=[500.]
SPS: 1204
SPS: 1204
global_step=29637, episodic_return=[232.]
SPS: 1204
global_step=29725, episodic_return=[88.]
SPS: 1203
global_step=29944, episodic_return=[219.]
SPS: 1203
global_step=30009, episodic_return=[65.]
SPS: 1203
SPS: 1203
SPS: 1203
global_step=30411, episodic_return=[402.]
SPS: 1203
SPS: 1204
global_step=30666, episodic_return=[255.]
SPS: 1204
global_step=30804, episodic_return=[138.]
SPS: 1204
SPS: 1204
SPS: 1205
SPS: 1205
global_step=31234, episodic_return=[430.]
SPS: 1205
SPS: 1205
global_step=31556, episodic_return=[322.]
SPS: 1205
SPS: 1205
global_step=31760, episodic_return=[204.]
SPS: 1205
global_step=31931, episodic_return=[171.]
SPS: 1204
SPS: 1204
global_step=32195, episodic_return=[264.]
SPS: 1205
SPS: 1205
SPS: 1205
global_step=32525, episodic_return=[330.]
SPS: 1206
global_step=32745, episodic_return=[220.]
SPS: 1205
SPS: 1205
SPS: 1205
global_step=33048, episodic_return=[303.]
SPS: 1205
global_step=33276, episodic_return=[228.]
SPS: 1205
SPS: 1205
global_step=33520, episodic_return=[244.]
SPS: 1205
SPS: 1205
SPS: 1206
global_step=33862, episodic_return=[342.]
SPS: 1206
SPS: 1206
SPS: 1206
SPS: 1206
global_step=34362, episodic_return=[500.]
SPS: 1206
SPS: 1206
SPS: 1206
global_step=34781, episodic_return=[419.]
SPS: 1206
SPS: 1206
SPS: 1206
SPS: 1207
global_step=35281, episodic_return=[500.]
SPS: 1207
SPS: 1206
SPS: 1206
SPS: 1206
global_step=35781, episodic_return=[500.]
SPS: 1206
SPS: 1206
global_step=36027, episodic_return=[246.]
SPS: 1206
global_step=36171, episodic_return=[144.]
SPS: 1207
SPS: 1207
SPS: 1207
SPS: 1207
global_step=36634, episodic_return=[463.]
SPS: 1207
SPS: 1207
SPS: 1207
SPS: 1207
global_step=37134, episodic_return=[500.]
SPS: 1206
SPS: 1207
SPS: 1207
global_step=37531, episodic_return=[397.]
SPS: 1207
SPS: 1207
SPS: 1207
SPS: 1207
global_step=38031, episodic_return=[500.]
SPS: 1207
global_step=38191, episodic_return=[160.]
SPS: 1207
SPS: 1207
SPS: 1207
global_step=38577, episodic_return=[386.]
SPS: 1207
SPS: 1207
SPS: 1207
SPS: 1207
global_step=39077, episodic_return=[500.]
SPS: 1208
SPS: 1208
global_step=39329, episodic_return=[252.]
SPS: 1208
SPS: 1208
SPS: 1207
global_step=39699, episodic_return=[370.]
SPS: 1207
SPS: 1207
SPS: 1207
global_step=40131, episodic_return=[432.]
SPS: 1207
SPS: 1208
SPS: 1208
SPS: 1207
global_step=40631, episodic_return=[500.]
SPS: 1207
SPS: 1207
global_step=40860, episodic_return=[229.]
SPS: 1207
SPS: 1207
global_step=41214, episodic_return=[354.]
SPS: 1207
SPS: 1208
SPS: 1208
SPS: 1208
global_step=41714, episodic_return=[500.]
SPS: 1208
SPS: 1208
global_step=41893, episodic_return=[179.]
SPS: 1209
SPS: 1209
SPS: 1209
global_step=42283, episodic_return=[390.]
SPS: 1209
SPS: 1209
global_step=42533, episodic_return=[250.]
SPS: 1209
SPS: 1209
global_step=42839, episodic_return=[306.]
SPS: 1208
SPS: 1209
SPS: 1209
global_step=43168, episodic_return=[329.]
SPS: 1209
SPS: 1209
SPS: 1209
global_step=43555, episodic_return=[387.]
global_step=43613, episodic_return=[58.]
SPS: 1209
global_step=43761, episodic_return=[148.]
SPS: 1208
SPS: 1208
SPS: 1208
SPS: 1208
global_step=44261, episodic_return=[500.]
SPS: 1208
SPS: 1209
global_step=44482, episodic_return=[221.]
SPS: 1209
global_step=44671, episodic_return=[189.]
SPS: 1209
SPS: 1209
SPS: 1209
global_step=45013, episodic_return=[342.]
SPS: 1208
SPS: 1208
SPS: 1208
SPS: 1208
global_step=45471, episodic_return=[458.]
SPS: 1208
global_step=45683, episodic_return=[212.]
SPS: 1208
global_step=45793, episodic_return=[110.]
SPS: 1208
SPS: 1209
SPS: 1209
global_step=46167, episodic_return=[374.]
SPS: 1209
global_step=46309, episodic_return=[142.]
SPS: 1208
SPS: 1209
SPS: 1208
SPS: 1208
global_step=46738, episodic_return=[429.]
SPS: 1208
SPS: 1208
SPS: 1209
global_step=47173, episodic_return=[435.]
SPS: 1209
global_step=47318, episodic_return=[145.]
SPS: 1209
SPS: 1209
SPS: 1209
SPS: 1210
global_step=47818, episodic_return=[500.]
SPS: 1210
global_step=47949, episodic_return=[131.]
SPS: 1210
global_step=48083, episodic_return=[134.]
SPS: 1210
SPS: 1210
global_step=48355, episodic_return=[272.]
SPS: 1209
SPS: 1209
global_step=48542, episodic_return=[187.]
SPS: 1210
global_step=48661, episodic_return=[119.]
SPS: 1210
global_step=48775, episodic_return=[114.]
SPS: 1210
SPS: 1210
global_step=49033, episodic_return=[258.]
SPS: 1210
global_step=49192, episodic_return=[159.]
SPS: 1210
SPS: 1210
SPS: 1210
global_step=49542, episodic_return=[350.]
SPS: 1210
global_step=49750, episodic_return=[208.]
SPS: 1208
global_step=49897, episodic_return=[147.]
SPS: 1208
SPS: 1209
global_step=50070, episodic_return=[173.]
SPS: 1209
global_step=50221, episodic_return=[151.]
SPS: 1209
SPS: 1208
global_step=50470, episodic_return=[249.]
SPS: 1208
global_step=50576, episodic_return=[106.]
SPS: 1208
global_step=50721, episodic_return=[145.]
SPS: 1208
SPS: 1208
SPS: 1208
SPS: 1208
global_step=51221, episodic_return=[500.]
SPS: 1208
SPS: 1208
SPS: 1209
global_step=51589, episodic_return=[368.]
SPS: 1209
SPS: 1208
global_step=51941, episodic_return=[352.]
SPS: 1208
SPS: 1208
SPS: 1208
global_step=52346, episodic_return=[405.]
SPS: 1208
SPS: 1208
global_step=52511, episodic_return=[165.]
SPS: 1208
global_step=52646, episodic_return=[135.]
SPS: 1209
global_step=52812, episodic_return=[166.]
SPS: 1209
SPS: 1209
SPS: 1209
global_step=53152, episodic_return=[340.]
SPS: 1209
SPS: 1209
SPS: 1209
SPS: 1209
global_step=53652, episodic_return=[500.]
SPS: 1209
global_step=53873, episodic_return=[221.]
SPS: 1209
SPS: 1208
global_step=54098, episodic_return=[225.]
SPS: 1208
SPS: 1209
global_step=54289, episodic_return=[191.]
SPS: 1209
global_step=54434, episodic_return=[145.]
SPS: 1209
global_step=54560, episodic_return=[126.]
SPS: 1209
global_step=54713, episodic_return=[153.]
SPS: 1209
SPS: 1209
global_step=55018, episodic_return=[305.]
SPS: 1209
SPS: 1209
global_step=55171, episodic_return=[153.]
SPS: 1208
global_step=55319, episodic_return=[148.]
SPS: 1208
global_step=55472, episodic_return=[153.]
SPS: 1209
global_step=55616, episodic_return=[144.]
SPS: 1209
SPS: 1209
global_step=55927, episodic_return=[311.]
SPS: 1209
global_step=56038, episodic_return=[111.]
SPS: 1208
global_step=56155, episodic_return=[117.]
SPS: 1208
global_step=56284, episodic_return=[129.]
SPS: 1208
SPS: 1208
SPS: 1208
SPS: 1208
global_step=56784, episodic_return=[500.]
SPS: 1208
global_step=56947, episodic_return=[163.]
SPS: 1208
SPS: 1209
SPS: 1208
SPS: 1208
global_step=57375, episodic_return=[428.]
SPS: 1208
SPS: 1208
global_step=57653, episodic_return=[278.]
SPS: 1208
SPS: 1208
global_step=57962, episodic_return=[309.]
SPS: 1208
SPS: 1208
SPS: 1208
global_step=58251, episodic_return=[289.]
SPS: 1208
SPS: 1208
SPS: 1208
global_step=58673, episodic_return=[422.]
SPS: 1208
SPS: 1207
global_step=58993, episodic_return=[320.]
SPS: 1207
SPS: 1207
SPS: 1207
SPS: 1208
global_step=59493, episodic_return=[500.]
SPS: 1208
SPS: 1208
SPS: 1208
SPS: 1208
global_step=59993, episodic_return=[500.]
SPS: 1208
SPS: 1207
SPS: 1207
global_step=60357, episodic_return=[364.]
SPS: 1207
SPS: 1207
SPS: 1208
global_step=60723, episodic_return=[366.]
SPS: 1208
SPS: 1208
SPS: 1208
SPS: 1208
global_step=61223, episodic_return=[500.]
SPS: 1208
SPS: 1208
global_step=61480, episodic_return=[257.]
SPS: 1208
SPS: 1208
global_step=61785, episodic_return=[305.]
SPS: 1208
SPS: 1208
SPS: 1208
SPS: 1208
global_step=62285, episodic_return=[500.]
SPS: 1208
SPS: 1208
SPS: 1208
SPS: 1208
global_step=62785, episodic_return=[500.]
SPS: 1208
SPS: 1208
SPS: 1208
SPS: 1208
global_step=63270, episodic_return=[485.]
SPS: 1208
SPS: 1208
SPS: 1208
global_step=63667, episodic_return=[397.]
SPS: 1209
global_step=63814, episodic_return=[147.]
SPS: 1209
SPS: 1209
global_step=64006, episodic_return=[192.]
SPS: 1208
global_step=64199, episodic_return=[193.]
SPS: 1208
SPS: 1208
global_step=64491, episodic_return=[292.]
SPS: 1208
SPS: 1208
SPS: 1208
SPS: 1208
global_step=64991, episodic_return=[500.]
SPS: 1208
SPS: 1208
SPS: 1208
SPS: 1208
global_step=65491, episodic_return=[500.]
SPS: 1208
SPS: 1208
global_step=65698, episodic_return=[207.]
SPS: 1208
SPS: 1208
global_step=65924, episodic_return=[226.]
SPS: 1208
global_step=66095, episodic_return=[171.]
SPS: 1208
SPS: 1208
SPS: 1208
global_step=66448, episodic_return=[353.]
SPS: 1208
SPS: 1208
SPS: 1208
global_step=66822, episodic_return=[374.]
SPS: 1208
SPS: 1208
global_step=67151, episodic_return=[329.]
SPS: 1208
global_step=67303, episodic_return=[152.]
SPS: 1208
global_step=67449, episodic_return=[146.]
SPS: 1208
SPS: 1208
global_step=67620, episodic_return=[171.]
SPS: 1208
global_step=67770, episodic_return=[150.]
SPS: 1208
global_step=67913, episodic_return=[143.]
SPS: 1208
SPS: 1208
global_step=68105, episodic_return=[192.]
SPS: 1208
global_step=68276, episodic_return=[171.]
SPS: 1208
global_step=68432, episodic_return=[156.]
SPS: 1208
SPS: 1208
global_step=68609, episodic_return=[177.]
SPS: 1208
SPS: 1208
global_step=68877, episodic_return=[268.]
SPS: 1208
global_step=69013, episodic_return=[136.]
SPS: 1208
SPS: 1208
SPS: 1208
SPS: 1208
global_step=69513, episodic_return=[500.]
SPS: 1208
global_step=69700, episodic_return=[187.]
SPS: 1208
SPS: 1208
global_step=69946, episodic_return=[246.]
SPS: 1208
global_step=70123, episodic_return=[177.]
SPS: 1208
global_step=70267, episodic_return=[144.]
SPS: 1208
SPS: 1208
global_step=70473, episodic_return=[206.]
SPS: 1208
SPS: 1208
global_step=70756, episodic_return=[283.]
SPS: 1208
SPS: 1207
SPS: 1207
global_step=71057, episodic_return=[301.]
SPS: 1208
global_step=71196, episodic_return=[139.]
SPS: 1208
global_step=71404, episodic_return=[208.]
SPS: 1208
SPS: 1208
global_step=71576, episodic_return=[172.]
SPS: 1208
global_step=71782, episodic_return=[206.]
SPS: 1208
SPS: 1208
global_step=71940, episodic_return=[158.]
SPS: 1208
global_step=72081, episodic_return=[141.]
SPS: 1208
global_step=72219, episodic_return=[138.]
SPS: 1208
global_step=72430, episodic_return=[211.]
SPS: 1208
SPS: 1208
global_step=72579, episodic_return=[149.]
SPS: 1208
global_step=72757, episodic_return=[178.]
SPS: 1208
global_step=72926, episodic_return=[169.]
SPS: 1209
SPS: 1209
global_step=73112, episodic_return=[186.]
SPS: 1209
global_step=73335, episodic_return=[223.]
SPS: 1209
SPS: 1209
global_step=73526, episodic_return=[191.]
SPS: 1209
global_step=73690, episodic_return=[164.]
SPS: 1209
global_step=73775, episodic_return=[85.]
SPS: 1209
global_step=73926, episodic_return=[151.]
SPS: 1209
SPS: 1209
global_step=74124, episodic_return=[198.]
SPS: 1209
global_step=74274, episodic_return=[150.]
SPS: 1209
global_step=74445, episodic_return=[171.]
SPS: 1209
global_step=74568, episodic_return=[123.]
SPS: 1209
SPS: 1209
global_step=74756, episodic_return=[188.]
SPS: 1209
global_step=74910, episodic_return=[154.]
SPS: 1209
SPS: 1209
global_step=75198, episodic_return=[288.]
SPS: 1209
global_step=75326, episodic_return=[128.]
SPS: 1209
SPS: 1209
global_step=75563, episodic_return=[237.]
SPS: 1209
SPS: 1209
global_step=75852, episodic_return=[289.]
SPS: 1209
SPS: 1209
global_step=76035, episodic_return=[183.]
SPS: 1209
global_step=76227, episodic_return=[192.]
SPS: 1209
global_step=76376, episodic_return=[149.]
SPS: 1209
SPS: 1209
global_step=76614, episodic_return=[238.]
SPS: 1209
global_step=76793, episodic_return=[179.]
SPS: 1209
SPS: 1209
global_step=76997, episodic_return=[204.]
SPS: 1209
global_step=77140, episodic_return=[143.]
SPS: 1209
global_step=77279, episodic_return=[139.]
SPS: 1209
SPS: 1209
global_step=77467, episodic_return=[188.]
SPS: 1209
global_step=77582, episodic_return=[115.]
SPS: 1209
SPS: 1209
global_step=77841, episodic_return=[259.]
SPS: 1209
SPS: 1209
global_step=78139, episodic_return=[298.]
SPS: 1209
global_step=78246, episodic_return=[107.]
SPS: 1209
global_step=78431, episodic_return=[185.]
SPS: 1209
SPS: 1209
global_step=78680, episodic_return=[249.]
SPS: 1209
SPS: 1209
global_step=78964, episodic_return=[284.]
SPS: 1209
SPS: 1210
global_step=79137, episodic_return=[173.]
SPS: 1209
global_step=79352, episodic_return=[215.]
SPS: 1209
SPS: 1209
global_step=79551, episodic_return=[199.]
SPS: 1209
global_step=79727, episodic_return=[176.]
SPS: 1209
SPS: 1209
SPS: 1209
global_step=80008, episodic_return=[281.]
SPS: 1209
SPS: 1210
global_step=80362, episodic_return=[354.]
SPS: 1209
SPS: 1209
global_step=80553, episodic_return=[191.]
SPS: 1209
global_step=80682, episodic_return=[129.]
SPS: 1209
global_step=80866, episodic_return=[184.]
SPS: 1209
SPS: 1209
global_step=81048, episodic_return=[182.]
SPS: 1209
global_step=81280, episodic_return=[232.]
SPS: 1209
SPS: 1209
SPS: 1210
SPS: 1210
global_step=81780, episodic_return=[500.]
SPS: 1209
SPS: 1209
global_step=82025, episodic_return=[245.]
SPS: 1209
SPS: 1209
global_step=82274, episodic_return=[249.]
SPS: 1209
SPS: 1209
SPS: 1209
SPS: 1209
global_step=82774, episodic_return=[500.]
SPS: 1210
SPS: 1210
SPS: 1210
SPS: 1210
global_step=83234, episodic_return=[460.]
SPS: 1210
SPS: 1209
SPS: 1209
SPS: 1209
global_step=83734, episodic_return=[500.]
SPS: 1210
SPS: 1210
SPS: 1210
SPS: 1210
global_step=84234, episodic_return=[500.]
SPS: 1210
SPS: 1210
SPS: 1210
global_step=84734, episodic_return=[500.]
SPS: 1210
SPS: 1210
SPS: 1210
SPS: 1210
global_step=85234, episodic_return=[500.]
SPS: 1210
SPS: 1210
SPS: 1210
SPS: 1210
global_step=85734, episodic_return=[500.]
SPS: 1210
SPS: 1210
SPS: 1209
global_step=86046, episodic_return=[312.]
SPS: 1209
SPS: 1210
SPS: 1210
SPS: 1210
global_step=86546, episodic_return=[500.]
SPS: 1210
SPS: 1210
SPS: 1210
SPS: 1210
global_step=87046, episodic_return=[500.]
SPS: 1209
SPS: 1209
SPS: 1209
global_step=87546, episodic_return=[500.]
SPS: 1209
SPS: 1209
SPS: 1209
global_step=87823, episodic_return=[277.]
SPS: 1210
SPS: 1209
SPS: 1209
SPS: 1209
global_step=88323, episodic_return=[500.]
SPS: 1209
SPS: 1209
global_step=88593, episodic_return=[270.]
SPS: 1209
SPS: 1209
SPS: 1209
SPS: 1209
global_step=89093, episodic_return=[500.]
SPS: 1209
SPS: 1209
SPS: 1209
global_step=89593, episodic_return=[500.]
SPS: 1209
SPS: 1209
global_step=89815, episodic_return=[222.]
SPS: 1209
SPS: 1209
SPS: 1209
SPS: 1209
global_step=90315, episodic_return=[500.]
SPS: 1209
SPS: 1209
SPS: 1210
SPS: 1210
global_step=90815, episodic_return=[500.]
SPS: 1210
SPS: 1210
global_step=91087, episodic_return=[272.]
SPS: 1210
SPS: 1210
SPS: 1210
SPS: 1210
global_step=91587, episodic_return=[500.]
SPS: 1210
SPS: 1210
SPS: 1210
SPS: 1210
global_step=92087, episodic_return=[500.]
SPS: 1210
SPS: 1210
SPS: 1210
SPS: 1210
global_step=92587, episodic_return=[500.]
SPS: 1210
SPS: 1210
SPS: 1210
SPS: 1210
global_step=93087, episodic_return=[500.]
SPS: 1210
SPS: 1210
SPS: 1210
SPS: 1210
global_step=93587, episodic_return=[500.]
SPS: 1210
SPS: 1210
SPS: 1210
SPS: 1210
global_step=94087, episodic_return=[500.]
SPS: 1210
SPS: 1210
global_step=94398, episodic_return=[311.]
SPS: 1210
SPS: 1210
SPS: 1210
SPS: 1210
global_step=94898, episodic_return=[500.]
SPS: 1210
SPS: 1210
SPS: 1210
SPS: 1210
global_step=95398, episodic_return=[500.]
SPS: 1210
SPS: 1210
SPS: 1210
SPS: 1210
global_step=95898, episodic_return=[500.]
SPS: 1210
SPS: 1210
SPS: 1210
SPS: 1210
global_step=96398, episodic_return=[500.]
SPS: 1210
SPS: 1210
SPS: 1210
SPS: 1210
global_step=96898, episodic_return=[500.]
SPS: 1210
SPS: 1210
SPS: 1210
global_step=97398, episodic_return=[500.]
SPS: 1210
SPS: 1210
SPS: 1210
SPS: 1210
global_step=97898, episodic_return=[500.]
SPS: 1210
SPS: 1210
SPS: 1210
SPS: 1210
global_step=98398, episodic_return=[500.]
SPS: 1210
SPS: 1210
SPS: 1210
SPS: 1210
global_step=98898, episodic_return=[500.]
SPS: 1210
SPS: 1210
SPS: 1210
global_step=99328, episodic_return=[430.]
SPS: 1210
SPS: 1210
SPS: 1210
SPS: 1210
global_step=99828, episodic_return=[500.]
SPS: 1210
SPS: 1210
Using hyperparameter file ./hps/CleanRL_ppo_defaultdiscrete.yml
[Errno 2] No such file or directory: './CleanRL/results/ppo_CartPole-v1_100000/defaultdiscrete'
Using initial folder
[/bin/bash] ## Script finished
[/bin/bash] #### Finished Python test. Have a nice day
