[/bin/bash] 4066575############################################
[/bin/bash] ## Starting Python Python 3.8.3
[/bin/bash] ## Training using algorithm ppo from framework CleanRL
[/bin/bash] ## On environment CartPole-v1 with 100000 timesteps
[/bin/bash] ## This is repetition 3/3
[/bin/bash] ## This is s2989344 on node001 and this job has the ID 3909609
[/bin/bash] ##############################################
[/bin/bash] ## current working directory: /home/s2989344/Documents/MSc/CleanRL
[/bin/bash] ## current python version: Python 3.8.3
[/bin/bash] ## python from path: /home/s2989344/.conda/envs/CleanRL/bin/python
[/bin/bash] ## list of packages: # packages in environment at /home/s2989344/.conda/envs/CleanRL: # # Name Version Build Channel _libgcc_mutex 0.1 main _openmp_mutex 5.1 1_gnu absl-py 1.4.0 pypi_0 pypi ale-py 0.8.1 pypi_0 pypi appdirs 1.4.4 pypi_0 pypi autorom 0.4.2 pypi_0 pypi autorom-accept-rom-license 0.6.1 pypi_0 pypi ca-certificates 2025.2.25 h06a4308_0 cachetools 5.3.0 pypi_0 pypi certifi 2023.5.7 pypi_0 pypi charset-normalizer 3.1.0 pypi_0 pypi click 8.1.3 pypi_0 pypi cloudpickle 2.2.1 pypi_0 pypi colorama 0.4.4 pypi_0 pypi commonmark 0.9.1 pypi_0 pypi cycler 0.11.0 pypi_0 pypi decorator 4.4.2 pypi_0 pypi docker-pycreds 0.4.0 pypi_0 pypi docstring-parser 0.15 pypi_0 pypi farama-notifications 0.0.4 pypi_0 pypi filelock 3.12.0 pypi_0 pypi fonttools 4.38.0 pypi_0 pypi gitdb 4.0.10 pypi_0 pypi gitpython 3.1.31 pypi_0 pypi glfw 1.12.0 pypi_0 pypi google-auth 2.18.0 pypi_0 pypi google-auth-oauthlib 0.4.6 pypi_0 pypi grpcio 1.54.0 pypi_0 pypi gym 0.23.1 pypi_0 pypi gym-notices 0.0.8 pypi_0 pypi gymnasium 0.28.1 pypi_0 pypi huggingface-hub 0.11.1 pypi_0 pypi idna 3.4 pypi_0 pypi imageio 2.28.1 pypi_0 pypi imageio-ffmpeg 0.3.0 pypi_0 pypi importlib-metadata 5.2.0 pypi_0 pypi importlib-resources 5.12.0 pypi_0 pypi jax-jumpy 1.0.0 pypi_0 pypi kiwisolver 1.4.4 pypi_0 pypi ld_impl_linux-64 2.40 h12ee557_0 libffi 3.3 he6710b0_2 libgcc-ng 11.2.0 h1234567_1 libgomp 11.2.0 h1234567_1 libstdcxx-ng 11.2.0 h1234567_1 markdown 3.3.7 pypi_0 pypi markupsafe 2.1.2 pypi_0 pypi matplotlib 3.5.3 pypi_0 pypi moviepy 1.0.3 pypi_0 pypi mujoco 2.3.3 pypi_0 pypi ncurses 6.4 h6a678d5_0 numpy 1.24.4 pypi_0 pypi oauthlib 3.2.2 pypi_0 pypi opencv-python 4.7.0.72 pypi_0 pypi openssl 1.1.1w h7f8727e_0 packaging 23.1 pypi_0 pypi pandas 1.3.5 pypi_0 pypi pathtools 0.1.2 pypi_0 pypi pillow 9.5.0 pypi_0 pypi pip 24.2 py38h06a4308_0 proglog 0.1.10 pypi_0 pypi protobuf 3.20.3 pypi_0 pypi psutil 5.9.5 pypi_0 pypi pyasn1 0.5.0 pypi_0 pypi pyasn1-modules 0.3.0 pypi_0 pypi pygame 2.1.0 pypi_0 pypi pygments 2.15.1 pypi_0 pypi pyopengl 3.1.6 pypi_0 pypi pyparsing 3.0.9 pypi_0 pypi python 3.8.3 hcff3b4d_2 python-dateutil 2.8.2 pypi_0 pypi pytz 2023.3 pypi_0 pypi pyyaml 6.0.1 pypi_0 pypi readline 8.2 h5eee18b_0 requests 2.30.0 pypi_0 pypi requests-oauthlib 1.3.1 pypi_0 pypi rich 11.2.0 pypi_0 pypi rsa 4.7.2 pypi_0 pypi sentry-sdk 1.22.2 pypi_0 pypi setproctitle 1.3.2 pypi_0 pypi setuptools 67.7.2 pypi_0 pypi shimmy 1.1.0 pypi_0 pypi shtab 1.6.4 pypi_0 pypi six 1.16.0 pypi_0 pypi smmap 5.0.0 pypi_0 pypi sqlite 3.45.3 h5eee18b_0 stable-baselines3 2.0.0 pypi_0 pypi tenacity 8.2.3 pypi_0 pypi tensorboard 2.11.2 pypi_0 pypi tensorboard-data-server 0.6.1 pypi_0 pypi tensorboard-plugin-wit 1.8.1 pypi_0 pypi tk 8.6.14 h39e8969_0 torch 1.12.1 pypi_0 pypi tqdm 4.65.0 pypi_0 pypi typing-extensions 4.5.0 pypi_0 pypi tyro 0.5.10 pypi_0 pypi urllib3 1.26.15 pypi_0 pypi wandb 0.13.11 pypi_0 pypi werkzeug 2.2.3 pypi_0 pypi wheel 0.40.0 pypi_0 pypi xz 5.6.4 h5eee18b_1 zipp 3.15.0 pypi_0 pypi zlib 1.2.13 h5eee18b_1
[/bin/bash] ##############################################
[/bin/bash] ## Start run script
/home/s2989344/.conda/envs/CleanRL/lib/python3.8/site-packages/torch/utils/tensorboard/__init__.py:4: DeprecationWarning: distutils Version classes are deprecated. Use packaging.version instead.
  if not hasattr(tensorboard, "__version__") or LooseVersion(
global_step=30, episodic_return=[30.]
global_step=44, episodic_return=[14.]
global_step=66, episodic_return=[22.]
global_step=81, episodic_return=[15.]
global_step=99, episodic_return=[18.]
global_step=120, episodic_return=[21.]
SPS: 603
global_step=132, episodic_return=[12.]
global_step=160, episodic_return=[28.]
global_step=180, episodic_return=[20.]
global_step=194, episodic_return=[14.]
global_step=207, episodic_return=[13.]
global_step=221, episodic_return=[14.]
global_step=252, episodic_return=[31.]
SPS: 602
global_step=266, episodic_return=[14.]
global_step=291, episodic_return=[25.]
global_step=306, episodic_return=[15.]
global_step=338, episodic_return=[32.]
global_step=368, episodic_return=[30.]
SPS: 605
global_step=391, episodic_return=[23.]
global_step=400, episodic_return=[9.]
global_step=431, episodic_return=[31.]
global_step=449, episodic_return=[18.]
global_step=463, episodic_return=[14.]
global_step=479, episodic_return=[16.]
global_step=497, episodic_return=[18.]
SPS: 604
global_step=518, episodic_return=[21.]
global_step=544, episodic_return=[26.]
global_step=561, episodic_return=[17.]
global_step=581, episodic_return=[20.]
global_step=631, episodic_return=[50.]
SPS: 606
global_step=642, episodic_return=[11.]
global_step=661, episodic_return=[19.]
global_step=693, episodic_return=[32.]
global_step=716, episodic_return=[23.]
global_step=738, episodic_return=[22.]
SPS: 560
global_step=777, episodic_return=[39.]
global_step=800, episodic_return=[23.]
global_step=818, episodic_return=[18.]
global_step=864, episodic_return=[46.]
global_step=886, episodic_return=[22.]
SPS: 567
global_step=902, episodic_return=[16.]
global_step=936, episodic_return=[34.]
global_step=956, episodic_return=[20.]
global_step=969, episodic_return=[13.]
global_step=1008, episodic_return=[39.]
SPS: 572
global_step=1088, episodic_return=[80.]
global_step=1102, episodic_return=[14.]
global_step=1147, episodic_return=[45.]
SPS: 576
global_step=1212, episodic_return=[65.]
global_step=1239, episodic_return=[27.]
global_step=1261, episodic_return=[22.]
SPS: 580
global_step=1343, episodic_return=[82.]
global_step=1373, episodic_return=[30.]
SPS: 585
global_step=1451, episodic_return=[78.]
global_step=1528, episodic_return=[77.]
SPS: 588
global_step=1563, episodic_return=[35.]
global_step=1607, episodic_return=[44.]
global_step=1662, episodic_return=[55.]
SPS: 591
global_step=1705, episodic_return=[43.]
global_step=1743, episodic_return=[38.]
global_step=1779, episodic_return=[36.]
SPS: 593
global_step=1861, episodic_return=[82.]
SPS: 595
global_step=1922, episodic_return=[61.]
global_step=1995, episodic_return=[73.]
SPS: 597
global_step=2056, episodic_return=[61.]
global_step=2110, episodic_return=[54.]
SPS: 599
global_step=2191, episodic_return=[81.]
global_step=2248, episodic_return=[57.]
global_step=2294, episodic_return=[46.]
SPS: 600
global_step=2357, episodic_return=[63.]
SPS: 601
global_step=2471, episodic_return=[114.]
global_step=2531, episodic_return=[60.]
SPS: 602
global_step=2570, episodic_return=[39.]
global_step=2635, episodic_return=[65.]
global_step=2672, episodic_return=[37.]
SPS: 603
global_step=2723, episodic_return=[51.]
global_step=2769, episodic_return=[46.]
SPS: 604
global_step=2850, episodic_return=[81.]
global_step=2894, episodic_return=[44.]
SPS: 605
global_step=2980, episodic_return=[86.]
global_step=3035, episodic_return=[55.]
SPS: 606
global_step=3078, episodic_return=[43.]
global_step=3155, episodic_return=[77.]
SPS: 607
global_step=3258, episodic_return=[103.]
SPS: 608
global_step=3370, episodic_return=[112.]
global_step=3396, episodic_return=[26.]
global_step=3438, episodic_return=[42.]
SPS: 609
global_step=3473, episodic_return=[35.]
SPS: 609
global_step=3593, episodic_return=[120.]
SPS: 610
global_step=3778, episodic_return=[185.]
SPS: 611
SPS: 612
global_step=3988, episodic_return=[210.]
global_step=4074, episodic_return=[86.]
SPS: 612
global_step=4130, episodic_return=[56.]
SPS: 612
global_step=4273, episodic_return=[143.]
SPS: 613
global_step=4369, episodic_return=[96.]
global_step=4477, episodic_return=[108.]
SPS: 613
global_step=4509, episodic_return=[32.]
SPS: 614
global_step=4633, episodic_return=[124.]
global_step=4680, episodic_return=[47.]
global_step=4721, episodic_return=[41.]
SPS: 614
global_step=4808, episodic_return=[87.]
SPS: 615
global_step=4915, episodic_return=[107.]
SPS: 615
SPS: 616
global_step=5159, episodic_return=[244.]
SPS: 616
global_step=5263, episodic_return=[104.]
global_step=5313, episodic_return=[50.]
SPS: 616
global_step=5418, episodic_return=[105.]
SPS: 617
global_step=5570, episodic_return=[152.]
global_step=5595, episodic_return=[25.]
SPS: 617
global_step=5757, episodic_return=[162.]
SPS: 617
global_step=5846, episodic_return=[89.]
SPS: 617
SPS: 618
global_step=6074, episodic_return=[228.]
SPS: 618
SPS: 619
global_step=6328, episodic_return=[254.]
global_step=6383, episodic_return=[55.]
SPS: 619
global_step=6422, episodic_return=[39.]
SPS: 619
global_step=6590, episodic_return=[168.]
SPS: 619
global_step=6666, episodic_return=[76.]
global_step=6735, episodic_return=[69.]
global_step=6768, episodic_return=[33.]
SPS: 619
global_step=6852, episodic_return=[84.]
SPS: 620
global_step=6926, episodic_return=[74.]
global_step=7032, episodic_return=[106.]
SPS: 620
SPS: 620
global_step=7275, episodic_return=[243.]
SPS: 620
SPS: 620
global_step=7468, episodic_return=[193.]
SPS: 621
global_step=7574, episodic_return=[106.]
SPS: 621
global_step=7722, episodic_return=[148.]
SPS: 621
global_step=7904, episodic_return=[182.]
global_step=7926, episodic_return=[22.]
SPS: 621
SPS: 621
SPS: 622
global_step=8202, episodic_return=[276.]
global_step=8269, episodic_return=[67.]
SPS: 622
SPS: 622
global_step=8567, episodic_return=[298.]
SPS: 622
global_step=8662, episodic_return=[95.]
SPS: 623
global_step=8802, episodic_return=[140.]
SPS: 623
global_step=8884, episodic_return=[82.]
SPS: 623
global_step=8968, episodic_return=[84.]
SPS: 623
global_step=9125, episodic_return=[157.]
SPS: 623
global_step=9264, episodic_return=[139.]
SPS: 623
global_step=9457, episodic_return=[193.]
SPS: 623
SPS: 623
global_step=9679, episodic_return=[222.]
SPS: 624
SPS: 624
global_step=9927, episodic_return=[248.]
SPS: 624
global_step=10107, episodic_return=[180.]
SPS: 624
global_step=10237, episodic_return=[130.]
SPS: 624
global_step=10336, episodic_return=[99.]
SPS: 624
global_step=10482, episodic_return=[146.]
SPS: 624
SPS: 625
global_step=10639, episodic_return=[157.]
SPS: 625
global_step=10827, episodic_return=[188.]
SPS: 625
global_step=10928, episodic_return=[101.]
SPS: 625
global_step=11123, episodic_return=[195.]
SPS: 625
SPS: 625
global_step=11335, episodic_return=[212.]
SPS: 625
global_step=11437, episodic_return=[102.]
SPS: 625
SPS: 626
global_step=11708, episodic_return=[271.]
SPS: 626
global_step=11904, episodic_return=[196.]
SPS: 626
SPS: 626
global_step=12062, episodic_return=[158.]
SPS: 626
SPS: 626
global_step=12387, episodic_return=[325.]
SPS: 626
SPS: 626
global_step=12637, episodic_return=[250.]
SPS: 626
SPS: 626
global_step=12882, episodic_return=[245.]
SPS: 626
global_step=12950, episodic_return=[68.]
SPS: 626
SPS: 627
global_step=13191, episodic_return=[241.]
SPS: 627
SPS: 627
global_step=13508, episodic_return=[317.]
SPS: 627
SPS: 627
SPS: 627
global_step=13892, episodic_return=[384.]
SPS: 627
SPS: 627
SPS: 627
global_step=14266, episodic_return=[374.]
SPS: 627
SPS: 627
SPS: 627
global_step=14609, episodic_return=[343.]
global_step=14684, episodic_return=[75.]
SPS: 627
SPS: 628
global_step=14872, episodic_return=[188.]
SPS: 628
global_step=15032, episodic_return=[160.]
SPS: 628
global_step=15211, episodic_return=[179.]
SPS: 628
SPS: 628
global_step=15376, episodic_return=[165.]
SPS: 628
global_step=15609, episodic_return=[233.]
SPS: 628
global_step=15712, episodic_return=[103.]
SPS: 628
SPS: 628
SPS: 628
global_step=16030, episodic_return=[318.]
SPS: 628
global_step=16194, episodic_return=[164.]
SPS: 628
global_step=16378, episodic_return=[184.]
SPS: 628
SPS: 628
global_step=16558, episodic_return=[180.]
SPS: 628
SPS: 629
SPS: 629
global_step=16921, episodic_return=[363.]
SPS: 629
SPS: 629
global_step=17249, episodic_return=[328.]
SPS: 629
global_step=17374, episodic_return=[125.]
SPS: 629
global_step=17498, episodic_return=[124.]
SPS: 629
global_step=17630, episodic_return=[132.]
SPS: 629
SPS: 629
global_step=17911, episodic_return=[281.]
SPS: 629
SPS: 629
global_step=18067, episodic_return=[156.]
SPS: 629
global_step=18288, episodic_return=[221.]
SPS: 629
global_step=18413, episodic_return=[125.]
SPS: 629
SPS: 629
global_step=18606, episodic_return=[193.]
SPS: 629
global_step=18806, episodic_return=[200.]
SPS: 629
SPS: 629
global_step=18962, episodic_return=[156.]
SPS: 629
global_step=19173, episodic_return=[211.]
SPS: 629
SPS: 629
global_step=19383, episodic_return=[210.]
SPS: 629
global_step=19584, episodic_return=[201.]
SPS: 629
SPS: 629
global_step=19778, episodic_return=[194.]
SPS: 630
global_step=19919, episodic_return=[141.]
SPS: 630
global_step=20068, episodic_return=[149.]
SPS: 630
global_step=20203, episodic_return=[135.]
SPS: 630
global_step=20301, episodic_return=[98.]
SPS: 630
SPS: 630
global_step=20503, episodic_return=[202.]
SPS: 630
global_step=20644, episodic_return=[141.]
SPS: 630
global_step=20797, episodic_return=[153.]
SPS: 630
SPS: 630
global_step=21024, episodic_return=[227.]
global_step=21114, episodic_return=[90.]
SPS: 630
global_step=21205, episodic_return=[91.]
SPS: 630
SPS: 630
global_step=21498, episodic_return=[293.]
SPS: 630
SPS: 630
global_step=21719, episodic_return=[221.]
SPS: 630
global_step=21864, episodic_return=[145.]
SPS: 630
SPS: 630
SPS: 630
global_step=22245, episodic_return=[381.]
SPS: 630
global_step=22374, episodic_return=[129.]
SPS: 630
SPS: 630
global_step=22613, episodic_return=[239.]
SPS: 630
SPS: 630
global_step=22846, episodic_return=[233.]
SPS: 630
SPS: 630
global_step=23106, episodic_return=[260.]
SPS: 630
SPS: 630
global_step=23320, episodic_return=[214.]
SPS: 630
SPS: 630
global_step=23626, episodic_return=[306.]
SPS: 630
global_step=23798, episodic_return=[172.]
SPS: 630
SPS: 630
global_step=23993, episodic_return=[195.]
SPS: 630
SPS: 630
global_step=24279, episodic_return=[286.]
SPS: 630
SPS: 630
SPS: 630
global_step=24631, episodic_return=[352.]
SPS: 630
global_step=24824, episodic_return=[193.]
SPS: 630
SPS: 630
SPS: 630
global_step=25128, episodic_return=[304.]
global_step=25216, episodic_return=[88.]
SPS: 630
SPS: 630
SPS: 630
SPS: 630
global_step=25636, episodic_return=[420.]
SPS: 630
SPS: 630
global_step=25866, episodic_return=[230.]
SPS: 630
SPS: 630
SPS: 631
global_step=26366, episodic_return=[500.]
SPS: 631
SPS: 631
SPS: 631
SPS: 631
global_step=26821, episodic_return=[455.]
SPS: 631
SPS: 631
SPS: 631
global_step=27179, episodic_return=[358.]
SPS: 631
global_step=27312, episodic_return=[133.]
SPS: 631
SPS: 631
global_step=27613, episodic_return=[301.]
SPS: 631
SPS: 631
global_step=27904, episodic_return=[291.]
SPS: 631
SPS: 631
SPS: 631
SPS: 631
global_step=28388, episodic_return=[484.]
SPS: 631
SPS: 631
global_step=28628, episodic_return=[240.]
SPS: 631
SPS: 631
global_step=28913, episodic_return=[285.]
SPS: 631
SPS: 631
SPS: 631
SPS: 631
global_step=29413, episodic_return=[500.]
SPS: 631
SPS: 631
SPS: 631
SPS: 631
global_step=29913, episodic_return=[500.]
SPS: 631
global_step=30028, episodic_return=[115.]
SPS: 631
global_step=30199, episodic_return=[171.]
SPS: 631
SPS: 631
SPS: 631
global_step=30489, episodic_return=[290.]
SPS: 631
global_step=30672, episodic_return=[183.]
SPS: 631
SPS: 632
SPS: 632
SPS: 632
global_step=31172, episodic_return=[500.]
SPS: 632
global_step=31312, episodic_return=[140.]
SPS: 632
SPS: 632
SPS: 632
global_step=31661, episodic_return=[349.]
SPS: 632
SPS: 632
global_step=31933, episodic_return=[272.]
SPS: 632
SPS: 632
global_step=32224, episodic_return=[291.]
SPS: 632
SPS: 632
SPS: 632
global_step=32584, episodic_return=[360.]
SPS: 632
global_step=32756, episodic_return=[172.]
SPS: 632
global_step=32890, episodic_return=[134.]
SPS: 632
SPS: 632
SPS: 632
global_step=33255, episodic_return=[365.]
SPS: 632
SPS: 632
global_step=33494, episodic_return=[239.]
SPS: 632
SPS: 632
global_step=33674, episodic_return=[180.]
SPS: 632
global_step=33896, episodic_return=[222.]
SPS: 632
SPS: 632
global_step=34136, episodic_return=[240.]
SPS: 632
SPS: 632
global_step=34417, episodic_return=[281.]
SPS: 632
SPS: 632
global_step=34571, episodic_return=[154.]
SPS: 632
global_step=34760, episodic_return=[189.]
SPS: 632
SPS: 632
global_step=35042, episodic_return=[282.]
SPS: 632
SPS: 632
global_step=35278, episodic_return=[236.]
SPS: 632
SPS: 632
global_step=35558, episodic_return=[280.]
SPS: 632
SPS: 632
global_step=35766, episodic_return=[208.]
SPS: 632
SPS: 632
SPS: 632
SPS: 632
global_step=36266, episodic_return=[500.]
SPS: 632
SPS: 632
SPS: 632
global_step=36613, episodic_return=[347.]
SPS: 632
SPS: 632
SPS: 632
global_step=37113, episodic_return=[500.]
SPS: 632
SPS: 632
SPS: 632
SPS: 632
global_step=37560, episodic_return=[447.]
SPS: 632
SPS: 632
SPS: 632
global_step=37895, episodic_return=[335.]
SPS: 632
global_step=38133, episodic_return=[238.]
SPS: 632
SPS: 632
SPS: 632
global_step=38430, episodic_return=[297.]
global_step=38514, episodic_return=[84.]
SPS: 632
SPS: 632
global_step=38667, episodic_return=[153.]
global_step=38764, episodic_return=[97.]
SPS: 632
SPS: 633
SPS: 633
SPS: 633
global_step=39264, episodic_return=[500.]
SPS: 633
SPS: 633
SPS: 633
SPS: 633
global_step=39764, episodic_return=[500.]
SPS: 633
SPS: 633
global_step=39988, episodic_return=[224.]
SPS: 633
SPS: 633
SPS: 633
SPS: 633
global_step=40488, episodic_return=[500.]
SPS: 633
SPS: 633
global_step=40770, episodic_return=[282.]
SPS: 633
SPS: 633
SPS: 633
SPS: 633
global_step=41231, episodic_return=[461.]
SPS: 633
SPS: 633
SPS: 633
global_step=41620, episodic_return=[389.]
SPS: 633
SPS: 633
global_step=41968, episodic_return=[348.]
SPS: 633
SPS: 633
SPS: 633
global_step=42277, episodic_return=[309.]
SPS: 633
SPS: 633
global_step=42536, episodic_return=[259.]
SPS: 633
SPS: 633
global_step=42853, episodic_return=[317.]
SPS: 633
SPS: 633
SPS: 633
SPS: 633
global_step=43353, episodic_return=[500.]
SPS: 633
SPS: 633
SPS: 633
SPS: 633
global_step=43853, episodic_return=[500.]
SPS: 633
SPS: 633
SPS: 633
SPS: 633
global_step=44353, episodic_return=[500.]
SPS: 633
SPS: 633
SPS: 633
SPS: 633
global_step=44836, episodic_return=[483.]
SPS: 633
SPS: 633
SPS: 633
global_step=45264, episodic_return=[428.]
SPS: 633
SPS: 633
global_step=45489, episodic_return=[225.]
SPS: 633
SPS: 633
SPS: 633
global_step=45861, episodic_return=[372.]
SPS: 633
global_step=46072, episodic_return=[211.]
SPS: 633
SPS: 633
SPS: 633
SPS: 633
global_step=46486, episodic_return=[414.]
SPS: 633
SPS: 633
SPS: 633
global_step=46882, episodic_return=[396.]
SPS: 633
SPS: 633
global_step=47210, episodic_return=[328.]
SPS: 633
SPS: 633
SPS: 633
global_step=47529, episodic_return=[319.]
SPS: 633
SPS: 633
SPS: 633
SPS: 633
global_step=48029, episodic_return=[500.]
SPS: 633
SPS: 633
SPS: 633
SPS: 633
global_step=48529, episodic_return=[500.]
SPS: 633
SPS: 633
SPS: 634
global_step=48908, episodic_return=[379.]
SPS: 634
SPS: 634
global_step=49170, episodic_return=[262.]
SPS: 634
SPS: 634
global_step=49438, episodic_return=[268.]
SPS: 634
global_step=49648, episodic_return=[210.]
SPS: 634
SPS: 634
global_step=49860, episodic_return=[212.]
SPS: 634
SPS: 634
global_step=50060, episodic_return=[200.]
SPS: 634
global_step=50261, episodic_return=[201.]
SPS: 634
global_step=50423, episodic_return=[162.]
SPS: 634
SPS: 634
global_step=50636, episodic_return=[213.]
SPS: 634
SPS: 634
SPS: 634
global_step=50978, episodic_return=[342.]
SPS: 634
global_step=51167, episodic_return=[189.]
SPS: 634
global_step=51316, episodic_return=[149.]
SPS: 634
SPS: 634
global_step=51509, episodic_return=[193.]
SPS: 634
SPS: 634
global_step=51756, episodic_return=[247.]
SPS: 634
global_step=51913, episodic_return=[157.]
SPS: 634
global_step=52094, episodic_return=[181.]
SPS: 634
SPS: 634
global_step=52307, episodic_return=[213.]
SPS: 634
SPS: 634
global_step=52484, episodic_return=[177.]
SPS: 634
global_step=52686, episodic_return=[202.]
SPS: 634
SPS: 634
global_step=52890, episodic_return=[204.]
SPS: 634
global_step=53057, episodic_return=[167.]
SPS: 634
SPS: 634
global_step=53258, episodic_return=[201.]
SPS: 634
global_step=53414, episodic_return=[156.]
SPS: 634
global_step=53595, episodic_return=[181.]
SPS: 634
global_step=53754, episodic_return=[159.]
SPS: 634
SPS: 634
global_step=53914, episodic_return=[160.]
SPS: 634
global_step=54092, episodic_return=[178.]
SPS: 634
global_step=54203, episodic_return=[111.]
SPS: 634
global_step=54398, episodic_return=[195.]
SPS: 634
SPS: 634
global_step=54585, episodic_return=[187.]
SPS: 634
global_step=54775, episodic_return=[190.]
SPS: 634
SPS: 634
global_step=54987, episodic_return=[212.]
SPS: 634
SPS: 634
global_step=55208, episodic_return=[221.]
SPS: 634
global_step=55371, episodic_return=[163.]
SPS: 634
global_step=55545, episodic_return=[174.]
SPS: 634
SPS: 634
global_step=55711, episodic_return=[166.]
SPS: 634
global_step=55876, episodic_return=[165.]
SPS: 634
global_step=56033, episodic_return=[157.]
SPS: 634
SPS: 634
global_step=56273, episodic_return=[240.]
SPS: 634
global_step=56433, episodic_return=[160.]
SPS: 634
SPS: 634
global_step=56618, episodic_return=[185.]
SPS: 634
SPS: 634
global_step=56834, episodic_return=[216.]
SPS: 634
global_step=57019, episodic_return=[185.]
SPS: 634
SPS: 634
global_step=57233, episodic_return=[214.]
SPS: 634
global_step=57430, episodic_return=[197.]
SPS: 634
SPS: 634
SPS: 634
global_step=57821, episodic_return=[391.]
SPS: 634
SPS: 634
global_step=58109, episodic_return=[288.]
SPS: 634
SPS: 634
global_step=58331, episodic_return=[222.]
SPS: 634
SPS: 634
SPS: 634
global_step=58723, episodic_return=[392.]
SPS: 634
SPS: 634
global_step=59004, episodic_return=[281.]
SPS: 634
SPS: 634
global_step=59197, episodic_return=[193.]
SPS: 634
global_step=59335, episodic_return=[138.]
SPS: 634
SPS: 634
global_step=59618, episodic_return=[283.]
SPS: 634
SPS: 634
global_step=59797, episodic_return=[179.]
SPS: 634
SPS: 634
SPS: 634
global_step=60206, episodic_return=[409.]
SPS: 634
SPS: 634
global_step=60468, episodic_return=[262.]
SPS: 634
SPS: 634
global_step=60699, episodic_return=[231.]
SPS: 634
SPS: 634
global_step=61009, episodic_return=[310.]
SPS: 634
SPS: 634
global_step=61252, episodic_return=[243.]
SPS: 634
SPS: 634
SPS: 634
global_step=61626, episodic_return=[374.]
SPS: 634
SPS: 634
global_step=61922, episodic_return=[296.]
SPS: 634
SPS: 634
global_step=62167, episodic_return=[245.]
SPS: 634
SPS: 634
SPS: 634
global_step=62557, episodic_return=[390.]
SPS: 634
SPS: 634
SPS: 634
global_step=62849, episodic_return=[292.]
SPS: 634
SPS: 634
global_step=63107, episodic_return=[258.]
SPS: 634
global_step=63339, episodic_return=[232.]
SPS: 634
SPS: 634
SPS: 634
global_step=63633, episodic_return=[294.]
SPS: 634
SPS: 634
global_step=63882, episodic_return=[249.]
SPS: 634
SPS: 634
SPS: 634
global_step=64340, episodic_return=[458.]
SPS: 634
SPS: 634
global_step=64613, episodic_return=[273.]
SPS: 634
SPS: 634
SPS: 634
global_step=64921, episodic_return=[308.]
SPS: 634
SPS: 634
global_step=65154, episodic_return=[233.]
SPS: 634
global_step=65404, episodic_return=[250.]
SPS: 634
SPS: 634
SPS: 634
global_step=65667, episodic_return=[263.]
SPS: 634
SPS: 634
global_step=66029, episodic_return=[362.]
SPS: 634
SPS: 634
global_step=66293, episodic_return=[264.]
SPS: 634
SPS: 634
SPS: 634
global_step=66631, episodic_return=[338.]
SPS: 634
global_step=66795, episodic_return=[164.]
SPS: 634
SPS: 634
SPS: 634
global_step=67116, episodic_return=[321.]
SPS: 634
SPS: 634
global_step=67411, episodic_return=[295.]
SPS: 634
global_step=67582, episodic_return=[171.]
SPS: 634
SPS: 634
SPS: 635
global_step=67869, episodic_return=[287.]
SPS: 634
SPS: 635
global_step=68203, episodic_return=[334.]
SPS: 634
SPS: 635
global_step=68424, episodic_return=[221.]
SPS: 635
SPS: 635
global_step=68670, episodic_return=[246.]
global_step=68703, episodic_return=[33.]
SPS: 635
SPS: 635
global_step=68911, episodic_return=[208.]
SPS: 635
SPS: 635
global_step=69212, episodic_return=[301.]
SPS: 635
SPS: 635
global_step=69476, episodic_return=[264.]
SPS: 635
SPS: 635
global_step=69709, episodic_return=[233.]
SPS: 635
SPS: 635
SPS: 635
global_step=70133, episodic_return=[424.]
SPS: 635
SPS: 635
SPS: 635
global_step=70425, episodic_return=[292.]
SPS: 635
SPS: 635
SPS: 635
global_step=70841, episodic_return=[416.]
SPS: 635
SPS: 635
SPS: 635
global_step=71229, episodic_return=[388.]
SPS: 635
global_step=71361, episodic_return=[132.]
SPS: 635
SPS: 635
global_step=71616, episodic_return=[255.]
SPS: 635
SPS: 635
SPS: 635
SPS: 635
global_step=72093, episodic_return=[477.]
SPS: 635
global_step=72304, episodic_return=[211.]
SPS: 635
SPS: 635
SPS: 635
SPS: 635
global_step=72723, episodic_return=[419.]
SPS: 635
SPS: 635
global_step=73041, episodic_return=[318.]
SPS: 635
global_step=73198, episodic_return=[157.]
SPS: 635
SPS: 635
SPS: 635
SPS: 635
global_step=73698, episodic_return=[500.]
SPS: 635
SPS: 635
SPS: 635
SPS: 635
global_step=74198, episodic_return=[500.]
SPS: 635
SPS: 635
global_step=74479, episodic_return=[281.]
SPS: 635
SPS: 635
SPS: 635
SPS: 635
global_step=74903, episodic_return=[424.]
SPS: 635
SPS: 635
SPS: 635
SPS: 635
global_step=75403, episodic_return=[500.]
SPS: 635
SPS: 635
SPS: 635
global_step=75852, episodic_return=[449.]
SPS: 635
SPS: 635
SPS: 635
global_step=76288, episodic_return=[436.]
SPS: 635
SPS: 635
SPS: 635
global_step=76628, episodic_return=[340.]
SPS: 635
global_step=76709, episodic_return=[81.]
SPS: 635
SPS: 635
SPS: 635
global_step=77077, episodic_return=[368.]
SPS: 635
global_step=77265, episodic_return=[188.]
SPS: 635
SPS: 635
global_step=77450, episodic_return=[185.]
SPS: 635
global_step=77654, episodic_return=[204.]
SPS: 635
SPS: 635
SPS: 635
global_step=77995, episodic_return=[341.]
SPS: 635
SPS: 635
SPS: 635
global_step=78389, episodic_return=[394.]
SPS: 635
global_step=78564, episodic_return=[175.]
SPS: 635
SPS: 635
SPS: 635
global_step=78879, episodic_return=[315.]
SPS: 635
SPS: 635
SPS: 635
global_step=79349, episodic_return=[470.]
SPS: 635
SPS: 635
global_step=79610, episodic_return=[261.]
SPS: 635
SPS: 635
global_step=79806, episodic_return=[196.]
SPS: 635
SPS: 635
SPS: 635
global_step=80132, episodic_return=[326.]
SPS: 635
SPS: 635
global_step=80462, episodic_return=[330.]
SPS: 635
global_step=80604, episodic_return=[142.]
SPS: 635
global_step=80737, episodic_return=[133.]
SPS: 635
SPS: 635
SPS: 635
global_step=81083, episodic_return=[346.]
SPS: 635
SPS: 635
SPS: 635
global_step=81520, episodic_return=[437.]
SPS: 635
SPS: 635
SPS: 635
global_step=81841, episodic_return=[321.]
SPS: 635
SPS: 635
global_step=82090, episodic_return=[249.]
SPS: 635
SPS: 635
global_step=82324, episodic_return=[234.]
SPS: 635
SPS: 635
global_step=82672, episodic_return=[348.]
SPS: 635
global_step=82782, episodic_return=[110.]
SPS: 635
SPS: 635
SPS: 635
global_step=83086, episodic_return=[304.]
SPS: 635
SPS: 635
global_step=83343, episodic_return=[257.]
SPS: 635
SPS: 635
SPS: 635
SPS: 635
global_step=83843, episodic_return=[500.]
SPS: 635
global_step=84039, episodic_return=[196.]
SPS: 635
SPS: 635
SPS: 635
global_step=84447, episodic_return=[408.]
SPS: 635
global_step=84591, episodic_return=[144.]
SPS: 635
SPS: 635
global_step=84754, episodic_return=[163.]
SPS: 635
SPS: 635
global_step=85070, episodic_return=[316.]
SPS: 635
SPS: 635
SPS: 635
SPS: 635
global_step=85570, episodic_return=[500.]
SPS: 635
SPS: 635
SPS: 635
SPS: 635
global_step=86070, episodic_return=[500.]
SPS: 635
SPS: 635
global_step=86370, episodic_return=[300.]
SPS: 635
SPS: 635
global_step=86611, episodic_return=[241.]
SPS: 635
SPS: 635
SPS: 635
SPS: 635
global_step=87090, episodic_return=[479.]
SPS: 635
SPS: 635
SPS: 635
SPS: 635
global_step=87560, episodic_return=[470.]
SPS: 635
SPS: 635
SPS: 635
global_step=88060, episodic_return=[500.]
SPS: 635
SPS: 635
SPS: 635
SPS: 635
global_step=88452, episodic_return=[392.]
SPS: 635
SPS: 635
global_step=88763, episodic_return=[311.]
SPS: 635
SPS: 635
SPS: 635
global_step=89119, episodic_return=[356.]
SPS: 635
SPS: 635
global_step=89362, episodic_return=[243.]
SPS: 635
SPS: 635
global_step=89635, episodic_return=[273.]
SPS: 635
SPS: 635
SPS: 635
SPS: 635
global_step=90135, episodic_return=[500.]
SPS: 635
SPS: 635
global_step=90457, episodic_return=[322.]
SPS: 635
SPS: 635
SPS: 635
SPS: 635
global_step=90957, episodic_return=[500.]
SPS: 635
SPS: 635
global_step=91189, episodic_return=[232.]
SPS: 635
SPS: 635
SPS: 635
SPS: 635
global_step=91689, episodic_return=[500.]
SPS: 635
SPS: 635
global_step=91975, episodic_return=[286.]
SPS: 635
SPS: 635
SPS: 635
global_step=92330, episodic_return=[355.]
SPS: 635
SPS: 635
global_step=92665, episodic_return=[335.]
SPS: 635
SPS: 635
SPS: 635
global_step=93055, episodic_return=[390.]
SPS: 635
global_step=93174, episodic_return=[119.]
SPS: 635
SPS: 635
global_step=93422, episodic_return=[248.]
SPS: 635
SPS: 635
SPS: 635
SPS: 635
global_step=93854, episodic_return=[432.]
SPS: 635
SPS: 635
SPS: 635
global_step=94236, episodic_return=[382.]
SPS: 635
SPS: 635
SPS: 635
global_step=94614, episodic_return=[378.]
SPS: 635
SPS: 635
SPS: 635
global_step=95041, episodic_return=[427.]
SPS: 635
SPS: 635
SPS: 635
global_step=95387, episodic_return=[346.]
SPS: 635
SPS: 635
global_step=95680, episodic_return=[293.]
SPS: 635
global_step=95864, episodic_return=[184.]
SPS: 635
SPS: 635
SPS: 635
SPS: 635
global_step=96364, episodic_return=[500.]
SPS: 635
SPS: 635
SPS: 635
global_step=96747, episodic_return=[383.]
SPS: 635
SPS: 635
global_step=97007, episodic_return=[260.]
SPS: 635
SPS: 635
SPS: 635
SPS: 635
global_step=97469, episodic_return=[462.]
SPS: 635
SPS: 635
global_step=97695, episodic_return=[226.]
SPS: 635
global_step=97870, episodic_return=[175.]
SPS: 635
SPS: 635
global_step=98152, episodic_return=[282.]
SPS: 635
SPS: 635
SPS: 635
global_step=98440, episodic_return=[288.]
SPS: 635
global_step=98686, episodic_return=[246.]
SPS: 635
SPS: 635
global_step=98833, episodic_return=[147.]
SPS: 635
SPS: 635
global_step=99109, episodic_return=[276.]
SPS: 635
SPS: 635
global_step=99378, episodic_return=[269.]
SPS: 635
SPS: 635
SPS: 635
SPS: 635
global_step=99878, episodic_return=[500.]
SPS: 635
Using hyperparameter file ./hps/CleanRL_ppo_defaultdiscrete.yml
[Errno 2] No such file or directory: './CleanRL/results/ppo_CartPole-v1_100000/defaultdiscrete'
Using initial folder
[/bin/bash] ## Script finished
[/bin/bash] #### Finished Python test. Have a nice day
