[/bin/bash] 3830769############################################
[/bin/bash] ## Starting Python Python 3.8.3
[/bin/bash] ## Training using algorithm ppo from framework CleanRL
[/bin/bash] ## On environment CartPole-v1 with 100000 timesteps
[/bin/bash] ## This is repetition 3/5
[/bin/bash] ## This is s2989344 on node001 and this job has the ID 3900159
[/bin/bash] ##############################################
[/bin/bash] ## current working directory: /home/s2989344/Documents/MSc/CleanRL
[/bin/bash] ## current python version: Python 3.8.3
[/bin/bash] ## python from path: /home/s2989344/.conda/envs/CleanRL/bin/python
[/bin/bash] ## list of packages: # packages in environment at /home/s2989344/.conda/envs/CleanRL: # # Name Version Build Channel _libgcc_mutex 0.1 main _openmp_mutex 5.1 1_gnu absl-py 1.4.0 pypi_0 pypi ale-py 0.8.1 pypi_0 pypi appdirs 1.4.4 pypi_0 pypi autorom 0.4.2 pypi_0 pypi autorom-accept-rom-license 0.6.1 pypi_0 pypi ca-certificates 2025.2.25 h06a4308_0 cachetools 5.3.0 pypi_0 pypi certifi 2023.5.7 pypi_0 pypi charset-normalizer 3.1.0 pypi_0 pypi click 8.1.3 pypi_0 pypi cloudpickle 2.2.1 pypi_0 pypi colorama 0.4.4 pypi_0 pypi commonmark 0.9.1 pypi_0 pypi cycler 0.11.0 pypi_0 pypi decorator 4.4.2 pypi_0 pypi docker-pycreds 0.4.0 pypi_0 pypi docstring-parser 0.15 pypi_0 pypi farama-notifications 0.0.4 pypi_0 pypi filelock 3.12.0 pypi_0 pypi fonttools 4.38.0 pypi_0 pypi gitdb 4.0.10 pypi_0 pypi gitpython 3.1.31 pypi_0 pypi glfw 1.12.0 pypi_0 pypi google-auth 2.18.0 pypi_0 pypi google-auth-oauthlib 0.4.6 pypi_0 pypi grpcio 1.54.0 pypi_0 pypi gym 0.23.1 pypi_0 pypi gym-notices 0.0.8 pypi_0 pypi gymnasium 0.28.1 pypi_0 pypi huggingface-hub 0.11.1 pypi_0 pypi idna 3.4 pypi_0 pypi imageio 2.28.1 pypi_0 pypi imageio-ffmpeg 0.3.0 pypi_0 pypi importlib-metadata 5.2.0 pypi_0 pypi importlib-resources 5.12.0 pypi_0 pypi jax-jumpy 1.0.0 pypi_0 pypi kiwisolver 1.4.4 pypi_0 pypi ld_impl_linux-64 2.40 h12ee557_0 libffi 3.3 he6710b0_2 libgcc-ng 11.2.0 h1234567_1 libgomp 11.2.0 h1234567_1 libstdcxx-ng 11.2.0 h1234567_1 markdown 3.3.7 pypi_0 pypi markupsafe 2.1.2 pypi_0 pypi matplotlib 3.5.3 pypi_0 pypi moviepy 1.0.3 pypi_0 pypi mujoco 2.3.3 pypi_0 pypi ncurses 6.4 h6a678d5_0 numpy 1.24.4 pypi_0 pypi oauthlib 3.2.2 pypi_0 pypi opencv-python 4.7.0.72 pypi_0 pypi openssl 1.1.1w h7f8727e_0 packaging 23.1 pypi_0 pypi pandas 1.3.5 pypi_0 pypi pathtools 0.1.2 pypi_0 pypi pillow 9.5.0 pypi_0 pypi pip 24.2 py38h06a4308_0 proglog 0.1.10 pypi_0 pypi protobuf 3.20.3 pypi_0 pypi psutil 5.9.5 pypi_0 pypi pyasn1 0.5.0 pypi_0 pypi pyasn1-modules 0.3.0 pypi_0 pypi pygame 2.1.0 pypi_0 pypi pygments 2.15.1 pypi_0 pypi pyopengl 3.1.6 pypi_0 pypi pyparsing 3.0.9 pypi_0 pypi python 3.8.3 hcff3b4d_2 python-dateutil 2.8.2 pypi_0 pypi pytz 2023.3 pypi_0 pypi pyyaml 6.0.1 pypi_0 pypi readline 8.2 h5eee18b_0 requests 2.30.0 pypi_0 pypi requests-oauthlib 1.3.1 pypi_0 pypi rich 11.2.0 pypi_0 pypi rsa 4.7.2 pypi_0 pypi sentry-sdk 1.22.2 pypi_0 pypi setproctitle 1.3.2 pypi_0 pypi setuptools 67.7.2 pypi_0 pypi shimmy 1.1.0 pypi_0 pypi shtab 1.6.4 pypi_0 pypi six 1.16.0 pypi_0 pypi smmap 5.0.0 pypi_0 pypi sqlite 3.45.3 h5eee18b_0 stable-baselines3 2.0.0 pypi_0 pypi tenacity 8.2.3 pypi_0 pypi tensorboard 2.11.2 pypi_0 pypi tensorboard-data-server 0.6.1 pypi_0 pypi tensorboard-plugin-wit 1.8.1 pypi_0 pypi tk 8.6.14 h39e8969_0 torch 1.12.1 pypi_0 pypi tqdm 4.65.0 pypi_0 pypi typing-extensions 4.5.0 pypi_0 pypi tyro 0.5.10 pypi_0 pypi urllib3 1.26.15 pypi_0 pypi wandb 0.13.11 pypi_0 pypi werkzeug 2.2.3 pypi_0 pypi wheel 0.40.0 pypi_0 pypi xz 5.6.4 h5eee18b_1 zipp 3.15.0 pypi_0 pypi zlib 1.2.13 h5eee18b_1
[/bin/bash] ##############################################
[/bin/bash] ## Start run script
/home/s2989344/.conda/envs/CleanRL/lib/python3.8/site-packages/torch/utils/tensorboard/__init__.py:4: DeprecationWarning: distutils Version classes are deprecated. Use packaging.version instead.
  if not hasattr(tensorboard, "__version__") or LooseVersion(
global_step=37, episodic_return=[37.]
global_step=64, episodic_return=[27.]
global_step=81, episodic_return=[17.]
global_step=105, episodic_return=[24.]
global_step=118, episodic_return=[13.]
SPS: 491
global_step=141, episodic_return=[23.]
global_step=163, episodic_return=[22.]
global_step=185, episodic_return=[22.]
global_step=225, episodic_return=[40.]
global_step=248, episodic_return=[23.]
SPS: 550
global_step=295, episodic_return=[47.]
global_step=324, episodic_return=[29.]
global_step=353, episodic_return=[29.]
global_step=369, episodic_return=[16.]
SPS: 573
global_step=386, episodic_return=[17.]
global_step=403, episodic_return=[17.]
global_step=442, episodic_return=[39.]
global_step=488, episodic_return=[46.]
SPS: 586
global_step=516, episodic_return=[28.]
global_step=545, episodic_return=[29.]
global_step=561, episodic_return=[16.]
global_step=576, episodic_return=[15.]
global_step=589, episodic_return=[13.]
global_step=610, episodic_return=[21.]
global_step=631, episodic_return=[21.]
SPS: 592
global_step=647, episodic_return=[16.]
global_step=666, episodic_return=[19.]
global_step=679, episodic_return=[13.]
global_step=702, episodic_return=[23.]
global_step=712, episodic_return=[10.]
global_step=735, episodic_return=[23.]
global_step=756, episodic_return=[21.]
SPS: 596
global_step=771, episodic_return=[15.]
global_step=791, episodic_return=[20.]
global_step=806, episodic_return=[15.]
global_step=825, episodic_return=[19.]
global_step=837, episodic_return=[12.]
global_step=849, episodic_return=[12.]
global_step=884, episodic_return=[35.]
SPS: 598
global_step=909, episodic_return=[25.]
global_step=934, episodic_return=[25.]
global_step=985, episodic_return=[51.]
global_step=1021, episodic_return=[36.]
SPS: 603
global_step=1044, episodic_return=[23.]
global_step=1071, episodic_return=[27.]
global_step=1088, episodic_return=[17.]
global_step=1123, episodic_return=[35.]
SPS: 604
global_step=1171, episodic_return=[48.]
global_step=1217, episodic_return=[46.]
global_step=1278, episodic_return=[61.]
SPS: 607
global_step=1290, episodic_return=[12.]
global_step=1351, episodic_return=[61.]
SPS: 609
global_step=1437, episodic_return=[86.]
global_step=1510, episodic_return=[73.]
SPS: 612
global_step=1562, episodic_return=[52.]
global_step=1596, episodic_return=[34.]
global_step=1648, episodic_return=[52.]
SPS: 613
global_step=1699, episodic_return=[51.]
global_step=1784, episodic_return=[85.]
SPS: 615
global_step=1845, episodic_return=[61.]
global_step=1869, episodic_return=[24.]
global_step=1900, episodic_return=[31.]
SPS: 616
global_step=1971, episodic_return=[71.]
global_step=1992, episodic_return=[21.]
global_step=2023, episodic_return=[31.]
SPS: 617
global_step=2090, episodic_return=[67.]
SPS: 618
global_step=2203, episodic_return=[113.]
global_step=2286, episodic_return=[83.]
SPS: 619
global_step=2372, episodic_return=[86.]
SPS: 620
global_step=2437, episodic_return=[65.]
global_step=2548, episodic_return=[111.]
SPS: 620
global_step=2600, episodic_return=[52.]
global_step=2670, episodic_return=[70.]
SPS: 621
global_step=2709, episodic_return=[39.]
SPS: 622
global_step=2829, episodic_return=[120.]
global_step=2881, episodic_return=[52.]
SPS: 623
global_step=2968, episodic_return=[87.]
SPS: 624
global_step=3092, episodic_return=[124.]
SPS: 624
global_step=3290, episodic_return=[198.]
SPS: 625
SPS: 626
global_step=3557, episodic_return=[267.]
SPS: 626
SPS: 627
global_step=3723, episodic_return=[166.]
SPS: 627
global_step=3879, episodic_return=[156.]
SPS: 628
global_step=4046, episodic_return=[167.]
SPS: 628
global_step=4152, episodic_return=[106.]
SPS: 628
global_step=4261, episodic_return=[109.]
SPS: 628
global_step=4367, episodic_return=[106.]
SPS: 628
global_step=4496, episodic_return=[129.]
global_step=4591, episodic_return=[95.]
SPS: 629
global_step=4712, episodic_return=[121.]
SPS: 629
global_step=4853, episodic_return=[141.]
SPS: 630
SPS: 630
global_step=5112, episodic_return=[259.]
SPS: 631
SPS: 631
global_step=5321, episodic_return=[209.]
SPS: 631
global_step=5480, episodic_return=[159.]
SPS: 632
global_step=5551, episodic_return=[71.]
SPS: 632
global_step=5686, episodic_return=[135.]
SPS: 632
global_step=5804, episodic_return=[118.]
SPS: 633
global_step=5968, episodic_return=[164.]
SPS: 633
global_step=6116, episodic_return=[148.]
SPS: 633
global_step=6253, episodic_return=[137.]
SPS: 633
SPS: 633
global_step=6516, episodic_return=[263.]
SPS: 633
SPS: 634
global_step=6667, episodic_return=[151.]
SPS: 634
global_step=6882, episodic_return=[215.]
SPS: 634
global_step=7032, episodic_return=[150.]
SPS: 634
SPS: 634
global_step=7228, episodic_return=[196.]
SPS: 634
SPS: 635
global_step=7434, episodic_return=[206.]
global_step=7543, episodic_return=[109.]
SPS: 635
SPS: 635
global_step=7715, episodic_return=[172.]
SPS: 635
global_step=7839, episodic_return=[124.]
SPS: 635
global_step=7991, episodic_return=[152.]
SPS: 635
global_step=8152, episodic_return=[161.]
SPS: 635
SPS: 635
global_step=8332, episodic_return=[180.]
SPS: 635
SPS: 636
global_step=8696, episodic_return=[364.]
SPS: 636
SPS: 636
global_step=8842, episodic_return=[146.]
SPS: 636
global_step=9010, episodic_return=[168.]
SPS: 636
SPS: 636
global_step=9264, episodic_return=[254.]
SPS: 636
SPS: 636
SPS: 636
global_step=9669, episodic_return=[405.]
SPS: 636
SPS: 636
global_step=9900, episodic_return=[231.]
SPS: 637
SPS: 637
global_step=10125, episodic_return=[225.]
SPS: 637
global_step=10331, episodic_return=[206.]
SPS: 637
SPS: 637
global_step=10583, episodic_return=[252.]
SPS: 637
SPS: 637
global_step=10828, episodic_return=[245.]
SPS: 637
SPS: 638
global_step=11042, episodic_return=[214.]
SPS: 638
SPS: 638
global_step=11296, episodic_return=[254.]
SPS: 638
global_step=11478, episodic_return=[182.]
SPS: 638
global_step=11603, episodic_return=[125.]
SPS: 638
SPS: 638
global_step=11816, episodic_return=[213.]
SPS: 638
SPS: 638
global_step=12033, episodic_return=[217.]
SPS: 638
global_step=12262, episodic_return=[229.]
SPS: 638
global_step=12365, episodic_return=[103.]
SPS: 638
global_step=12445, episodic_return=[80.]
SPS: 639
global_step=12660, episodic_return=[215.]
SPS: 639
global_step=12790, episodic_return=[130.]
SPS: 639
SPS: 639
SPS: 639
global_step=13068, episodic_return=[278.]
SPS: 639
global_step=13257, episodic_return=[189.]
SPS: 639
global_step=13385, episodic_return=[128.]
SPS: 639
global_step=13565, episodic_return=[180.]
SPS: 639
SPS: 639
global_step=13792, episodic_return=[227.]
SPS: 639
SPS: 639
global_step=13957, episodic_return=[165.]
SPS: 639
global_step=14171, episodic_return=[214.]
SPS: 639
SPS: 639
global_step=14436, episodic_return=[265.]
SPS: 639
SPS: 639
global_step=14624, episodic_return=[188.]
SPS: 639
global_step=14771, episodic_return=[147.]
SPS: 639
global_step=14940, episodic_return=[169.]
SPS: 639
SPS: 639
global_step=15227, episodic_return=[287.]
SPS: 639
global_step=15315, episodic_return=[88.]
SPS: 639
global_step=15420, episodic_return=[105.]
SPS: 639
global_step=15500, episodic_return=[80.]
SPS: 639
global_step=15727, episodic_return=[227.]
SPS: 639
global_step=15837, episodic_return=[110.]
SPS: 639
global_step=15949, episodic_return=[112.]
SPS: 640
global_step=16054, episodic_return=[105.]
SPS: 640
SPS: 640
SPS: 640
global_step=16493, episodic_return=[439.]
SPS: 640
SPS: 640
SPS: 640
global_step=16832, episodic_return=[339.]
SPS: 640
global_step=16958, episodic_return=[126.]
SPS: 640
SPS: 640
global_step=17163, episodic_return=[205.]
SPS: 640
global_step=17368, episodic_return=[205.]
SPS: 640
SPS: 640
global_step=17600, episodic_return=[232.]
SPS: 640
SPS: 640
SPS: 640
global_step=18007, episodic_return=[407.]
SPS: 640
SPS: 641
global_step=18216, episodic_return=[209.]
SPS: 641
SPS: 641
global_step=18509, episodic_return=[293.]
SPS: 641
global_step=18682, episodic_return=[173.]
SPS: 641
SPS: 641
SPS: 641
global_step=18989, episodic_return=[307.]
SPS: 641
SPS: 641
global_step=19283, episodic_return=[294.]
SPS: 641
SPS: 641
global_step=19470, episodic_return=[187.]
SPS: 641
SPS: 641
global_step=19722, episodic_return=[252.]
SPS: 641
global_step=19920, episodic_return=[198.]
SPS: 641
global_step=20052, episodic_return=[132.]
SPS: 641
SPS: 641
global_step=20273, episodic_return=[221.]
SPS: 641
global_step=20389, episodic_return=[116.]
SPS: 641
SPS: 641
global_step=20670, episodic_return=[281.]
SPS: 641
global_step=20808, episodic_return=[138.]
SPS: 641
global_step=20955, episodic_return=[147.]
SPS: 641
SPS: 641
global_step=21165, episodic_return=[210.]
SPS: 642
global_step=21294, episodic_return=[129.]
SPS: 642
global_step=21494, episodic_return=[200.]
SPS: 642
SPS: 642
global_step=21650, episodic_return=[156.]
SPS: 642
SPS: 642
SPS: 642
global_step=22110, episodic_return=[460.]
SPS: 642
SPS: 642
SPS: 642
SPS: 642
global_step=22610, episodic_return=[500.]
SPS: 642
SPS: 642
global_step=22819, episodic_return=[209.]
SPS: 642
SPS: 642
SPS: 642
global_step=23203, episodic_return=[384.]
SPS: 642
global_step=23357, episodic_return=[154.]
SPS: 642
global_step=23487, episodic_return=[130.]
SPS: 642
global_step=23617, episodic_return=[130.]
SPS: 642
SPS: 642
global_step=23880, episodic_return=[263.]
SPS: 642
SPS: 642
global_step=24185, episodic_return=[305.]
SPS: 642
SPS: 642
global_step=24392, episodic_return=[207.]
SPS: 642
SPS: 642
global_step=24610, episodic_return=[218.]
SPS: 642
SPS: 642
SPS: 642
global_step=24972, episodic_return=[362.]
SPS: 642
SPS: 642
global_step=25283, episodic_return=[311.]
SPS: 642
SPS: 642
global_step=25503, episodic_return=[220.]
SPS: 643
SPS: 643
global_step=25748, episodic_return=[245.]
SPS: 643
SPS: 643
global_step=26062, episodic_return=[314.]
SPS: 643
SPS: 643
global_step=26288, episodic_return=[226.]
SPS: 643
global_step=26456, episodic_return=[168.]
SPS: 643
SPS: 643
SPS: 643
global_step=26800, episodic_return=[344.]
SPS: 643
SPS: 643
global_step=27040, episodic_return=[240.]
SPS: 643
global_step=27213, episodic_return=[173.]
SPS: 643
SPS: 643
SPS: 643
global_step=27530, episodic_return=[317.]
SPS: 643
global_step=27716, episodic_return=[186.]
SPS: 643
SPS: 643
global_step=28015, episodic_return=[299.]
SPS: 643
SPS: 643
SPS: 643
global_step=28316, episodic_return=[301.]
SPS: 643
SPS: 643
global_step=28666, episodic_return=[350.]
SPS: 643
SPS: 643
SPS: 643
global_step=28969, episodic_return=[303.]
SPS: 643
SPS: 643
global_step=29228, episodic_return=[259.]
SPS: 643
SPS: 643
global_step=29463, episodic_return=[235.]
SPS: 643
SPS: 643
global_step=29748, episodic_return=[285.]
SPS: 643
SPS: 643
SPS: 643
global_step=30202, episodic_return=[454.]
SPS: 643
SPS: 643
SPS: 643
SPS: 643
global_step=30702, episodic_return=[500.]
SPS: 643
SPS: 643
SPS: 644
global_step=31002, episodic_return=[300.]
SPS: 644
global_step=31158, episodic_return=[156.]
SPS: 644
SPS: 644
global_step=31429, episodic_return=[271.]
SPS: 644
SPS: 644
SPS: 644
global_step=31806, episodic_return=[377.]
SPS: 644
SPS: 644
global_step=32072, episodic_return=[266.]
SPS: 644
SPS: 644
global_step=32317, episodic_return=[245.]
SPS: 644
SPS: 644
SPS: 644
SPS: 644
global_step=32817, episodic_return=[500.]
SPS: 644
SPS: 644
global_step=33081, episodic_return=[264.]
SPS: 644
SPS: 644
SPS: 644
SPS: 644
global_step=33581, episodic_return=[500.]
SPS: 644
SPS: 644
global_step=33917, episodic_return=[336.]
SPS: 644
SPS: 644
SPS: 644
global_step=34217, episodic_return=[300.]
SPS: 644
SPS: 644
SPS: 644
global_step=34624, episodic_return=[407.]
SPS: 644
global_step=34732, episodic_return=[108.]
SPS: 644
SPS: 644
global_step=34949, episodic_return=[217.]
SPS: 644
global_step=35105, episodic_return=[156.]
SPS: 644
SPS: 644
global_step=35440, episodic_return=[335.]
SPS: 644
SPS: 644
global_step=35612, episodic_return=[172.]
SPS: 644
SPS: 644
global_step=35916, episodic_return=[304.]
SPS: 644
SPS: 644
SPS: 644
global_step=36256, episodic_return=[340.]
SPS: 644
SPS: 644
global_step=36483, episodic_return=[227.]
SPS: 644
SPS: 644
SPS: 644
global_step=36983, episodic_return=[500.]
SPS: 644
SPS: 644
SPS: 644
SPS: 644
global_step=37399, episodic_return=[416.]
SPS: 644
SPS: 644
SPS: 644
global_step=37785, episodic_return=[386.]
SPS: 644
SPS: 644
global_step=38036, episodic_return=[251.]
SPS: 644
SPS: 644
global_step=38387, episodic_return=[351.]
SPS: 644
SPS: 644
SPS: 644
global_step=38728, episodic_return=[341.]
SPS: 644
SPS: 644
SPS: 644
SPS: 644
global_step=39192, episodic_return=[464.]
SPS: 644
global_step=39373, episodic_return=[181.]
SPS: 644
SPS: 644
global_step=39650, episodic_return=[277.]
SPS: 644
SPS: 644
global_step=39840, episodic_return=[190.]
SPS: 644
SPS: 644
SPS: 644
global_step=40276, episodic_return=[436.]
SPS: 644
SPS: 644
SPS: 644
SPS: 644
global_step=40772, episodic_return=[496.]
SPS: 644
SPS: 644
SPS: 644
global_step=41143, episodic_return=[371.]
SPS: 644
SPS: 644
SPS: 644
global_step=41533, episodic_return=[390.]
SPS: 644
SPS: 644
global_step=41809, episodic_return=[276.]
SPS: 644
SPS: 644
SPS: 644
SPS: 644
global_step=42275, episodic_return=[466.]
SPS: 644
global_step=42485, episodic_return=[210.]
SPS: 644
SPS: 644
SPS: 644
global_step=42789, episodic_return=[304.]
SPS: 644
SPS: 644
SPS: 644
global_step=43215, episodic_return=[426.]
SPS: 644
SPS: 644
SPS: 644
global_step=43582, episodic_return=[367.]
SPS: 644
SPS: 644
global_step=43835, episodic_return=[253.]
SPS: 644
global_step=43977, episodic_return=[142.]
SPS: 644
SPS: 644
global_step=44203, episodic_return=[226.]
SPS: 644
global_step=44358, episodic_return=[155.]
SPS: 644
global_step=44541, episodic_return=[183.]
SPS: 644
SPS: 644
SPS: 644
global_step=44905, episodic_return=[364.]
SPS: 644
global_step=45051, episodic_return=[146.]
SPS: 644
SPS: 644
SPS: 644
SPS: 644
global_step=45501, episodic_return=[450.]
SPS: 644
SPS: 644
SPS: 644
global_step=45826, episodic_return=[325.]
SPS: 644
global_step=46045, episodic_return=[219.]
SPS: 644
SPS: 644
global_step=46270, episodic_return=[225.]
SPS: 644
global_step=46435, episodic_return=[165.]
SPS: 644
SPS: 644
global_step=46608, episodic_return=[173.]
SPS: 644
global_step=46737, episodic_return=[129.]
SPS: 644
global_step=46924, episodic_return=[187.]
SPS: 644
global_step=47099, episodic_return=[175.]
SPS: 644
SPS: 644
global_step=47257, episodic_return=[158.]
SPS: 644
SPS: 644
global_step=47531, episodic_return=[274.]
SPS: 644
global_step=47743, episodic_return=[212.]
SPS: 644
SPS: 644
global_step=47893, episodic_return=[150.]
SPS: 644
global_step=48128, episodic_return=[235.]
SPS: 644
SPS: 644
global_step=48259, episodic_return=[131.]
SPS: 644
global_step=48412, episodic_return=[153.]
SPS: 644
SPS: 644
global_step=48662, episodic_return=[250.]
SPS: 644
global_step=48847, episodic_return=[185.]
SPS: 644
SPS: 644
global_step=49096, episodic_return=[249.]
SPS: 644
SPS: 644
global_step=49285, episodic_return=[189.]
SPS: 644
global_step=49451, episodic_return=[166.]
SPS: 644
SPS: 644
global_step=49784, episodic_return=[333.]
SPS: 644
SPS: 644
global_step=50023, episodic_return=[239.]
SPS: 644
SPS: 644
global_step=50179, episodic_return=[156.]
SPS: 644
SPS: 644
SPS: 645
global_step=50574, episodic_return=[395.]
SPS: 645
SPS: 645
SPS: 645
SPS: 645
global_step=51074, episodic_return=[500.]
SPS: 645
global_step=51303, episodic_return=[229.]
SPS: 645
SPS: 645
SPS: 645
global_step=51647, episodic_return=[344.]
SPS: 645
SPS: 645
SPS: 645
global_step=52000, episodic_return=[353.]
SPS: 645
SPS: 645
global_step=52254, episodic_return=[254.]
SPS: 645
SPS: 645
global_step=52505, episodic_return=[251.]
SPS: 645
SPS: 645
SPS: 645
global_step=52880, episodic_return=[375.]
SPS: 645
SPS: 645
SPS: 645
SPS: 645
global_step=53380, episodic_return=[500.]
SPS: 645
global_step=53609, episodic_return=[229.]
SPS: 645
SPS: 645
SPS: 645
SPS: 645
global_step=54109, episodic_return=[500.]
SPS: 645
SPS: 645
SPS: 645
SPS: 645
global_step=54598, episodic_return=[489.]
SPS: 645
SPS: 645
global_step=54870, episodic_return=[272.]
SPS: 645
SPS: 645
SPS: 645
global_step=55203, episodic_return=[333.]
SPS: 645
global_step=55356, episodic_return=[153.]
SPS: 645
SPS: 645
SPS: 645
SPS: 645
global_step=55856, episodic_return=[500.]
SPS: 645
SPS: 645
SPS: 645
SPS: 645
global_step=56356, episodic_return=[500.]
SPS: 645
SPS: 645
SPS: 645
SPS: 645
global_step=56856, episodic_return=[500.]
SPS: 645
global_step=57065, episodic_return=[209.]
SPS: 645
SPS: 645
SPS: 645
SPS: 645
global_step=57565, episodic_return=[500.]
SPS: 645
SPS: 645
SPS: 645
SPS: 645
global_step=58065, episodic_return=[500.]
SPS: 645
global_step=58231, episodic_return=[166.]
SPS: 645
SPS: 645
global_step=58469, episodic_return=[238.]
SPS: 645
SPS: 645
global_step=58710, episodic_return=[241.]
SPS: 645
global_step=58876, episodic_return=[166.]
SPS: 645
SPS: 645
global_step=59048, episodic_return=[172.]
SPS: 645
global_step=59174, episodic_return=[126.]
SPS: 645
global_step=59366, episodic_return=[192.]
SPS: 645
SPS: 645
global_step=59530, episodic_return=[164.]
SPS: 645
global_step=59733, episodic_return=[203.]
SPS: 645
global_step=59886, episodic_return=[153.]
SPS: 645
SPS: 645
global_step=60044, episodic_return=[158.]
SPS: 645
global_step=60172, episodic_return=[128.]
SPS: 645
global_step=60385, episodic_return=[213.]
SPS: 645
global_step=60518, episodic_return=[133.]
SPS: 645
SPS: 645
global_step=60681, episodic_return=[163.]
SPS: 645
global_step=60828, episodic_return=[147.]
SPS: 645
global_step=60960, episodic_return=[132.]
SPS: 645
global_step=61059, episodic_return=[99.]
SPS: 645
global_step=61192, episodic_return=[133.]
global_step=61299, episodic_return=[107.]
SPS: 645
SPS: 645
global_step=61469, episodic_return=[170.]
SPS: 645
global_step=61619, episodic_return=[150.]
SPS: 645
global_step=61754, episodic_return=[135.]
SPS: 645
global_step=61923, episodic_return=[169.]
SPS: 645
global_step=62048, episodic_return=[125.]
SPS: 645
global_step=62188, episodic_return=[140.]
SPS: 645
global_step=62314, episodic_return=[126.]
SPS: 645
global_step=62420, episodic_return=[106.]
SPS: 645
SPS: 645
SPS: 645
global_step=62784, episodic_return=[364.]
SPS: 645
global_step=62918, episodic_return=[134.]
SPS: 645
global_step=63026, episodic_return=[108.]
global_step=63095, episodic_return=[69.]
SPS: 645
global_step=63191, episodic_return=[96.]
SPS: 645
global_step=63310, episodic_return=[119.]
SPS: 645
global_step=63461, episodic_return=[151.]
SPS: 645
global_step=63581, episodic_return=[120.]
SPS: 645
global_step=63684, episodic_return=[103.]
SPS: 645
global_step=63856, episodic_return=[172.]
SPS: 645
global_step=63988, episodic_return=[132.]
SPS: 645
global_step=64106, episodic_return=[118.]
SPS: 645
global_step=64196, episodic_return=[90.]
SPS: 645
global_step=64265, episodic_return=[69.]
SPS: 645
global_step=64401, episodic_return=[136.]
SPS: 645
global_step=64550, episodic_return=[149.]
SPS: 645
global_step=64692, episodic_return=[142.]
SPS: 645
global_step=64821, episodic_return=[129.]
SPS: 645
global_step=64952, episodic_return=[131.]
SPS: 645
global_step=65079, episodic_return=[127.]
SPS: 645
global_step=65271, episodic_return=[192.]
SPS: 645
SPS: 645
global_step=65514, episodic_return=[243.]
SPS: 645
SPS: 645
global_step=65764, episodic_return=[250.]
SPS: 645
SPS: 645
global_step=65965, episodic_return=[201.]
SPS: 645
global_step=66153, episodic_return=[188.]
SPS: 645
SPS: 645
SPS: 645
global_step=66452, episodic_return=[299.]
SPS: 645
global_step=66620, episodic_return=[168.]
SPS: 645
SPS: 645
global_step=66851, episodic_return=[231.]
SPS: 645
SPS: 645
global_step=67183, episodic_return=[332.]
SPS: 645
SPS: 645
global_step=67381, episodic_return=[198.]
SPS: 645
global_step=67555, episodic_return=[174.]
SPS: 645
SPS: 645
global_step=67784, episodic_return=[229.]
SPS: 645
SPS: 645
SPS: 645
global_step=68159, episodic_return=[375.]
SPS: 645
SPS: 645
global_step=68415, episodic_return=[256.]
SPS: 645
SPS: 645
SPS: 645
global_step=68771, episodic_return=[356.]
SPS: 645
SPS: 645
global_step=69091, episodic_return=[320.]
SPS: 645
SPS: 645
SPS: 645
global_step=69398, episodic_return=[307.]
SPS: 645
SPS: 645
SPS: 645
global_step=69805, episodic_return=[407.]
SPS: 645
SPS: 645
SPS: 645
SPS: 645
global_step=70305, episodic_return=[500.]
SPS: 645
SPS: 645
SPS: 645
global_step=70709, episodic_return=[404.]
SPS: 645
SPS: 645
SPS: 645
SPS: 645
global_step=71209, episodic_return=[500.]
SPS: 645
SPS: 645
SPS: 645
global_step=71613, episodic_return=[404.]
SPS: 645
SPS: 646
global_step=71856, episodic_return=[243.]
SPS: 646
SPS: 646
SPS: 646
SPS: 646
global_step=72356, episodic_return=[500.]
SPS: 646
SPS: 646
global_step=72626, episodic_return=[270.]
SPS: 646
SPS: 646
SPS: 646
SPS: 646
global_step=73126, episodic_return=[500.]
SPS: 646
SPS: 646
SPS: 646
SPS: 646
global_step=73626, episodic_return=[500.]
SPS: 646
global_step=73808, episodic_return=[182.]
SPS: 646
global_step=73948, episodic_return=[140.]
SPS: 646
SPS: 646
SPS: 646
SPS: 646
global_step=74448, episodic_return=[500.]
SPS: 646
SPS: 646
SPS: 646
SPS: 646
global_step=74948, episodic_return=[500.]
SPS: 646
SPS: 646
SPS: 646
SPS: 646
global_step=75448, episodic_return=[500.]
SPS: 646
SPS: 646
SPS: 646
SPS: 646
global_step=75948, episodic_return=[500.]
SPS: 646
SPS: 646
SPS: 646
SPS: 646
global_step=76448, episodic_return=[500.]
SPS: 646
SPS: 646
SPS: 646
global_step=76916, episodic_return=[468.]
SPS: 646
SPS: 646
SPS: 646
SPS: 646
global_step=77416, episodic_return=[500.]
SPS: 646
SPS: 646
SPS: 646
SPS: 646
global_step=77916, episodic_return=[500.]
SPS: 646
SPS: 646
SPS: 646
SPS: 646
global_step=78416, episodic_return=[500.]
SPS: 646
SPS: 646
SPS: 646
global_step=78834, episodic_return=[418.]
SPS: 646
SPS: 646
SPS: 646
SPS: 646
global_step=79334, episodic_return=[500.]
SPS: 646
SPS: 646
SPS: 646
SPS: 646
global_step=79834, episodic_return=[500.]
SPS: 646
SPS: 646
SPS: 646
SPS: 646
global_step=80334, episodic_return=[500.]
SPS: 646
SPS: 646
SPS: 646
SPS: 646
global_step=80834, episodic_return=[500.]
SPS: 646
SPS: 646
SPS: 646
SPS: 646
global_step=81334, episodic_return=[500.]
SPS: 646
SPS: 646
SPS: 646
SPS: 646
global_step=81794, episodic_return=[460.]
SPS: 646
global_step=82002, episodic_return=[208.]
SPS: 646
SPS: 646
SPS: 646
SPS: 646
global_step=82485, episodic_return=[483.]
SPS: 646
SPS: 646
SPS: 646
global_step=82852, episodic_return=[367.]
SPS: 646
SPS: 646
SPS: 646
global_step=83318, episodic_return=[466.]
SPS: 646
SPS: 646
SPS: 646
global_step=83667, episodic_return=[349.]
SPS: 646
SPS: 646
SPS: 646
SPS: 646
global_step=84167, episodic_return=[500.]
SPS: 646
global_step=84320, episodic_return=[153.]
SPS: 646
SPS: 646
SPS: 646
global_step=84615, episodic_return=[295.]
SPS: 646
SPS: 646
SPS: 646
global_step=85115, episodic_return=[500.]
SPS: 646
SPS: 646
SPS: 646
global_step=85450, episodic_return=[335.]
SPS: 646
SPS: 646
SPS: 646
global_step=85780, episodic_return=[330.]
SPS: 646
SPS: 646
SPS: 646
SPS: 646
global_step=86280, episodic_return=[500.]
SPS: 646
SPS: 646
global_step=86573, episodic_return=[293.]
SPS: 646
global_step=86746, episodic_return=[173.]
SPS: 646
SPS: 646
SPS: 646
SPS: 646
global_step=87246, episodic_return=[500.]
SPS: 646
SPS: 646
global_step=87538, episodic_return=[292.]
SPS: 646
SPS: 646
SPS: 646
SPS: 646
global_step=88038, episodic_return=[500.]
SPS: 646
SPS: 646
SPS: 646
SPS: 646
global_step=88525, episodic_return=[487.]
SPS: 646
global_step=88666, episodic_return=[141.]
SPS: 646
SPS: 646
SPS: 646
SPS: 646
global_step=89166, episodic_return=[500.]
SPS: 646
SPS: 646
SPS: 646
SPS: 646
global_step=89666, episodic_return=[500.]
SPS: 646
SPS: 646
SPS: 646
SPS: 646
global_step=90166, episodic_return=[500.]
SPS: 646
global_step=90333, episodic_return=[167.]
SPS: 646
SPS: 646
SPS: 646
SPS: 646
global_step=90833, episodic_return=[500.]
SPS: 646
SPS: 646
global_step=91092, episodic_return=[259.]
SPS: 646
SPS: 646
SPS: 646
SPS: 646
global_step=91592, episodic_return=[500.]
SPS: 646
SPS: 646
SPS: 646
SPS: 646
global_step=92092, episodic_return=[500.]
SPS: 646
SPS: 646
SPS: 646
SPS: 646
global_step=92592, episodic_return=[500.]
SPS: 646
SPS: 646
global_step=92822, episodic_return=[230.]
SPS: 646
global_step=93046, episodic_return=[224.]
SPS: 646
SPS: 646
SPS: 646
SPS: 646
global_step=93546, episodic_return=[500.]
SPS: 646
global_step=93673, episodic_return=[127.]
SPS: 646
SPS: 646
SPS: 646
SPS: 646
global_step=94100, episodic_return=[427.]
SPS: 646
SPS: 646
SPS: 646
global_step=94520, episodic_return=[420.]
SPS: 646
SPS: 646
SPS: 646
SPS: 646
global_step=95020, episodic_return=[500.]
SPS: 646
global_step=95142, episodic_return=[122.]
SPS: 646
SPS: 646
SPS: 646
SPS: 646
global_step=95642, episodic_return=[500.]
SPS: 646
global_step=95840, episodic_return=[198.]
SPS: 646
SPS: 646
SPS: 646
global_step=96248, episodic_return=[408.]
SPS: 646
SPS: 646
SPS: 646
SPS: 646
global_step=96748, episodic_return=[500.]
SPS: 646
SPS: 646
global_step=96988, episodic_return=[240.]
SPS: 646
global_step=97116, episodic_return=[128.]
SPS: 646
SPS: 646
SPS: 646
SPS: 646
global_step=97616, episodic_return=[500.]
SPS: 646
SPS: 646
global_step=97896, episodic_return=[280.]
SPS: 646
SPS: 646
SPS: 646
global_step=98301, episodic_return=[405.]
SPS: 646
SPS: 646
SPS: 646
global_step=98680, episodic_return=[379.]
SPS: 646
SPS: 646
SPS: 646
SPS: 646
global_step=99180, episodic_return=[500.]
SPS: 646
SPS: 646
SPS: 646
SPS: 646
global_step=99590, episodic_return=[410.]
SPS: 646
SPS: 646
SPS: 646
Using hyperparameter file ./hps/CleanRL_ppo_defaultdiscrete.yml
[Errno 2] No such file or directory: './CleanRL/results/ppo_CartPole-v1_100000/defaultdiscrete'
Using initial folder
[/bin/bash] ## Script finished
[/bin/bash] #### Finished Python test. Have a nice day
