[/bin/bash] 3830770############################################
[/bin/bash] ## Starting Python Python 3.8.3
[/bin/bash] ## Training using algorithm ppo from framework CleanRL
[/bin/bash] ## On environment CartPole-v1 with 100000 timesteps
[/bin/bash] ## This is repetition 4/5
[/bin/bash] ## This is s2989344 on node001 and this job has the ID 3900160
[/bin/bash] ##############################################
[/bin/bash] ## current working directory: /home/s2989344/Documents/MSc/CleanRL
[/bin/bash] ## current python version: Python 3.8.3
[/bin/bash] ## python from path: /home/s2989344/.conda/envs/CleanRL/bin/python
[/bin/bash] ## list of packages: # packages in environment at /home/s2989344/.conda/envs/CleanRL: # # Name Version Build Channel _libgcc_mutex 0.1 main _openmp_mutex 5.1 1_gnu absl-py 1.4.0 pypi_0 pypi ale-py 0.8.1 pypi_0 pypi appdirs 1.4.4 pypi_0 pypi autorom 0.4.2 pypi_0 pypi autorom-accept-rom-license 0.6.1 pypi_0 pypi ca-certificates 2025.2.25 h06a4308_0 cachetools 5.3.0 pypi_0 pypi certifi 2023.5.7 pypi_0 pypi charset-normalizer 3.1.0 pypi_0 pypi click 8.1.3 pypi_0 pypi cloudpickle 2.2.1 pypi_0 pypi colorama 0.4.4 pypi_0 pypi commonmark 0.9.1 pypi_0 pypi cycler 0.11.0 pypi_0 pypi decorator 4.4.2 pypi_0 pypi docker-pycreds 0.4.0 pypi_0 pypi docstring-parser 0.15 pypi_0 pypi farama-notifications 0.0.4 pypi_0 pypi filelock 3.12.0 pypi_0 pypi fonttools 4.38.0 pypi_0 pypi gitdb 4.0.10 pypi_0 pypi gitpython 3.1.31 pypi_0 pypi glfw 1.12.0 pypi_0 pypi google-auth 2.18.0 pypi_0 pypi google-auth-oauthlib 0.4.6 pypi_0 pypi grpcio 1.54.0 pypi_0 pypi gym 0.23.1 pypi_0 pypi gym-notices 0.0.8 pypi_0 pypi gymnasium 0.28.1 pypi_0 pypi huggingface-hub 0.11.1 pypi_0 pypi idna 3.4 pypi_0 pypi imageio 2.28.1 pypi_0 pypi imageio-ffmpeg 0.3.0 pypi_0 pypi importlib-metadata 5.2.0 pypi_0 pypi importlib-resources 5.12.0 pypi_0 pypi jax-jumpy 1.0.0 pypi_0 pypi kiwisolver 1.4.4 pypi_0 pypi ld_impl_linux-64 2.40 h12ee557_0 libffi 3.3 he6710b0_2 libgcc-ng 11.2.0 h1234567_1 libgomp 11.2.0 h1234567_1 libstdcxx-ng 11.2.0 h1234567_1 markdown 3.3.7 pypi_0 pypi markupsafe 2.1.2 pypi_0 pypi matplotlib 3.5.3 pypi_0 pypi moviepy 1.0.3 pypi_0 pypi mujoco 2.3.3 pypi_0 pypi ncurses 6.4 h6a678d5_0 numpy 1.24.4 pypi_0 pypi oauthlib 3.2.2 pypi_0 pypi opencv-python 4.7.0.72 pypi_0 pypi openssl 1.1.1w h7f8727e_0 packaging 23.1 pypi_0 pypi pandas 1.3.5 pypi_0 pypi pathtools 0.1.2 pypi_0 pypi pillow 9.5.0 pypi_0 pypi pip 24.2 py38h06a4308_0 proglog 0.1.10 pypi_0 pypi protobuf 3.20.3 pypi_0 pypi psutil 5.9.5 pypi_0 pypi pyasn1 0.5.0 pypi_0 pypi pyasn1-modules 0.3.0 pypi_0 pypi pygame 2.1.0 pypi_0 pypi pygments 2.15.1 pypi_0 pypi pyopengl 3.1.6 pypi_0 pypi pyparsing 3.0.9 pypi_0 pypi python 3.8.3 hcff3b4d_2 python-dateutil 2.8.2 pypi_0 pypi pytz 2023.3 pypi_0 pypi pyyaml 6.0.1 pypi_0 pypi readline 8.2 h5eee18b_0 requests 2.30.0 pypi_0 pypi requests-oauthlib 1.3.1 pypi_0 pypi rich 11.2.0 pypi_0 pypi rsa 4.7.2 pypi_0 pypi sentry-sdk 1.22.2 pypi_0 pypi setproctitle 1.3.2 pypi_0 pypi setuptools 67.7.2 pypi_0 pypi shimmy 1.1.0 pypi_0 pypi shtab 1.6.4 pypi_0 pypi six 1.16.0 pypi_0 pypi smmap 5.0.0 pypi_0 pypi sqlite 3.45.3 h5eee18b_0 stable-baselines3 2.0.0 pypi_0 pypi tenacity 8.2.3 pypi_0 pypi tensorboard 2.11.2 pypi_0 pypi tensorboard-data-server 0.6.1 pypi_0 pypi tensorboard-plugin-wit 1.8.1 pypi_0 pypi tk 8.6.14 h39e8969_0 torch 1.12.1 pypi_0 pypi tqdm 4.65.0 pypi_0 pypi typing-extensions 4.5.0 pypi_0 pypi tyro 0.5.10 pypi_0 pypi urllib3 1.26.15 pypi_0 pypi wandb 0.13.11 pypi_0 pypi werkzeug 2.2.3 pypi_0 pypi wheel 0.40.0 pypi_0 pypi xz 5.6.4 h5eee18b_1 zipp 3.15.0 pypi_0 pypi zlib 1.2.13 h5eee18b_1
[/bin/bash] ##############################################
[/bin/bash] ## Start run script
/home/s2989344/.conda/envs/CleanRL/lib/python3.8/site-packages/torch/utils/tensorboard/__init__.py:4: DeprecationWarning: distutils Version classes are deprecated. Use packaging.version instead.
  if not hasattr(tensorboard, "__version__") or LooseVersion(
global_step=35, episodic_return=[35.]
global_step=62, episodic_return=[27.]
global_step=73, episodic_return=[11.]
global_step=103, episodic_return=[30.]
SPS: 544
global_step=134, episodic_return=[31.]
global_step=150, episodic_return=[16.]
global_step=177, episodic_return=[27.]
global_step=193, episodic_return=[16.]
global_step=210, episodic_return=[17.]
global_step=228, episodic_return=[18.]
SPS: 581
global_step=288, episodic_return=[60.]
global_step=303, episodic_return=[15.]
global_step=315, episodic_return=[12.]
global_step=339, episodic_return=[24.]
global_step=354, episodic_return=[15.]
global_step=376, episodic_return=[22.]
SPS: 597
global_step=406, episodic_return=[30.]
global_step=420, episodic_return=[14.]
global_step=461, episodic_return=[41.]
global_step=486, episodic_return=[25.]
global_step=500, episodic_return=[14.]
SPS: 606
global_step=537, episodic_return=[37.]
global_step=562, episodic_return=[25.]
global_step=577, episodic_return=[15.]
global_step=609, episodic_return=[32.]
SPS: 612
global_step=644, episodic_return=[35.]
global_step=663, episodic_return=[19.]
global_step=693, episodic_return=[30.]
global_step=713, episodic_return=[20.]
global_step=745, episodic_return=[32.]
global_step=764, episodic_return=[19.]
SPS: 615
global_step=787, episodic_return=[23.]
global_step=818, episodic_return=[31.]
global_step=847, episodic_return=[29.]
global_step=882, episodic_return=[35.]
global_step=896, episodic_return=[14.]
SPS: 618
global_step=913, episodic_return=[17.]
global_step=934, episodic_return=[21.]
global_step=971, episodic_return=[37.]
global_step=1005, episodic_return=[34.]
SPS: 620
global_step=1029, episodic_return=[24.]
global_step=1056, episodic_return=[27.]
global_step=1105, episodic_return=[49.]
global_step=1149, episodic_return=[44.]
SPS: 621
global_step=1171, episodic_return=[22.]
global_step=1185, episodic_return=[14.]
global_step=1203, episodic_return=[18.]
global_step=1247, episodic_return=[44.]
global_step=1273, episodic_return=[26.]
SPS: 622
global_step=1291, episodic_return=[18.]
global_step=1308, episodic_return=[17.]
global_step=1344, episodic_return=[36.]
global_step=1356, episodic_return=[12.]
global_step=1395, episodic_return=[39.]
SPS: 623
global_step=1461, episodic_return=[66.]
global_step=1499, episodic_return=[38.]
global_step=1519, episodic_return=[20.]
SPS: 625
global_step=1539, episodic_return=[20.]
global_step=1561, episodic_return=[22.]
global_step=1587, episodic_return=[26.]
global_step=1625, episodic_return=[38.]
global_step=1651, episodic_return=[26.]
SPS: 626
global_step=1701, episodic_return=[50.]
global_step=1721, episodic_return=[20.]
global_step=1754, episodic_return=[33.]
global_step=1792, episodic_return=[38.]
SPS: 627
global_step=1824, episodic_return=[32.]
global_step=1847, episodic_return=[23.]
global_step=1901, episodic_return=[54.]
SPS: 628
global_step=1938, episodic_return=[37.]
global_step=1984, episodic_return=[46.]
global_step=2007, episodic_return=[23.]
SPS: 629
global_step=2054, episodic_return=[47.]
global_step=2101, episodic_return=[47.]
global_step=2137, episodic_return=[36.]
global_step=2165, episodic_return=[28.]
SPS: 629
global_step=2188, episodic_return=[23.]
global_step=2203, episodic_return=[15.]
global_step=2228, episodic_return=[25.]
global_step=2263, episodic_return=[35.]
SPS: 630
global_step=2315, episodic_return=[52.]
global_step=2334, episodic_return=[19.]
global_step=2376, episodic_return=[42.]
SPS: 631
global_step=2481, episodic_return=[105.]
global_step=2540, episodic_return=[59.]
SPS: 631
global_step=2613, episodic_return=[73.]
global_step=2656, episodic_return=[43.]
SPS: 627
global_step=2694, episodic_return=[38.]
global_step=2737, episodic_return=[43.]
SPS: 628
global_step=2818, episodic_return=[81.]
global_step=2894, episodic_return=[76.]
global_step=2919, episodic_return=[25.]
SPS: 628
global_step=2984, episodic_return=[65.]
global_step=3037, episodic_return=[53.]
SPS: 629
global_step=3124, episodic_return=[87.]
global_step=3152, episodic_return=[28.]
global_step=3174, episodic_return=[22.]
SPS: 629
SPS: 630
global_step=3330, episodic_return=[156.]
global_step=3384, episodic_return=[54.]
SPS: 631
global_step=3460, episodic_return=[76.]
global_step=3494, episodic_return=[34.]
global_step=3574, episodic_return=[80.]
SPS: 631
global_step=3685, episodic_return=[111.]
SPS: 632
SPS: 633
global_step=3853, episodic_return=[168.]
global_step=3960, episodic_return=[107.]
SPS: 633
global_step=4041, episodic_return=[81.]
SPS: 634
global_step=4111, episodic_return=[70.]
global_step=4144, episodic_return=[33.]
global_step=4189, episodic_return=[45.]
SPS: 633
global_step=4331, episodic_return=[142.]
SPS: 634
global_step=4435, episodic_return=[104.]
SPS: 634
global_step=4533, episodic_return=[98.]
SPS: 635
SPS: 635
global_step=4837, episodic_return=[304.]
SPS: 635
global_step=4962, episodic_return=[125.]
SPS: 636
global_step=5058, episodic_return=[96.]
SPS: 636
SPS: 636
global_step=5255, episodic_return=[197.]
SPS: 637
global_step=5385, episodic_return=[130.]
SPS: 637
global_step=5517, episodic_return=[132.]
global_step=5625, episodic_return=[108.]
SPS: 637
SPS: 638
global_step=5796, episodic_return=[171.]
global_step=5844, episodic_return=[48.]
SPS: 638
global_step=5929, episodic_return=[85.]
global_step=6013, episodic_return=[84.]
SPS: 637
SPS: 638
SPS: 638
global_step=6332, episodic_return=[319.]
global_step=6365, episodic_return=[33.]
SPS: 638
global_step=6436, episodic_return=[71.]
global_step=6490, episodic_return=[54.]
SPS: 638
SPS: 638
global_step=6704, episodic_return=[214.]
SPS: 639
global_step=6786, episodic_return=[82.]
SPS: 639
global_step=6918, episodic_return=[132.]
SPS: 639
global_step=7044, episodic_return=[126.]
global_step=7165, episodic_return=[121.]
SPS: 639
global_step=7267, episodic_return=[102.]
SPS: 639
SPS: 639
global_step=7466, episodic_return=[199.]
SPS: 640
global_step=7620, episodic_return=[154.]
SPS: 640
SPS: 640
global_step=7863, episodic_return=[243.]
SPS: 640
global_step=8035, episodic_return=[172.]
SPS: 640
SPS: 640
global_step=8309, episodic_return=[274.]
SPS: 641
global_step=8404, episodic_return=[95.]
SPS: 641
SPS: 641
global_step=8623, episodic_return=[219.]
SPS: 641
global_step=8800, episodic_return=[177.]
SPS: 641
global_step=8864, episodic_return=[64.]
SPS: 641
global_step=8985, episodic_return=[121.]
SPS: 641
SPS: 641
global_step=9219, episodic_return=[234.]
global_step=9322, episodic_return=[103.]
SPS: 641
SPS: 642
SPS: 642
SPS: 642
global_step=9822, episodic_return=[500.]
SPS: 642
SPS: 642
global_step=10062, episodic_return=[240.]
SPS: 642
SPS: 642
global_step=10279, episodic_return=[217.]
SPS: 642
global_step=10466, episodic_return=[187.]
SPS: 642
SPS: 643
global_step=10714, episodic_return=[248.]
SPS: 643
global_step=10837, episodic_return=[123.]
SPS: 643
global_step=10963, episodic_return=[126.]
SPS: 643
global_step=11123, episodic_return=[160.]
SPS: 643
SPS: 643
global_step=11334, episodic_return=[211.]
SPS: 643
global_step=11439, episodic_return=[105.]
global_step=11507, episodic_return=[68.]
SPS: 643
SPS: 643
global_step=11665, episodic_return=[158.]
global_step=11725, episodic_return=[60.]
SPS: 643
global_step=11876, episodic_return=[151.]
SPS: 643
global_step=11987, episodic_return=[111.]
SPS: 643
SPS: 643
SPS: 644
global_step=12297, episodic_return=[310.]
SPS: 644
global_step=12429, episodic_return=[132.]
SPS: 644
global_step=12580, episodic_return=[151.]
global_step=12625, episodic_return=[45.]
SPS: 644
global_step=12703, episodic_return=[78.]
SPS: 644
global_step=12809, episodic_return=[106.]
SPS: 644
global_step=12962, episodic_return=[153.]
SPS: 644
global_step=13084, episodic_return=[122.]
global_step=13181, episodic_return=[97.]
SPS: 644
global_step=13264, episodic_return=[83.]
global_step=13296, episodic_return=[32.]
SPS: 644
SPS: 644
global_step=13454, episodic_return=[158.]
SPS: 644
global_step=13616, episodic_return=[162.]
SPS: 644
global_step=13764, episodic_return=[148.]
SPS: 644
SPS: 644
global_step=13982, episodic_return=[218.]
SPS: 644
global_step=14119, episodic_return=[137.]
SPS: 644
global_step=14288, episodic_return=[169.]
SPS: 644
global_step=14376, episodic_return=[88.]
global_step=14414, episodic_return=[38.]
SPS: 644
SPS: 644
SPS: 645
global_step=14809, episodic_return=[395.]
SPS: 645
global_step=14896, episodic_return=[87.]
global_step=14965, episodic_return=[69.]
SPS: 645
SPS: 645
global_step=15160, episodic_return=[195.]
SPS: 645
global_step=15280, episodic_return=[120.]
global_step=15345, episodic_return=[65.]
SPS: 645
global_step=15458, episodic_return=[113.]
SPS: 645
SPS: 645
global_step=15639, episodic_return=[181.]
SPS: 645
global_step=15764, episodic_return=[125.]
SPS: 645
global_step=15903, episodic_return=[139.]
SPS: 645
global_step=16032, episodic_return=[129.]
SPS: 645
global_step=16146, episodic_return=[114.]
SPS: 645
global_step=16340, episodic_return=[194.]
SPS: 645
global_step=16439, episodic_return=[99.]
SPS: 645
SPS: 645
global_step=16644, episodic_return=[205.]
SPS: 645
global_step=16830, episodic_return=[186.]
global_step=16872, episodic_return=[42.]
SPS: 645
global_step=16956, episodic_return=[84.]
SPS: 645
global_step=17109, episodic_return=[153.]
SPS: 645
global_step=17261, episodic_return=[152.]
SPS: 645
SPS: 645
SPS: 645
global_step=17538, episodic_return=[277.]
global_step=17638, episodic_return=[100.]
SPS: 645
global_step=17746, episodic_return=[108.]
SPS: 645
global_step=17902, episodic_return=[156.]
SPS: 645
global_step=17964, episodic_return=[62.]
SPS: 645
global_step=18070, episodic_return=[106.]
SPS: 645
SPS: 646
global_step=18305, episodic_return=[235.]
global_step=18411, episodic_return=[106.]
SPS: 646
global_step=18465, episodic_return=[54.]
global_step=18548, episodic_return=[83.]
SPS: 646
SPS: 646
global_step=18754, episodic_return=[206.]
SPS: 646
SPS: 646
global_step=19014, episodic_return=[260.]
SPS: 646
global_step=19132, episodic_return=[118.]
SPS: 646
global_step=19306, episodic_return=[174.]
SPS: 646
global_step=19389, episodic_return=[83.]
SPS: 646
global_step=19576, episodic_return=[187.]
SPS: 646
global_step=19696, episodic_return=[120.]
SPS: 646
SPS: 646
global_step=19855, episodic_return=[159.]
SPS: 646
global_step=20036, episodic_return=[181.]
SPS: 646
SPS: 646
global_step=20235, episodic_return=[199.]
SPS: 646
global_step=20374, episodic_return=[139.]
SPS: 646
global_step=20541, episodic_return=[167.]
SPS: 646
global_step=20700, episodic_return=[159.]
SPS: 646
SPS: 646
global_step=20885, episodic_return=[185.]
SPS: 646
global_step=21042, episodic_return=[157.]
SPS: 646
global_step=21161, episodic_return=[119.]
SPS: 646
global_step=21314, episodic_return=[153.]
SPS: 646
SPS: 646
global_step=21581, episodic_return=[267.]
SPS: 646
SPS: 646
global_step=21773, episodic_return=[192.]
SPS: 646
global_step=21950, episodic_return=[177.]
SPS: 646
global_step=22093, episodic_return=[143.]
SPS: 646
SPS: 646
SPS: 646
global_step=22528, episodic_return=[435.]
SPS: 646
global_step=22599, episodic_return=[71.]
SPS: 646
SPS: 646
global_step=22814, episodic_return=[215.]
SPS: 646
global_step=23018, episodic_return=[204.]
SPS: 646
SPS: 647
global_step=23169, episodic_return=[151.]
global_step=23268, episodic_return=[99.]
SPS: 647
SPS: 647
global_step=23447, episodic_return=[179.]
SPS: 647
SPS: 647
global_step=23760, episodic_return=[313.]
SPS: 647
SPS: 647
SPS: 647
global_step=24077, episodic_return=[317.]
SPS: 647
global_step=24243, episodic_return=[166.]
SPS: 647
SPS: 647
global_step=24531, episodic_return=[288.]
SPS: 647
SPS: 647
global_step=24787, episodic_return=[256.]
SPS: 647
SPS: 647
global_step=24965, episodic_return=[178.]
SPS: 647
SPS: 647
global_step=25314, episodic_return=[349.]
SPS: 647
global_step=25360, episodic_return=[46.]
global_step=25470, episodic_return=[110.]
SPS: 647
SPS: 647
global_step=25638, episodic_return=[168.]
SPS: 647
SPS: 647
SPS: 647
global_step=26028, episodic_return=[390.]
global_step=26064, episodic_return=[36.]
SPS: 647
SPS: 647
global_step=26367, episodic_return=[303.]
SPS: 647
SPS: 647
global_step=26564, episodic_return=[197.]
SPS: 647
global_step=26741, episodic_return=[177.]
SPS: 647
SPS: 647
SPS: 647
global_step=27048, episodic_return=[307.]
SPS: 647
SPS: 647
global_step=27343, episodic_return=[295.]
SPS: 647
global_step=27430, episodic_return=[87.]
SPS: 647
global_step=27623, episodic_return=[193.]
SPS: 647
SPS: 647
global_step=27886, episodic_return=[263.]
SPS: 647
SPS: 647
SPS: 647
SPS: 647
global_step=28386, episodic_return=[500.]
SPS: 647
SPS: 647
global_step=28574, episodic_return=[188.]
SPS: 647
SPS: 647
global_step=28899, episodic_return=[325.]
SPS: 647
SPS: 647
global_step=29077, episodic_return=[178.]
SPS: 647
global_step=29216, episodic_return=[139.]
SPS: 647
SPS: 647
SPS: 647
global_step=29617, episodic_return=[401.]
SPS: 647
global_step=29824, episodic_return=[207.]
SPS: 647
SPS: 647
global_step=30044, episodic_return=[220.]
SPS: 647
SPS: 647
global_step=30290, episodic_return=[246.]
SPS: 648
SPS: 648
global_step=30531, episodic_return=[241.]
SPS: 648
SPS: 648
SPS: 648
SPS: 648
global_step=31031, episodic_return=[500.]
SPS: 648
SPS: 648
global_step=31269, episodic_return=[238.]
SPS: 648
global_step=31439, episodic_return=[170.]
SPS: 648
SPS: 648
SPS: 648
SPS: 648
global_step=31889, episodic_return=[450.]
SPS: 648
global_step=32090, episodic_return=[201.]
SPS: 648
SPS: 648
global_step=32355, episodic_return=[265.]
SPS: 648
SPS: 648
global_step=32624, episodic_return=[269.]
SPS: 648
global_step=32750, episodic_return=[126.]
SPS: 648
SPS: 648
SPS: 648
global_step=33086, episodic_return=[336.]
SPS: 648
SPS: 648
global_step=33321, episodic_return=[235.]
SPS: 648
SPS: 648
global_step=33580, episodic_return=[259.]
SPS: 648
global_step=33735, episodic_return=[155.]
SPS: 648
SPS: 648
global_step=33927, episodic_return=[192.]
SPS: 648
global_step=34156, episodic_return=[229.]
SPS: 648
SPS: 648
global_step=34378, episodic_return=[222.]
SPS: 648
global_step=34528, episodic_return=[150.]
SPS: 648
SPS: 648
SPS: 648
global_step=34855, episodic_return=[327.]
SPS: 648
SPS: 648
global_step=35074, episodic_return=[219.]
SPS: 648
global_step=35321, episodic_return=[247.]
SPS: 648
SPS: 648
SPS: 648
SPS: 648
global_step=35821, episodic_return=[500.]
SPS: 648
global_step=35916, episodic_return=[95.]
SPS: 648
SPS: 648
SPS: 648
SPS: 648
global_step=36383, episodic_return=[467.]
SPS: 648
global_step=36524, episodic_return=[141.]
SPS: 648
SPS: 648
SPS: 648
global_step=36902, episodic_return=[378.]
SPS: 648
SPS: 648
global_step=37156, episodic_return=[254.]
SPS: 648
SPS: 648
SPS: 648
global_step=37603, episodic_return=[447.]
SPS: 648
SPS: 648
global_step=37888, episodic_return=[285.]
SPS: 648
SPS: 648
global_step=38090, episodic_return=[202.]
SPS: 648
SPS: 648
SPS: 648
global_step=38482, episodic_return=[392.]
SPS: 648
global_step=38647, episodic_return=[165.]
SPS: 648
SPS: 648
SPS: 648
global_step=39033, episodic_return=[386.]
SPS: 648
SPS: 648
SPS: 648
global_step=39346, episodic_return=[313.]
SPS: 648
global_step=39463, episodic_return=[117.]
SPS: 648
global_step=39680, episodic_return=[217.]
SPS: 648
SPS: 648
global_step=39896, episodic_return=[216.]
SPS: 648
global_step=40032, episodic_return=[136.]
SPS: 648
SPS: 648
SPS: 648
SPS: 648
global_step=40532, episodic_return=[500.]
SPS: 648
global_step=40693, episodic_return=[161.]
SPS: 648
SPS: 648
global_step=40889, episodic_return=[196.]
SPS: 648
global_step=41073, episodic_return=[184.]
SPS: 648
SPS: 648
global_step=41273, episodic_return=[200.]
SPS: 648
global_step=41468, episodic_return=[195.]
SPS: 648
SPS: 648
SPS: 648
SPS: 648
global_step=41968, episodic_return=[500.]
SPS: 648
SPS: 648
global_step=42167, episodic_return=[199.]
SPS: 648
global_step=42329, episodic_return=[162.]
SPS: 648
SPS: 648
SPS: 649
SPS: 649
global_step=42829, episodic_return=[500.]
SPS: 649
SPS: 649
SPS: 649
SPS: 649
global_step=43307, episodic_return=[478.]
SPS: 649
SPS: 649
SPS: 649
global_step=43685, episodic_return=[378.]
SPS: 649
SPS: 649
global_step=43906, episodic_return=[221.]
SPS: 649
SPS: 649
global_step=44166, episodic_return=[260.]
SPS: 649
SPS: 649
global_step=44450, episodic_return=[284.]
SPS: 649
SPS: 649
global_step=44705, episodic_return=[255.]
SPS: 649
global_step=44892, episodic_return=[187.]
SPS: 649
SPS: 649
global_step=45093, episodic_return=[201.]
SPS: 649
global_step=45245, episodic_return=[152.]
SPS: 649
SPS: 649
SPS: 649
SPS: 649
global_step=45745, episodic_return=[500.]
SPS: 649
SPS: 649
SPS: 649
SPS: 649
global_step=46245, episodic_return=[500.]
SPS: 649
global_step=46439, episodic_return=[194.]
SPS: 649
SPS: 649
global_step=46662, episodic_return=[223.]
SPS: 649
SPS: 649
SPS: 649
global_step=47001, episodic_return=[339.]
global_step=47070, episodic_return=[69.]
SPS: 649
SPS: 649
SPS: 649
global_step=47449, episodic_return=[379.]
SPS: 649
global_step=47578, episodic_return=[129.]
SPS: 649
global_step=47727, episodic_return=[149.]
SPS: 649
global_step=47861, episodic_return=[134.]
SPS: 649
SPS: 649
global_step=48117, episodic_return=[256.]
SPS: 649
SPS: 649
SPS: 649
global_step=48405, episodic_return=[288.]
global_step=48507, episodic_return=[102.]
SPS: 649
global_step=48589, episodic_return=[82.]
SPS: 649
SPS: 649
SPS: 649
SPS: 649
global_step=49089, episodic_return=[500.]
SPS: 649
global_step=49215, episodic_return=[126.]
SPS: 649
SPS: 649
SPS: 649
global_step=49557, episodic_return=[342.]
SPS: 649
SPS: 649
global_step=49793, episodic_return=[236.]
SPS: 649
SPS: 649
SPS: 649
global_step=50293, episodic_return=[500.]
SPS: 649
SPS: 649
SPS: 649
SPS: 649
global_step=50793, episodic_return=[500.]
SPS: 649
SPS: 649
SPS: 649
SPS: 649
global_step=51218, episodic_return=[425.]
SPS: 649
SPS: 649
SPS: 649
global_step=51651, episodic_return=[433.]
SPS: 649
SPS: 649
SPS: 649
SPS: 649
global_step=52151, episodic_return=[500.]
SPS: 649
SPS: 649
SPS: 649
SPS: 649
global_step=52651, episodic_return=[500.]
SPS: 649
SPS: 649
global_step=52875, episodic_return=[224.]
SPS: 649
SPS: 649
SPS: 649
global_step=53332, episodic_return=[457.]
SPS: 649
global_step=53492, episodic_return=[160.]
SPS: 649
SPS: 649
SPS: 649
SPS: 649
global_step=53910, episodic_return=[418.]
SPS: 649
SPS: 649
SPS: 649
global_step=54339, episodic_return=[429.]
SPS: 649
global_step=54451, episodic_return=[112.]
SPS: 649
SPS: 649
SPS: 649
SPS: 649
global_step=54951, episodic_return=[500.]
SPS: 649
SPS: 649
global_step=55274, episodic_return=[323.]
SPS: 649
SPS: 649
SPS: 649
SPS: 649
global_step=55774, episodic_return=[500.]
SPS: 649
SPS: 649
SPS: 649
SPS: 649
global_step=56215, episodic_return=[441.]
SPS: 649
SPS: 649
SPS: 649
global_step=56658, episodic_return=[443.]
SPS: 649
global_step=56824, episodic_return=[166.]
SPS: 649
SPS: 649
SPS: 649
SPS: 649
global_step=57230, episodic_return=[406.]
SPS: 649
SPS: 649
SPS: 649
SPS: 649
global_step=57730, episodic_return=[500.]
SPS: 649
SPS: 649
SPS: 649
global_step=58230, episodic_return=[500.]
SPS: 649
SPS: 649
global_step=58413, episodic_return=[183.]
SPS: 649
SPS: 649
SPS: 649
SPS: 649
global_step=58913, episodic_return=[500.]
SPS: 649
SPS: 649
SPS: 649
global_step=59296, episodic_return=[383.]
SPS: 649
SPS: 649
SPS: 649
SPS: 649
global_step=59796, episodic_return=[500.]
global_step=59900, episodic_return=[104.]
SPS: 649
SPS: 649
SPS: 649
global_step=60243, episodic_return=[343.]
SPS: 649
SPS: 649
global_step=60535, episodic_return=[292.]
SPS: 649
SPS: 649
SPS: 649
SPS: 649
global_step=61035, episodic_return=[500.]
SPS: 649
SPS: 649
global_step=61197, episodic_return=[162.]
SPS: 649
global_step=61428, episodic_return=[231.]
SPS: 649
SPS: 649
SPS: 649
global_step=61771, episodic_return=[343.]
SPS: 649
global_step=61949, episodic_return=[178.]
SPS: 649
SPS: 649
SPS: 649
global_step=62265, episodic_return=[316.]
SPS: 649
SPS: 649
global_step=62566, episodic_return=[301.]
SPS: 649
SPS: 649
global_step=62731, episodic_return=[165.]
SPS: 649
SPS: 649
global_step=63033, episodic_return=[302.]
SPS: 649
SPS: 649
SPS: 649
global_step=63435, episodic_return=[402.]
SPS: 649
SPS: 649
global_step=63743, episodic_return=[308.]
SPS: 649
SPS: 649
SPS: 649
global_step=64064, episodic_return=[321.]
SPS: 649
global_step=64170, episodic_return=[106.]
SPS: 649
SPS: 649
SPS: 649
SPS: 649
global_step=64670, episodic_return=[500.]
SPS: 649
global_step=64830, episodic_return=[160.]
SPS: 649
SPS: 649
global_step=65092, episodic_return=[262.]
SPS: 649
global_step=65222, episodic_return=[130.]
SPS: 649
SPS: 649
SPS: 649
global_step=65621, episodic_return=[399.]
SPS: 649
SPS: 649
SPS: 649
global_step=65964, episodic_return=[343.]
SPS: 649
global_step=66097, episodic_return=[133.]
SPS: 649
SPS: 649
SPS: 649
global_step=66478, episodic_return=[381.]
SPS: 649
SPS: 649
SPS: 649
global_step=66833, episodic_return=[355.]
SPS: 649
SPS: 649
SPS: 649
SPS: 649
global_step=67333, episodic_return=[500.]
SPS: 649
SPS: 649
SPS: 649
global_step=67768, episodic_return=[435.]
SPS: 649
SPS: 649
global_step=67974, episodic_return=[206.]
SPS: 649
global_step=68143, episodic_return=[169.]
SPS: 650
SPS: 650
SPS: 650
SPS: 650
global_step=68643, episodic_return=[500.]
global_step=68710, episodic_return=[67.]
SPS: 650
SPS: 650
SPS: 650
SPS: 650
global_step=69210, episodic_return=[500.]
SPS: 650
SPS: 650
global_step=69450, episodic_return=[240.]
SPS: 650
SPS: 650
SPS: 650
SPS: 650
global_step=69950, episodic_return=[500.]
SPS: 650
SPS: 650
SPS: 650
SPS: 650
global_step=70450, episodic_return=[500.]
SPS: 650
global_step=70632, episodic_return=[182.]
SPS: 650
SPS: 650
SPS: 650
SPS: 650
global_step=71132, episodic_return=[500.]
SPS: 650
SPS: 650
global_step=71318, episodic_return=[186.]
SPS: 650
SPS: 650
SPS: 650
SPS: 650
global_step=71818, episodic_return=[500.]
SPS: 650
SPS: 650
SPS: 650
global_step=72318, episodic_return=[500.]
SPS: 650
SPS: 650
SPS: 650
SPS: 650
global_step=72818, episodic_return=[500.]
SPS: 650
SPS: 650
SPS: 650
global_step=73101, episodic_return=[283.]
SPS: 650
SPS: 650
global_step=73363, episodic_return=[262.]
SPS: 650
SPS: 650
SPS: 650
SPS: 650
global_step=73863, episodic_return=[500.]
SPS: 650
SPS: 650
SPS: 650
global_step=74363, episodic_return=[500.]
SPS: 650
SPS: 650
SPS: 650
global_step=74751, episodic_return=[388.]
SPS: 650
SPS: 650
global_step=74888, episodic_return=[137.]
SPS: 650
SPS: 650
SPS: 650
global_step=75388, episodic_return=[500.]
SPS: 650
SPS: 650
SPS: 650
SPS: 650
global_step=75888, episodic_return=[500.]
SPS: 650
SPS: 650
SPS: 650
SPS: 650
global_step=76388, episodic_return=[500.]
SPS: 650
SPS: 650
SPS: 650
SPS: 650
global_step=76888, episodic_return=[500.]
SPS: 650
SPS: 650
SPS: 650
SPS: 650
global_step=77388, episodic_return=[500.]
SPS: 650
SPS: 650
SPS: 650
SPS: 650
global_step=77888, episodic_return=[500.]
SPS: 650
SPS: 650
SPS: 650
SPS: 650
global_step=78388, episodic_return=[500.]
SPS: 650
SPS: 650
SPS: 650
SPS: 650
global_step=78888, episodic_return=[500.]
SPS: 650
global_step=79101, episodic_return=[213.]
SPS: 650
SPS: 650
SPS: 650
SPS: 650
global_step=79601, episodic_return=[500.]
SPS: 650
SPS: 650
SPS: 650
SPS: 650
global_step=80101, episodic_return=[500.]
SPS: 650
SPS: 650
SPS: 650
SPS: 650
global_step=80538, episodic_return=[437.]
SPS: 650
SPS: 650
global_step=80798, episodic_return=[260.]
SPS: 650
SPS: 650
SPS: 650
SPS: 650
global_step=81298, episodic_return=[500.]
SPS: 650
SPS: 650
SPS: 650
SPS: 650
global_step=81798, episodic_return=[500.]
SPS: 650
SPS: 650
SPS: 650
global_step=82298, episodic_return=[500.]
SPS: 650
SPS: 650
SPS: 650
SPS: 650
global_step=82798, episodic_return=[500.]
SPS: 650
SPS: 650
SPS: 650
SPS: 650
global_step=83298, episodic_return=[500.]
SPS: 650
SPS: 650
SPS: 650
SPS: 650
global_step=83798, episodic_return=[500.]
SPS: 650
SPS: 650
SPS: 650
SPS: 650
global_step=84298, episodic_return=[500.]
SPS: 650
global_step=84442, episodic_return=[144.]
SPS: 650
SPS: 650
SPS: 650
SPS: 650
global_step=84942, episodic_return=[500.]
SPS: 650
SPS: 650
SPS: 650
global_step=85364, episodic_return=[422.]
SPS: 650
SPS: 650
SPS: 650
SPS: 650
global_step=85864, episodic_return=[500.]
SPS: 650
SPS: 650
SPS: 650
SPS: 650
global_step=86364, episodic_return=[500.]
SPS: 650
SPS: 650
SPS: 650
SPS: 650
global_step=86800, episodic_return=[436.]
SPS: 650
SPS: 650
SPS: 650
SPS: 650
global_step=87300, episodic_return=[500.]
SPS: 650
SPS: 650
SPS: 650
global_step=87764, episodic_return=[464.]
SPS: 650
SPS: 650
SPS: 650
SPS: 650
global_step=88264, episodic_return=[500.]
SPS: 650
SPS: 650
SPS: 650
SPS: 650
global_step=88764, episodic_return=[500.]
SPS: 650
SPS: 650
SPS: 650
SPS: 650
global_step=89264, episodic_return=[500.]
SPS: 650
SPS: 650
SPS: 650
SPS: 650
global_step=89764, episodic_return=[500.]
SPS: 650
SPS: 650
SPS: 650
SPS: 650
global_step=90264, episodic_return=[500.]
SPS: 650
SPS: 650
SPS: 650
SPS: 650
global_step=90764, episodic_return=[500.]
SPS: 650
SPS: 650
SPS: 650
global_step=91264, episodic_return=[500.]
SPS: 650
SPS: 650
SPS: 650
SPS: 650
global_step=91665, episodic_return=[401.]
SPS: 650
global_step=91831, episodic_return=[166.]
SPS: 650
SPS: 650
SPS: 650
SPS: 650
global_step=92331, episodic_return=[500.]
SPS: 650
SPS: 650
SPS: 650
SPS: 650
global_step=92831, episodic_return=[500.]
SPS: 650
SPS: 650
SPS: 650
SPS: 650
global_step=93331, episodic_return=[500.]
global_step=93431, episodic_return=[100.]
SPS: 650
SPS: 650
global_step=93678, episodic_return=[247.]
SPS: 650
global_step=93814, episodic_return=[136.]
SPS: 650
SPS: 650
SPS: 650
SPS: 650
global_step=94314, episodic_return=[500.]
SPS: 650
SPS: 650
global_step=94519, episodic_return=[205.]
SPS: 650
global_step=94707, episodic_return=[188.]
SPS: 650
SPS: 650
global_step=94927, episodic_return=[220.]
SPS: 650
SPS: 650
SPS: 650
SPS: 650
global_step=95427, episodic_return=[500.]
SPS: 650
SPS: 650
global_step=95737, episodic_return=[310.]
SPS: 650
SPS: 650
SPS: 650
SPS: 650
global_step=96237, episodic_return=[500.]
SPS: 650
SPS: 650
global_step=96482, episodic_return=[245.]
SPS: 650
SPS: 650
SPS: 650
SPS: 650
global_step=96982, episodic_return=[500.]
SPS: 650
SPS: 650
SPS: 650
SPS: 650
global_step=97482, episodic_return=[500.]
SPS: 650
SPS: 650
SPS: 650
SPS: 650
global_step=97982, episodic_return=[500.]
SPS: 650
SPS: 650
SPS: 650
SPS: 650
global_step=98482, episodic_return=[500.]
SPS: 650
SPS: 650
SPS: 650
SPS: 650
global_step=98982, episodic_return=[500.]
SPS: 650
SPS: 650
SPS: 650
SPS: 650
global_step=99482, episodic_return=[500.]
SPS: 650
SPS: 650
SPS: 650
SPS: 650
Using hyperparameter file ./hps/CleanRL_ppo_defaultdiscrete.yml
[Errno 2] No such file or directory: './CleanRL/results/ppo_CartPole-v1_100000/defaultdiscrete'
Using initial folder
[/bin/bash] ## Script finished
[/bin/bash] #### Finished Python test. Have a nice day
