[/bin/bash] 3830772############################################
[/bin/bash] ## Starting Python Python 3.8.3
[/bin/bash] ## Training using algorithm ppo from framework CleanRL
[/bin/bash] ## On environment CartPole-v1 with 100000 timesteps
[/bin/bash] ## This is repetition 2/5
[/bin/bash] ## This is s2989344 on node001 and this job has the ID 3900158
[/bin/bash] ##############################################
[/bin/bash] ## current working directory: /home/s2989344/Documents/MSc/CleanRL
[/bin/bash] ## current python version: Python 3.8.3
[/bin/bash] ## python from path: /home/s2989344/.conda/envs/CleanRL/bin/python
[/bin/bash] ## list of packages: # packages in environment at /home/s2989344/.conda/envs/CleanRL: # # Name Version Build Channel _libgcc_mutex 0.1 main _openmp_mutex 5.1 1_gnu absl-py 1.4.0 pypi_0 pypi ale-py 0.8.1 pypi_0 pypi appdirs 1.4.4 pypi_0 pypi autorom 0.4.2 pypi_0 pypi autorom-accept-rom-license 0.6.1 pypi_0 pypi ca-certificates 2025.2.25 h06a4308_0 cachetools 5.3.0 pypi_0 pypi certifi 2023.5.7 pypi_0 pypi charset-normalizer 3.1.0 pypi_0 pypi click 8.1.3 pypi_0 pypi cloudpickle 2.2.1 pypi_0 pypi colorama 0.4.4 pypi_0 pypi commonmark 0.9.1 pypi_0 pypi cycler 0.11.0 pypi_0 pypi decorator 4.4.2 pypi_0 pypi docker-pycreds 0.4.0 pypi_0 pypi docstring-parser 0.15 pypi_0 pypi farama-notifications 0.0.4 pypi_0 pypi filelock 3.12.0 pypi_0 pypi fonttools 4.38.0 pypi_0 pypi gitdb 4.0.10 pypi_0 pypi gitpython 3.1.31 pypi_0 pypi glfw 1.12.0 pypi_0 pypi google-auth 2.18.0 pypi_0 pypi google-auth-oauthlib 0.4.6 pypi_0 pypi grpcio 1.54.0 pypi_0 pypi gym 0.23.1 pypi_0 pypi gym-notices 0.0.8 pypi_0 pypi gymnasium 0.28.1 pypi_0 pypi huggingface-hub 0.11.1 pypi_0 pypi idna 3.4 pypi_0 pypi imageio 2.28.1 pypi_0 pypi imageio-ffmpeg 0.3.0 pypi_0 pypi importlib-metadata 5.2.0 pypi_0 pypi importlib-resources 5.12.0 pypi_0 pypi jax-jumpy 1.0.0 pypi_0 pypi kiwisolver 1.4.4 pypi_0 pypi ld_impl_linux-64 2.40 h12ee557_0 libffi 3.3 he6710b0_2 libgcc-ng 11.2.0 h1234567_1 libgomp 11.2.0 h1234567_1 libstdcxx-ng 11.2.0 h1234567_1 markdown 3.3.7 pypi_0 pypi markupsafe 2.1.2 pypi_0 pypi matplotlib 3.5.3 pypi_0 pypi moviepy 1.0.3 pypi_0 pypi mujoco 2.3.3 pypi_0 pypi ncurses 6.4 h6a678d5_0 numpy 1.24.4 pypi_0 pypi oauthlib 3.2.2 pypi_0 pypi opencv-python 4.7.0.72 pypi_0 pypi openssl 1.1.1w h7f8727e_0 packaging 23.1 pypi_0 pypi pandas 1.3.5 pypi_0 pypi pathtools 0.1.2 pypi_0 pypi pillow 9.5.0 pypi_0 pypi pip 24.2 py38h06a4308_0 proglog 0.1.10 pypi_0 pypi protobuf 3.20.3 pypi_0 pypi psutil 5.9.5 pypi_0 pypi pyasn1 0.5.0 pypi_0 pypi pyasn1-modules 0.3.0 pypi_0 pypi pygame 2.1.0 pypi_0 pypi pygments 2.15.1 pypi_0 pypi pyopengl 3.1.6 pypi_0 pypi pyparsing 3.0.9 pypi_0 pypi python 3.8.3 hcff3b4d_2 python-dateutil 2.8.2 pypi_0 pypi pytz 2023.3 pypi_0 pypi pyyaml 6.0.1 pypi_0 pypi readline 8.2 h5eee18b_0 requests 2.30.0 pypi_0 pypi requests-oauthlib 1.3.1 pypi_0 pypi rich 11.2.0 pypi_0 pypi rsa 4.7.2 pypi_0 pypi sentry-sdk 1.22.2 pypi_0 pypi setproctitle 1.3.2 pypi_0 pypi setuptools 67.7.2 pypi_0 pypi shimmy 1.1.0 pypi_0 pypi shtab 1.6.4 pypi_0 pypi six 1.16.0 pypi_0 pypi smmap 5.0.0 pypi_0 pypi sqlite 3.45.3 h5eee18b_0 stable-baselines3 2.0.0 pypi_0 pypi tenacity 8.2.3 pypi_0 pypi tensorboard 2.11.2 pypi_0 pypi tensorboard-data-server 0.6.1 pypi_0 pypi tensorboard-plugin-wit 1.8.1 pypi_0 pypi tk 8.6.14 h39e8969_0 torch 1.12.1 pypi_0 pypi tqdm 4.65.0 pypi_0 pypi typing-extensions 4.5.0 pypi_0 pypi tyro 0.5.10 pypi_0 pypi urllib3 1.26.15 pypi_0 pypi wandb 0.13.11 pypi_0 pypi werkzeug 2.2.3 pypi_0 pypi wheel 0.40.0 pypi_0 pypi xz 5.6.4 h5eee18b_1 zipp 3.15.0 pypi_0 pypi zlib 1.2.13 h5eee18b_1
[/bin/bash] ##############################################
[/bin/bash] ## Start run script
/home/s2989344/.conda/envs/CleanRL/lib/python3.8/site-packages/torch/utils/tensorboard/__init__.py:4: DeprecationWarning: distutils Version classes are deprecated. Use packaging.version instead.
  if not hasattr(tensorboard, "__version__") or LooseVersion(
global_step=23, episodic_return=[23.]
global_step=78, episodic_return=[55.]
global_step=122, episodic_return=[44.]
SPS: 493
global_step=166, episodic_return=[44.]
global_step=193, episodic_return=[27.]
global_step=210, episodic_return=[17.]
global_step=223, episodic_return=[13.]
global_step=240, episodic_return=[17.]
SPS: 551
global_step=264, episodic_return=[24.]
global_step=287, episodic_return=[23.]
global_step=310, episodic_return=[23.]
global_step=335, episodic_return=[25.]
global_step=367, episodic_return=[32.]
SPS: 573
global_step=404, episodic_return=[37.]
global_step=417, episodic_return=[13.]
global_step=431, episodic_return=[14.]
global_step=449, episodic_return=[18.]
global_step=470, episodic_return=[21.]
global_step=500, episodic_return=[30.]
SPS: 585
global_step=518, episodic_return=[18.]
global_step=547, episodic_return=[29.]
global_step=602, episodic_return=[55.]
SPS: 594
global_step=659, episodic_return=[57.]
global_step=678, episodic_return=[19.]
global_step=712, episodic_return=[34.]
global_step=747, episodic_return=[35.]
SPS: 600
global_step=789, episodic_return=[42.]
global_step=813, episodic_return=[24.]
global_step=827, episodic_return=[14.]
global_step=841, episodic_return=[14.]
global_step=851, episodic_return=[10.]
global_step=880, episodic_return=[29.]
SPS: 603
global_step=947, episodic_return=[67.]
global_step=963, episodic_return=[16.]
global_step=979, episodic_return=[16.]
global_step=994, episodic_return=[15.]
global_step=1010, episodic_return=[16.]
SPS: 606
global_step=1028, episodic_return=[18.]
global_step=1043, episodic_return=[15.]
global_step=1061, episodic_return=[18.]
global_step=1081, episodic_return=[20.]
global_step=1098, episodic_return=[17.]
global_step=1133, episodic_return=[35.]
SPS: 607
global_step=1156, episodic_return=[23.]
global_step=1209, episodic_return=[53.]
global_step=1228, episodic_return=[19.]
global_step=1279, episodic_return=[51.]
SPS: 609
global_step=1333, episodic_return=[54.]
global_step=1363, episodic_return=[30.]
global_step=1389, episodic_return=[26.]
SPS: 611
global_step=1413, episodic_return=[24.]
global_step=1444, episodic_return=[31.]
global_step=1473, episodic_return=[29.]
global_step=1526, episodic_return=[53.]
SPS: 613
global_step=1557, episodic_return=[31.]
global_step=1574, episodic_return=[17.]
global_step=1594, episodic_return=[20.]
global_step=1614, episodic_return=[20.]
SPS: 614
global_step=1674, episodic_return=[60.]
global_step=1738, episodic_return=[64.]
global_step=1749, episodic_return=[11.]
SPS: 616
global_step=1801, episodic_return=[52.]
global_step=1869, episodic_return=[68.]
global_step=1886, episodic_return=[17.]
global_step=1909, episodic_return=[23.]
SPS: 617
global_step=1960, episodic_return=[51.]
global_step=1978, episodic_return=[18.]
SPS: 618
global_step=2053, episodic_return=[75.]
global_step=2082, episodic_return=[29.]
global_step=2116, episodic_return=[34.]
global_step=2157, episodic_return=[41.]
SPS: 619
SPS: 621
global_step=2350, episodic_return=[193.]
global_step=2402, episodic_return=[52.]
SPS: 621
SPS: 622
global_step=2566, episodic_return=[164.]
global_step=2635, episodic_return=[69.]
global_step=2683, episodic_return=[48.]
SPS: 623
global_step=2711, episodic_return=[28.]
global_step=2746, episodic_return=[35.]
global_step=2786, episodic_return=[40.]
global_step=2796, episodic_return=[10.]
SPS: 623
global_step=2833, episodic_return=[37.]
global_step=2857, episodic_return=[24.]
global_step=2888, episodic_return=[31.]
global_step=2909, episodic_return=[21.]
global_step=2926, episodic_return=[17.]
SPS: 623
global_step=3054, episodic_return=[128.]
SPS: 624
global_step=3084, episodic_return=[30.]
global_step=3143, episodic_return=[59.]
SPS: 625
global_step=3212, episodic_return=[69.]
global_step=3287, episodic_return=[75.]
global_step=3317, episodic_return=[30.]
SPS: 625
global_step=3358, episodic_return=[41.]
global_step=3442, episodic_return=[84.]
SPS: 625
global_step=3461, episodic_return=[19.]
global_step=3492, episodic_return=[31.]
SPS: 626
global_step=3592, episodic_return=[100.]
global_step=3638, episodic_return=[46.]
global_step=3652, episodic_return=[14.]
global_step=3683, episodic_return=[31.]
SPS: 626
global_step=3739, episodic_return=[56.]
SPS: 627
global_step=3850, episodic_return=[111.]
global_step=3931, episodic_return=[81.]
SPS: 627
global_step=4000, episodic_return=[69.]
global_step=4050, episodic_return=[50.]
global_step=4066, episodic_return=[16.]
SPS: 627
global_step=4115, episodic_return=[49.]
global_step=4144, episodic_return=[29.]
global_step=4179, episodic_return=[35.]
SPS: 627
SPS: 627
global_step=4457, episodic_return=[278.]
SPS: 628
SPS: 628
global_step=4610, episodic_return=[153.]
global_step=4641, episodic_return=[31.]
global_step=4690, episodic_return=[49.]
global_step=4726, episodic_return=[36.]
SPS: 628
global_step=4814, episodic_return=[88.]
SPS: 629
global_step=4935, episodic_return=[121.]
SPS: 629
global_step=5006, episodic_return=[71.]
global_step=5077, episodic_return=[71.]
SPS: 629
global_step=5128, episodic_return=[51.]
global_step=5193, episodic_return=[65.]
global_step=5238, episodic_return=[45.]
SPS: 629
global_step=5350, episodic_return=[112.]
global_step=5372, episodic_return=[22.]
SPS: 629
global_step=5474, episodic_return=[102.]
SPS: 629
global_step=5522, episodic_return=[48.]
global_step=5583, episodic_return=[61.]
global_step=5630, episodic_return=[47.]
SPS: 630
global_step=5669, episodic_return=[39.]
global_step=5694, episodic_return=[25.]
SPS: 630
global_step=5772, episodic_return=[78.]
global_step=5814, episodic_return=[42.]
global_step=5865, episodic_return=[51.]
SPS: 612
global_step=5951, episodic_return=[86.]
SPS: 613
global_step=6018, episodic_return=[67.]
global_step=6106, episodic_return=[88.]
SPS: 613
global_step=6215, episodic_return=[109.]
SPS: 614
global_step=6368, episodic_return=[153.]
global_step=6389, episodic_return=[21.]
SPS: 614
global_step=6424, episodic_return=[35.]
global_step=6487, episodic_return=[63.]
global_step=6516, episodic_return=[29.]
SPS: 614
global_step=6557, episodic_return=[41.]
SPS: 615
global_step=6671, episodic_return=[114.]
global_step=6747, episodic_return=[76.]
SPS: 615
SPS: 616
global_step=6940, episodic_return=[193.]
global_step=7019, episodic_return=[79.]
SPS: 616
global_step=7065, episodic_return=[46.]
global_step=7121, episodic_return=[56.]
global_step=7143, episodic_return=[22.]
SPS: 616
global_step=7185, episodic_return=[42.]
global_step=7253, episodic_return=[68.]
global_step=7294, episodic_return=[41.]
SPS: 617
global_step=7388, episodic_return=[94.]
SPS: 617
global_step=7428, episodic_return=[40.]
global_step=7511, episodic_return=[83.]
SPS: 617
global_step=7653, episodic_return=[142.]
SPS: 618
global_step=7740, episodic_return=[87.]
global_step=7790, episodic_return=[50.]
SPS: 618
global_step=7920, episodic_return=[130.]
SPS: 618
global_step=8009, episodic_return=[89.]
SPS: 619
global_step=8090, episodic_return=[81.]
global_step=8168, episodic_return=[78.]
SPS: 619
global_step=8284, episodic_return=[116.]
SPS: 619
global_step=8412, episodic_return=[128.]
SPS: 620
SPS: 620
global_step=8580, episodic_return=[168.]
global_step=8699, episodic_return=[119.]
SPS: 620
global_step=8804, episodic_return=[105.]
SPS: 621
global_step=8894, episodic_return=[90.]
global_step=8938, episodic_return=[44.]
SPS: 621
global_step=9088, episodic_return=[150.]
SPS: 621
SPS: 621
global_step=9225, episodic_return=[137.]
global_step=9310, episodic_return=[85.]
SPS: 621
global_step=9423, episodic_return=[113.]
global_step=9469, episodic_return=[46.]
SPS: 622
SPS: 622
global_step=9610, episodic_return=[141.]
SPS: 622
global_step=9749, episodic_return=[139.]
global_step=9843, episodic_return=[94.]
SPS: 622
global_step=9975, episodic_return=[132.]
SPS: 623
global_step=10005, episodic_return=[30.]
global_step=10025, episodic_return=[20.]
global_step=10112, episodic_return=[87.]
SPS: 623
global_step=10203, episodic_return=[91.]
SPS: 623
global_step=10316, episodic_return=[113.]
SPS: 623
global_step=10423, episodic_return=[107.]
global_step=10472, episodic_return=[49.]
SPS: 624
SPS: 624
global_step=10655, episodic_return=[183.]
SPS: 624
global_step=10799, episodic_return=[144.]
SPS: 624
global_step=10924, episodic_return=[125.]
SPS: 624
global_step=11063, episodic_return=[139.]
global_step=11108, episodic_return=[45.]
SPS: 624
global_step=11219, episodic_return=[111.]
SPS: 625
global_step=11339, episodic_return=[120.]
global_step=11355, episodic_return=[16.]
SPS: 625
global_step=11472, episodic_return=[117.]
SPS: 625
SPS: 625
global_step=11669, episodic_return=[197.]
SPS: 625
global_step=11783, episodic_return=[114.]
global_step=11845, episodic_return=[62.]
SPS: 626
global_step=11981, episodic_return=[136.]
SPS: 626
global_step=12113, episodic_return=[132.]
SPS: 626
global_step=12165, episodic_return=[52.]
global_step=12188, episodic_return=[23.]
SPS: 626
global_step=12400, episodic_return=[212.]
SPS: 626
global_step=12517, episodic_return=[117.]
SPS: 626
global_step=12663, episodic_return=[146.]
SPS: 626
global_step=12753, episodic_return=[90.]
SPS: 627
global_step=12840, episodic_return=[87.]
global_step=12868, episodic_return=[28.]
SPS: 627
SPS: 627
global_step=13115, episodic_return=[247.]
SPS: 627
global_step=13246, episodic_return=[131.]
SPS: 627
global_step=13438, episodic_return=[192.]
SPS: 627
SPS: 627
global_step=13651, episodic_return=[213.]
SPS: 628
SPS: 628
global_step=13900, episodic_return=[249.]
SPS: 628
global_step=13996, episodic_return=[96.]
SPS: 628
global_step=14115, episodic_return=[119.]
SPS: 628
global_step=14218, episodic_return=[103.]
global_step=14256, episodic_return=[38.]
SPS: 628
global_step=14385, episodic_return=[129.]
SPS: 628
global_step=14573, episodic_return=[188.]
SPS: 628
global_step=14687, episodic_return=[114.]
SPS: 628
global_step=14811, episodic_return=[124.]
SPS: 628
SPS: 629
global_step=15020, episodic_return=[209.]
SPS: 629
global_step=15226, episodic_return=[206.]
SPS: 629
SPS: 629
global_step=15376, episodic_return=[150.]
SPS: 629
global_step=15554, episodic_return=[178.]
SPS: 629
SPS: 629
global_step=15749, episodic_return=[195.]
SPS: 629
global_step=15880, episodic_return=[131.]
SPS: 629
global_step=16012, episodic_return=[132.]
SPS: 630
global_step=16186, episodic_return=[174.]
SPS: 630
global_step=16268, episodic_return=[82.]
global_step=16326, episodic_return=[58.]
SPS: 630
global_step=16440, episodic_return=[114.]
SPS: 630
SPS: 630
global_step=16660, episodic_return=[220.]
SPS: 630
SPS: 630
SPS: 630
SPS: 630
global_step=17160, episodic_return=[500.]
global_step=17263, episodic_return=[103.]
SPS: 630
global_step=17389, episodic_return=[126.]
SPS: 630
global_step=17421, episodic_return=[32.]
global_step=17535, episodic_return=[114.]
SPS: 631
global_step=17647, episodic_return=[112.]
SPS: 631
global_step=17757, episodic_return=[110.]
SPS: 631
global_step=17862, episodic_return=[105.]
SPS: 631
global_step=17923, episodic_return=[61.]
global_step=18012, episodic_return=[89.]
SPS: 631
SPS: 631
global_step=18188, episodic_return=[176.]
global_step=18278, episodic_return=[90.]
SPS: 631
SPS: 631
global_step=18513, episodic_return=[235.]
SPS: 631
SPS: 631
global_step=18801, episodic_return=[288.]
SPS: 631
SPS: 631
global_step=18963, episodic_return=[162.]
global_step=19032, episodic_return=[69.]
SPS: 631
global_step=19088, episodic_return=[56.]
SPS: 631
global_step=19213, episodic_return=[125.]
SPS: 631
SPS: 632
SPS: 632
global_step=19646, episodic_return=[433.]
SPS: 632
SPS: 632
SPS: 632
SPS: 632
global_step=20146, episodic_return=[500.]
SPS: 632
SPS: 632
SPS: 632
SPS: 632
global_step=20624, episodic_return=[478.]
global_step=20731, episodic_return=[107.]
SPS: 632
global_step=20846, episodic_return=[115.]
SPS: 632
SPS: 632
SPS: 633
global_step=21217, episodic_return=[371.]
SPS: 633
global_step=21335, episodic_return=[118.]
SPS: 633
SPS: 633
SPS: 633
global_step=21647, episodic_return=[312.]
SPS: 633
SPS: 633
global_step=21991, episodic_return=[344.]
SPS: 633
SPS: 633
global_step=22157, episodic_return=[166.]
SPS: 633
SPS: 633
global_step=22503, episodic_return=[346.]
SPS: 633
SPS: 633
global_step=22774, episodic_return=[271.]
SPS: 633
SPS: 633
SPS: 633
global_step=23102, episodic_return=[328.]
SPS: 634
SPS: 634
global_step=23309, episodic_return=[207.]
SPS: 634
global_step=23511, episodic_return=[202.]
SPS: 634
SPS: 634
global_step=23722, episodic_return=[211.]
SPS: 634
global_step=23925, episodic_return=[203.]
SPS: 634
SPS: 634
SPS: 634
global_step=24307, episodic_return=[382.]
SPS: 634
global_step=24394, episodic_return=[87.]
SPS: 634
global_step=24545, episodic_return=[151.]
SPS: 634
SPS: 634
global_step=24776, episodic_return=[231.]
SPS: 634
global_step=24894, episodic_return=[118.]
SPS: 634
SPS: 634
SPS: 634
global_step=25221, episodic_return=[327.]
SPS: 634
SPS: 634
global_step=25483, episodic_return=[262.]
SPS: 634
global_step=25653, episodic_return=[170.]
SPS: 634
global_step=25833, episodic_return=[180.]
SPS: 634
SPS: 634
global_step=26052, episodic_return=[219.]
SPS: 634
SPS: 634
global_step=26241, episodic_return=[189.]
SPS: 634
global_step=26412, episodic_return=[171.]
SPS: 634
SPS: 635
global_step=26648, episodic_return=[236.]
SPS: 635
global_step=26869, episodic_return=[221.]
SPS: 635
SPS: 635
global_step=27124, episodic_return=[255.]
SPS: 635
global_step=27151, episodic_return=[27.]
SPS: 635
SPS: 635
SPS: 635
global_step=27526, episodic_return=[375.]
SPS: 635
global_step=27699, episodic_return=[173.]
SPS: 635
SPS: 635
SPS: 635
global_step=28136, episodic_return=[437.]
SPS: 635
SPS: 635
global_step=28323, episodic_return=[187.]
SPS: 635
global_step=28493, episodic_return=[170.]
SPS: 635
SPS: 635
global_step=28708, episodic_return=[215.]
SPS: 635
SPS: 635
global_step=28947, episodic_return=[239.]
SPS: 635
SPS: 635
global_step=29235, episodic_return=[288.]
SPS: 635
global_step=29358, episodic_return=[123.]
SPS: 635
SPS: 635
global_step=29636, episodic_return=[278.]
SPS: 635
global_step=29778, episodic_return=[142.]
SPS: 635
global_step=29937, episodic_return=[159.]
SPS: 635
global_step=30046, episodic_return=[109.]
SPS: 635
SPS: 636
SPS: 636
global_step=30378, episodic_return=[332.]
SPS: 636
global_step=30536, episodic_return=[158.]
SPS: 636
SPS: 636
SPS: 636
SPS: 636
global_step=31036, episodic_return=[500.]
SPS: 636
SPS: 636
global_step=31263, episodic_return=[227.]
SPS: 636
global_step=31432, episodic_return=[169.]
SPS: 636
global_step=31554, episodic_return=[122.]
SPS: 636
global_step=31674, episodic_return=[120.]
SPS: 636
global_step=31821, episodic_return=[147.]
SPS: 636
SPS: 636
global_step=32048, episodic_return=[227.]
SPS: 636
global_step=32254, episodic_return=[206.]
SPS: 636
SPS: 636
global_step=32401, episodic_return=[147.]
SPS: 636
global_step=32603, episodic_return=[202.]
SPS: 636
SPS: 636
global_step=32776, episodic_return=[173.]
SPS: 636
SPS: 636
global_step=33027, episodic_return=[251.]
SPS: 636
SPS: 636
global_step=33303, episodic_return=[276.]
SPS: 636
global_step=33463, episodic_return=[160.]
SPS: 636
global_step=33614, episodic_return=[151.]
SPS: 636
SPS: 636
global_step=33875, episodic_return=[261.]
SPS: 636
SPS: 636
global_step=34068, episodic_return=[193.]
SPS: 636
global_step=34221, episodic_return=[153.]
SPS: 636
global_step=34406, episodic_return=[185.]
SPS: 636
SPS: 636
global_step=34591, episodic_return=[185.]
SPS: 636
SPS: 636
SPS: 636
global_step=34949, episodic_return=[358.]
SPS: 636
global_step=35140, episodic_return=[191.]
SPS: 636
SPS: 637
global_step=35411, episodic_return=[271.]
SPS: 637
SPS: 637
SPS: 637
global_step=35716, episodic_return=[305.]
SPS: 637
SPS: 637
global_step=35977, episodic_return=[261.]
SPS: 637
global_step=36170, episodic_return=[193.]
SPS: 637
SPS: 637
SPS: 637
global_step=36523, episodic_return=[353.]
SPS: 637
global_step=36712, episodic_return=[189.]
SPS: 637
SPS: 637
global_step=36896, episodic_return=[184.]
SPS: 637
SPS: 637
global_step=37125, episodic_return=[229.]
SPS: 637
global_step=37308, episodic_return=[183.]
SPS: 637
SPS: 637
global_step=37620, episodic_return=[312.]
SPS: 637
SPS: 637
SPS: 637
global_step=37973, episodic_return=[353.]
SPS: 637
SPS: 637
global_step=38257, episodic_return=[284.]
SPS: 637
SPS: 637
SPS: 637
SPS: 637
global_step=38735, episodic_return=[478.]
SPS: 637
global_step=38891, episodic_return=[156.]
SPS: 637
SPS: 637
SPS: 637
global_step=39286, episodic_return=[395.]
SPS: 637
SPS: 637
global_step=39501, episodic_return=[215.]
SPS: 637
SPS: 637
global_step=39799, episodic_return=[298.]
SPS: 637
SPS: 637
SPS: 637
global_step=40171, episodic_return=[372.]
SPS: 637
SPS: 637
global_step=40333, episodic_return=[162.]
SPS: 637
SPS: 637
global_step=40675, episodic_return=[342.]
SPS: 637
SPS: 638
global_step=40955, episodic_return=[280.]
SPS: 638
SPS: 638
SPS: 638
SPS: 638
global_step=41345, episodic_return=[390.]
SPS: 638
global_step=41518, episodic_return=[173.]
SPS: 638
SPS: 638
SPS: 638
SPS: 638
global_step=42018, episodic_return=[500.]
SPS: 638
global_step=42186, episodic_return=[168.]
SPS: 638
SPS: 638
SPS: 638
global_step=42582, episodic_return=[396.]
SPS: 638
SPS: 638
global_step=42781, episodic_return=[199.]
SPS: 638
global_step=42948, episodic_return=[167.]
SPS: 638
SPS: 638
global_step=43153, episodic_return=[205.]
SPS: 638
SPS: 638
global_step=43431, episodic_return=[278.]
SPS: 638
global_step=43627, episodic_return=[196.]
SPS: 638
SPS: 638
SPS: 638
global_step=43963, episodic_return=[336.]
SPS: 638
SPS: 638
global_step=44246, episodic_return=[283.]
SPS: 638
SPS: 638
global_step=44528, episodic_return=[282.]
SPS: 638
SPS: 638
global_step=44700, episodic_return=[172.]
SPS: 638
global_step=44876, episodic_return=[176.]
SPS: 638
global_step=45056, episodic_return=[180.]
SPS: 638
SPS: 638
SPS: 638
global_step=45333, episodic_return=[277.]
SPS: 638
global_step=45454, episodic_return=[121.]
SPS: 638
global_step=45692, episodic_return=[238.]
SPS: 638
global_step=45823, episodic_return=[131.]
SPS: 638
SPS: 638
global_step=46054, episodic_return=[231.]
SPS: 638
SPS: 638
global_step=46302, episodic_return=[248.]
SPS: 638
global_step=46446, episodic_return=[144.]
SPS: 638
SPS: 638
global_step=46718, episodic_return=[272.]
SPS: 638
global_step=46826, episodic_return=[108.]
SPS: 638
SPS: 638
SPS: 638
SPS: 638
global_step=47296, episodic_return=[470.]
SPS: 638
global_step=47407, episodic_return=[111.]
SPS: 638
SPS: 638
global_step=47737, episodic_return=[330.]
SPS: 638
SPS: 638
global_step=47877, episodic_return=[140.]
SPS: 638
SPS: 638
global_step=48147, episodic_return=[270.]
SPS: 638
SPS: 638
global_step=48435, episodic_return=[288.]
SPS: 638
global_step=48617, episodic_return=[182.]
SPS: 638
SPS: 638
global_step=48786, episodic_return=[169.]
SPS: 638
SPS: 638
SPS: 638
global_step=49182, episodic_return=[396.]
SPS: 638
global_step=49317, episodic_return=[135.]
SPS: 638
SPS: 638
SPS: 638
global_step=49693, episodic_return=[376.]
SPS: 639
global_step=49871, episodic_return=[178.]
SPS: 639
SPS: 639
global_step=50095, episodic_return=[224.]
SPS: 639
SPS: 639
global_step=50429, episodic_return=[334.]
SPS: 639
global_step=50481, episodic_return=[52.]
SPS: 639
global_step=50628, episodic_return=[147.]
SPS: 639
SPS: 639
global_step=50926, episodic_return=[298.]
SPS: 639
SPS: 639
SPS: 639
SPS: 639
global_step=51340, episodic_return=[414.]
SPS: 639
SPS: 639
global_step=51599, episodic_return=[259.]
SPS: 639
SPS: 639
global_step=51928, episodic_return=[329.]
SPS: 639
SPS: 639
SPS: 639
global_step=52282, episodic_return=[354.]
SPS: 639
SPS: 639
SPS: 639
SPS: 639
global_step=52782, episodic_return=[500.]
SPS: 639
SPS: 639
SPS: 639
SPS: 639
global_step=53250, episodic_return=[468.]
global_step=53360, episodic_return=[110.]
SPS: 639
SPS: 639
global_step=53590, episodic_return=[230.]
SPS: 639
global_step=53693, episodic_return=[103.]
SPS: 639
SPS: 639
SPS: 639
SPS: 639
global_step=54193, episodic_return=[500.]
SPS: 639
global_step=54377, episodic_return=[184.]
SPS: 639
SPS: 639
SPS: 639
global_step=54677, episodic_return=[300.]
SPS: 639
global_step=54907, episodic_return=[230.]
SPS: 639
SPS: 639
global_step=55152, episodic_return=[245.]
SPS: 639
SPS: 639
SPS: 639
SPS: 639
global_step=55620, episodic_return=[468.]
SPS: 639
global_step=55715, episodic_return=[95.]
SPS: 639
SPS: 639
SPS: 639
global_step=56163, episodic_return=[448.]
SPS: 639
SPS: 639
global_step=56329, episodic_return=[166.]
SPS: 639
global_step=56528, episodic_return=[199.]
SPS: 639
global_step=56668, episodic_return=[140.]
SPS: 639
SPS: 639
global_step=56911, episodic_return=[243.]
SPS: 639
SPS: 639
global_step=57101, episodic_return=[190.]
SPS: 639
global_step=57327, episodic_return=[226.]
SPS: 639
SPS: 639
SPS: 639
global_step=57648, episodic_return=[321.]
SPS: 639
SPS: 639
SPS: 639
global_step=57991, episodic_return=[343.]
SPS: 639
global_step=58234, episodic_return=[243.]
SPS: 639
SPS: 639
global_step=58393, episodic_return=[159.]
SPS: 639
SPS: 639
global_step=58657, episodic_return=[264.]
SPS: 639
global_step=58876, episodic_return=[219.]
SPS: 639
SPS: 639
SPS: 639
global_step=59230, episodic_return=[354.]
SPS: 639
SPS: 639
SPS: 639
global_step=59527, episodic_return=[297.]
SPS: 639
global_step=59775, episodic_return=[248.]
SPS: 639
SPS: 639
SPS: 639
global_step=60038, episodic_return=[263.]
SPS: 639
SPS: 639
global_step=60396, episodic_return=[358.]
SPS: 639
SPS: 639
SPS: 639
global_step=60678, episodic_return=[282.]
SPS: 639
global_step=60817, episodic_return=[139.]
SPS: 639
global_step=60935, episodic_return=[118.]
SPS: 639
SPS: 639
global_step=61312, episodic_return=[377.]
SPS: 639
SPS: 639
SPS: 639
global_step=61673, episodic_return=[361.]
SPS: 639
SPS: 639
SPS: 639
global_step=61973, episodic_return=[300.]
SPS: 639
global_step=62154, episodic_return=[181.]
SPS: 639
SPS: 639
SPS: 639
SPS: 639
global_step=62654, episodic_return=[500.]
SPS: 639
global_step=62833, episodic_return=[179.]
SPS: 640
SPS: 640
SPS: 640
SPS: 640
global_step=63333, episodic_return=[500.]
SPS: 640
SPS: 640
global_step=63573, episodic_return=[240.]
SPS: 640
SPS: 640
global_step=63759, episodic_return=[186.]
SPS: 640
global_step=63969, episodic_return=[210.]
SPS: 640
SPS: 640
SPS: 640
SPS: 640
global_step=64469, episodic_return=[500.]
SPS: 640
global_step=64619, episodic_return=[150.]
SPS: 640
SPS: 640
SPS: 640
SPS: 640
global_step=65119, episodic_return=[500.]
SPS: 640
SPS: 640
SPS: 640
global_step=65529, episodic_return=[410.]
SPS: 640
SPS: 640
global_step=65669, episodic_return=[140.]
SPS: 640
SPS: 640
SPS: 640
global_step=66052, episodic_return=[383.]
SPS: 640
global_step=66287, episodic_return=[235.]
SPS: 640
SPS: 640
SPS: 640
SPS: 640
global_step=66787, episodic_return=[500.]
SPS: 640
SPS: 640
SPS: 640
SPS: 640
global_step=67287, episodic_return=[500.]
SPS: 640
SPS: 640
global_step=67507, episodic_return=[220.]
SPS: 640
SPS: 640
global_step=67721, episodic_return=[214.]
SPS: 640
SPS: 640
SPS: 640
global_step=68161, episodic_return=[440.]
SPS: 640
SPS: 640
SPS: 640
SPS: 640
global_step=68661, episodic_return=[500.]
SPS: 640
SPS: 640
SPS: 640
SPS: 640
global_step=69161, episodic_return=[500.]
SPS: 640
global_step=69278, episodic_return=[117.]
SPS: 640
SPS: 640
SPS: 640
SPS: 640
global_step=69778, episodic_return=[500.]
SPS: 640
global_step=69896, episodic_return=[118.]
SPS: 640
SPS: 640
SPS: 640
global_step=70396, episodic_return=[500.]
SPS: 640
SPS: 640
SPS: 640
SPS: 640
global_step=70896, episodic_return=[500.]
SPS: 640
SPS: 640
SPS: 640
SPS: 640
global_step=71396, episodic_return=[500.]
SPS: 640
SPS: 640
SPS: 640
SPS: 640
global_step=71896, episodic_return=[500.]
SPS: 640
SPS: 640
SPS: 640
SPS: 640
global_step=72396, episodic_return=[500.]
SPS: 640
SPS: 640
SPS: 640
SPS: 640
global_step=72896, episodic_return=[500.]
SPS: 640
SPS: 640
SPS: 640
global_step=73247, episodic_return=[351.]
SPS: 640
SPS: 640
SPS: 640
SPS: 640
global_step=73747, episodic_return=[500.]
SPS: 640
SPS: 640
SPS: 640
SPS: 640
global_step=74247, episodic_return=[500.]
SPS: 640
SPS: 640
SPS: 640
global_step=74675, episodic_return=[428.]
SPS: 640
SPS: 640
SPS: 640
SPS: 640
global_step=75175, episodic_return=[500.]
SPS: 640
SPS: 640
global_step=75445, episodic_return=[270.]
SPS: 640
SPS: 640
SPS: 640
SPS: 640
global_step=75945, episodic_return=[500.]
SPS: 640
SPS: 640
SPS: 640
SPS: 640
global_step=76445, episodic_return=[500.]
SPS: 640
SPS: 640
SPS: 640
SPS: 640
global_step=76945, episodic_return=[500.]
SPS: 640
SPS: 640
SPS: 640
SPS: 640
global_step=77445, episodic_return=[500.]
SPS: 640
SPS: 640
SPS: 640
global_step=77945, episodic_return=[500.]
SPS: 640
SPS: 640
SPS: 640
SPS: 640
global_step=78445, episodic_return=[500.]
SPS: 640
SPS: 640
SPS: 640
SPS: 640
global_step=78945, episodic_return=[500.]
SPS: 641
SPS: 641
SPS: 641
global_step=79320, episodic_return=[375.]
SPS: 641
SPS: 641
SPS: 641
SPS: 641
global_step=79788, episodic_return=[468.]
SPS: 641
SPS: 641
SPS: 641
SPS: 641
global_step=80288, episodic_return=[500.]
SPS: 641
SPS: 641
global_step=80616, episodic_return=[328.]
SPS: 641
SPS: 641
SPS: 641
SPS: 641
global_step=81116, episodic_return=[500.]
SPS: 641
SPS: 641
SPS: 641
SPS: 641
global_step=81616, episodic_return=[500.]
SPS: 641
SPS: 641
SPS: 641
SPS: 641
global_step=82116, episodic_return=[500.]
SPS: 641
SPS: 641
SPS: 641
SPS: 641
global_step=82616, episodic_return=[500.]
SPS: 641
SPS: 641
SPS: 641
SPS: 641
global_step=83116, episodic_return=[500.]
SPS: 641
SPS: 641
SPS: 641
SPS: 641
global_step=83616, episodic_return=[500.]
SPS: 641
SPS: 641
SPS: 641
SPS: 641
global_step=84116, episodic_return=[500.]
SPS: 641
SPS: 641
SPS: 641
SPS: 641
global_step=84616, episodic_return=[500.]
SPS: 641
SPS: 641
SPS: 641
global_step=85116, episodic_return=[500.]
SPS: 641
SPS: 641
SPS: 641
SPS: 641
global_step=85616, episodic_return=[500.]
SPS: 641
SPS: 641
SPS: 641
SPS: 641
global_step=86116, episodic_return=[500.]
SPS: 641
SPS: 641
SPS: 641
SPS: 641
global_step=86616, episodic_return=[500.]
SPS: 641
SPS: 641
SPS: 641
SPS: 641
global_step=87116, episodic_return=[500.]
SPS: 641
SPS: 641
SPS: 641
SPS: 641
global_step=87616, episodic_return=[500.]
SPS: 641
SPS: 641
global_step=87900, episodic_return=[284.]
SPS: 641
SPS: 641
SPS: 641
SPS: 641
global_step=88400, episodic_return=[500.]
SPS: 641
SPS: 641
SPS: 641
SPS: 641
global_step=88900, episodic_return=[500.]
SPS: 641
SPS: 641
SPS: 641
SPS: 641
global_step=89400, episodic_return=[500.]
SPS: 641
SPS: 641
SPS: 641
SPS: 641
global_step=89900, episodic_return=[500.]
SPS: 641
SPS: 641
SPS: 641
SPS: 641
global_step=90400, episodic_return=[500.]
SPS: 641
SPS: 641
SPS: 641
SPS: 641
global_step=90900, episodic_return=[500.]
SPS: 641
SPS: 641
SPS: 641
SPS: 641
global_step=91400, episodic_return=[500.]
SPS: 641
SPS: 641
SPS: 641
global_step=91900, episodic_return=[500.]
SPS: 641
SPS: 641
SPS: 641
global_step=92179, episodic_return=[279.]
SPS: 641
SPS: 641
SPS: 641
SPS: 641
global_step=92679, episodic_return=[500.]
SPS: 641
SPS: 641
SPS: 641
global_step=93179, episodic_return=[500.]
SPS: 641
SPS: 641
SPS: 641
SPS: 641
global_step=93679, episodic_return=[500.]
SPS: 641
SPS: 641
SPS: 641
SPS: 641
global_step=94179, episodic_return=[500.]
SPS: 641
SPS: 641
global_step=94458, episodic_return=[279.]
SPS: 641
SPS: 641
SPS: 641
SPS: 641
global_step=94958, episodic_return=[500.]
SPS: 641
SPS: 641
SPS: 641
SPS: 641
global_step=95458, episodic_return=[500.]
SPS: 641
SPS: 641
SPS: 641
SPS: 641
global_step=95958, episodic_return=[500.]
SPS: 641
global_step=96123, episodic_return=[165.]
SPS: 641
SPS: 641
SPS: 641
SPS: 641
global_step=96623, episodic_return=[500.]
SPS: 641
SPS: 641
SPS: 641
SPS: 641
global_step=97123, episodic_return=[500.]
SPS: 641
SPS: 641
SPS: 641
global_step=97482, episodic_return=[359.]
SPS: 641
SPS: 641
SPS: 641
SPS: 641
global_step=97982, episodic_return=[500.]
SPS: 641
SPS: 641
SPS: 641
SPS: 641
global_step=98482, episodic_return=[500.]
SPS: 641
SPS: 641
SPS: 641
SPS: 641
global_step=98982, episodic_return=[500.]
SPS: 641
SPS: 641
SPS: 641
SPS: 641
global_step=99482, episodic_return=[500.]
SPS: 641
SPS: 641
SPS: 641
SPS: 641
Using hyperparameter file ./hps/CleanRL_ppo_defaultdiscrete.yml
[Errno 2] No such file or directory: './CleanRL/results/ppo_CartPole-v1_100000/defaultdiscrete'
Using initial folder
[/bin/bash] ## Script finished
[/bin/bash] #### Finished Python test. Have a nice day
