[/bin/bash] 379532############################################
[/bin/bash] ## Starting Python Python 3.8.3
[/bin/bash] ## Training using algorithm ppo from framework CleanRL
[/bin/bash] ## On environment CartPole-v1 with 100000 timesteps
[/bin/bash] ## This is repetition 1/3
[/bin/bash] ## This is s2989344 on node802 and this job has the ID 3909614
[/bin/bash] ##############################################
[/bin/bash] ## current working directory: /home/s2989344/Documents/MSc/CleanRL
[/bin/bash] ## current python version: Python 3.8.3
[/bin/bash] ## python from path: /home/s2989344/.conda/envs/CleanRL/bin/python
[/bin/bash] ## list of packages: # packages in environment at /home/s2989344/.conda/envs/CleanRL: # # Name Version Build Channel _libgcc_mutex 0.1 main _openmp_mutex 5.1 1_gnu absl-py 1.4.0 pypi_0 pypi ale-py 0.8.1 pypi_0 pypi appdirs 1.4.4 pypi_0 pypi autorom 0.4.2 pypi_0 pypi autorom-accept-rom-license 0.6.1 pypi_0 pypi ca-certificates 2025.2.25 h06a4308_0 cachetools 5.3.0 pypi_0 pypi certifi 2023.5.7 pypi_0 pypi charset-normalizer 3.1.0 pypi_0 pypi click 8.1.3 pypi_0 pypi cloudpickle 2.2.1 pypi_0 pypi colorama 0.4.4 pypi_0 pypi commonmark 0.9.1 pypi_0 pypi cycler 0.11.0 pypi_0 pypi decorator 4.4.2 pypi_0 pypi docker-pycreds 0.4.0 pypi_0 pypi docstring-parser 0.15 pypi_0 pypi farama-notifications 0.0.4 pypi_0 pypi filelock 3.12.0 pypi_0 pypi fonttools 4.38.0 pypi_0 pypi gitdb 4.0.10 pypi_0 pypi gitpython 3.1.31 pypi_0 pypi glfw 1.12.0 pypi_0 pypi google-auth 2.18.0 pypi_0 pypi google-auth-oauthlib 0.4.6 pypi_0 pypi grpcio 1.54.0 pypi_0 pypi gym 0.23.1 pypi_0 pypi gym-notices 0.0.8 pypi_0 pypi gymnasium 0.28.1 pypi_0 pypi huggingface-hub 0.11.1 pypi_0 pypi idna 3.4 pypi_0 pypi imageio 2.28.1 pypi_0 pypi imageio-ffmpeg 0.3.0 pypi_0 pypi importlib-metadata 5.2.0 pypi_0 pypi importlib-resources 5.12.0 pypi_0 pypi jax-jumpy 1.0.0 pypi_0 pypi kiwisolver 1.4.4 pypi_0 pypi ld_impl_linux-64 2.40 h12ee557_0 libffi 3.3 he6710b0_2 libgcc-ng 11.2.0 h1234567_1 libgomp 11.2.0 h1234567_1 libstdcxx-ng 11.2.0 h1234567_1 markdown 3.3.7 pypi_0 pypi markupsafe 2.1.2 pypi_0 pypi matplotlib 3.5.3 pypi_0 pypi moviepy 1.0.3 pypi_0 pypi mujoco 2.3.3 pypi_0 pypi ncurses 6.4 h6a678d5_0 numpy 1.24.4 pypi_0 pypi oauthlib 3.2.2 pypi_0 pypi opencv-python 4.7.0.72 pypi_0 pypi openssl 1.1.1w h7f8727e_0 packaging 23.1 pypi_0 pypi pandas 1.3.5 pypi_0 pypi pathtools 0.1.2 pypi_0 pypi pillow 9.5.0 pypi_0 pypi pip 24.2 py38h06a4308_0 proglog 0.1.10 pypi_0 pypi protobuf 3.20.3 pypi_0 pypi psutil 5.9.5 pypi_0 pypi pyasn1 0.5.0 pypi_0 pypi pyasn1-modules 0.3.0 pypi_0 pypi pygame 2.1.0 pypi_0 pypi pygments 2.15.1 pypi_0 pypi pyopengl 3.1.6 pypi_0 pypi pyparsing 3.0.9 pypi_0 pypi python 3.8.3 hcff3b4d_2 python-dateutil 2.8.2 pypi_0 pypi pytz 2023.3 pypi_0 pypi pyyaml 6.0.1 pypi_0 pypi readline 8.2 h5eee18b_0 requests 2.30.0 pypi_0 pypi requests-oauthlib 1.3.1 pypi_0 pypi rich 11.2.0 pypi_0 pypi rsa 4.7.2 pypi_0 pypi sentry-sdk 1.22.2 pypi_0 pypi setproctitle 1.3.2 pypi_0 pypi setuptools 67.7.2 pypi_0 pypi shimmy 1.1.0 pypi_0 pypi shtab 1.6.4 pypi_0 pypi six 1.16.0 pypi_0 pypi smmap 5.0.0 pypi_0 pypi sqlite 3.45.3 h5eee18b_0 stable-baselines3 2.0.0 pypi_0 pypi tenacity 8.2.3 pypi_0 pypi tensorboard 2.11.2 pypi_0 pypi tensorboard-data-server 0.6.1 pypi_0 pypi tensorboard-plugin-wit 1.8.1 pypi_0 pypi tk 8.6.14 h39e8969_0 torch 1.12.1 pypi_0 pypi tqdm 4.65.0 pypi_0 pypi typing-extensions 4.5.0 pypi_0 pypi tyro 0.5.10 pypi_0 pypi urllib3 1.26.15 pypi_0 pypi wandb 0.13.11 pypi_0 pypi werkzeug 2.2.3 pypi_0 pypi wheel 0.40.0 pypi_0 pypi xz 5.6.4 h5eee18b_1 zipp 3.15.0 pypi_0 pypi zlib 1.2.13 h5eee18b_1
[/bin/bash] ##############################################
[/bin/bash] ## Start run script
/home/s2989344/.conda/envs/CleanRL/lib/python3.8/site-packages/torch/utils/tensorboard/__init__.py:4: DeprecationWarning: distutils Version classes are deprecated. Use packaging.version instead.
  if not hasattr(tensorboard, "__version__") or LooseVersion(
global_step=12, episodic_return=[12.]
global_step=31, episodic_return=[19.]
global_step=64, episodic_return=[33.]
global_step=83, episodic_return=[19.]
global_step=101, episodic_return=[18.]
global_step=111, episodic_return=[10.]
global_step=125, episodic_return=[14.]
SPS: 1192
global_step=140, episodic_return=[15.]
global_step=165, episodic_return=[25.]
global_step=179, episodic_return=[14.]
global_step=191, episodic_return=[12.]
global_step=208, episodic_return=[17.]
global_step=226, episodic_return=[18.]
global_step=244, episodic_return=[18.]
SPS: 1109
global_step=262, episodic_return=[18.]
global_step=285, episodic_return=[23.]
global_step=308, episodic_return=[23.]
global_step=320, episodic_return=[12.]
global_step=335, episodic_return=[15.]
global_step=357, episodic_return=[22.]
global_step=375, episodic_return=[18.]
SPS: 1114
global_step=390, episodic_return=[15.]
global_step=409, episodic_return=[19.]
global_step=420, episodic_return=[11.]
SPS: 1143
global_step=537, episodic_return=[117.]
global_step=550, episodic_return=[13.]
global_step=560, episodic_return=[10.]
global_step=589, episodic_return=[29.]
global_step=609, episodic_return=[20.]
global_step=625, episodic_return=[16.]
SPS: 1140
global_step=654, episodic_return=[29.]
global_step=669, episodic_return=[15.]
global_step=691, episodic_return=[22.]
global_step=727, episodic_return=[36.]
global_step=743, episodic_return=[16.]
global_step=756, episodic_return=[13.]
SPS: 1136
global_step=785, episodic_return=[29.]
global_step=803, episodic_return=[18.]
global_step=845, episodic_return=[42.]
global_step=862, episodic_return=[17.]
global_step=876, episodic_return=[14.]
SPS: 1145
global_step=904, episodic_return=[28.]
global_step=921, episodic_return=[17.]
global_step=938, episodic_return=[17.]
global_step=964, episodic_return=[26.]
global_step=986, episodic_return=[22.]
global_step=1006, episodic_return=[20.]
SPS: 1151
global_step=1037, episodic_return=[31.]
global_step=1071, episodic_return=[34.]
global_step=1132, episodic_return=[61.]
SPS: 1162
global_step=1171, episodic_return=[39.]
global_step=1194, episodic_return=[23.]
global_step=1214, episodic_return=[20.]
global_step=1253, episodic_return=[39.]
global_step=1279, episodic_return=[26.]
SPS: 1169
global_step=1309, episodic_return=[30.]
global_step=1328, episodic_return=[19.]
global_step=1388, episodic_return=[60.]
SPS: 1171
global_step=1444, episodic_return=[56.]
global_step=1466, episodic_return=[22.]
global_step=1475, episodic_return=[9.]
global_step=1494, episodic_return=[19.]
global_step=1511, episodic_return=[17.]
global_step=1529, episodic_return=[18.]
SPS: 1166
global_step=1558, episodic_return=[29.]
global_step=1570, episodic_return=[12.]
global_step=1587, episodic_return=[17.]
global_step=1608, episodic_return=[21.]
global_step=1629, episodic_return=[21.]
global_step=1650, episodic_return=[21.]
SPS: 1157
global_step=1670, episodic_return=[20.]
global_step=1686, episodic_return=[16.]
global_step=1721, episodic_return=[35.]
global_step=1736, episodic_return=[15.]
global_step=1756, episodic_return=[20.]
global_step=1779, episodic_return=[23.]
SPS: 1156
global_step=1816, episodic_return=[37.]
global_step=1857, episodic_return=[41.]
SPS: 1150
global_step=1946, episodic_return=[89.]
global_step=1990, episodic_return=[44.]
SPS: 1148
global_step=2102, episodic_return=[112.]
global_step=2125, episodic_return=[23.]
global_step=2170, episodic_return=[45.]
SPS: 1153
global_step=2230, episodic_return=[60.]
global_step=2249, episodic_return=[19.]
global_step=2263, episodic_return=[14.]
global_step=2283, episodic_return=[20.]
SPS: 1157
global_step=2320, episodic_return=[37.]
global_step=2334, episodic_return=[14.]
global_step=2404, episodic_return=[70.]
SPS: 1162
global_step=2436, episodic_return=[32.]
global_step=2450, episodic_return=[14.]
global_step=2509, episodic_return=[59.]
SPS: 1167
global_step=2567, episodic_return=[58.]
global_step=2648, episodic_return=[81.]
SPS: 1171
global_step=2705, episodic_return=[57.]
SPS: 1176
global_step=2834, episodic_return=[129.]
global_step=2862, episodic_return=[28.]
global_step=2940, episodic_return=[78.]
SPS: 1179
global_step=2990, episodic_return=[50.]
global_step=3054, episodic_return=[64.]
SPS: 1183
global_step=3160, episodic_return=[106.]
SPS: 1181
global_step=3229, episodic_return=[69.]
global_step=3289, episodic_return=[60.]
global_step=3328, episodic_return=[39.]
SPS: 1180
global_step=3388, episodic_return=[60.]
SPS: 1181
global_step=3460, episodic_return=[72.]
global_step=3524, episodic_return=[64.]
global_step=3577, episodic_return=[53.]
SPS: 1178
SPS: 1176
global_step=3788, episodic_return=[211.]
SPS: 1177
global_step=3859, episodic_return=[71.]
global_step=3882, episodic_return=[23.]
global_step=3941, episodic_return=[59.]
SPS: 1179
SPS: 1182
SPS: 1186
SPS: 1189
global_step=4378, episodic_return=[437.]
SPS: 1189
global_step=4549, episodic_return=[171.]
SPS: 1187
global_step=4684, episodic_return=[135.]
SPS: 1186
global_step=4853, episodic_return=[169.]
SPS: 1186
global_step=4910, episodic_return=[57.]
SPS: 1183
global_step=5017, episodic_return=[107.]
global_step=5043, episodic_return=[26.]
global_step=5085, episodic_return=[42.]
SPS: 1183
global_step=5132, episodic_return=[47.]
global_step=5234, episodic_return=[102.]
SPS: 1184
global_step=5326, episodic_return=[92.]
SPS: 1186
global_step=5415, episodic_return=[89.]
global_step=5485, episodic_return=[70.]
SPS: 1188
global_step=5578, episodic_return=[93.]
SPS: 1180
global_step=5676, episodic_return=[98.]
SPS: 1180
global_step=5834, episodic_return=[158.]
SPS: 1180
global_step=5964, episodic_return=[130.]
global_step=6006, episodic_return=[42.]
SPS: 1182
SPS: 1182
global_step=6207, episodic_return=[201.]
global_step=6249, episodic_return=[42.]
SPS: 1182
SPS: 1183
global_step=6402, episodic_return=[153.]
SPS: 1185
global_step=6562, episodic_return=[160.]
SPS: 1187
global_step=6718, episodic_return=[156.]
SPS: 1188
global_step=6863, episodic_return=[145.]
global_step=6902, episodic_return=[39.]
SPS: 1189
global_step=7032, episodic_return=[130.]
SPS: 1188
SPS: 1187
global_step=7223, episodic_return=[191.]
SPS: 1188
global_step=7303, episodic_return=[80.]
SPS: 1187
global_step=7516, episodic_return=[213.]
SPS: 1185
global_step=7565, episodic_return=[49.]
SPS: 1186
global_step=7723, episodic_return=[158.]
SPS: 1187
global_step=7823, episodic_return=[100.]
global_step=7921, episodic_return=[98.]
SPS: 1188
global_step=8046, episodic_return=[125.]
SPS: 1189
global_step=8079, episodic_return=[33.]
global_step=8184, episodic_return=[105.]
SPS: 1190
SPS: 1191
global_step=8346, episodic_return=[162.]
SPS: 1191
global_step=8498, episodic_return=[152.]
SPS: 1192
global_step=8586, episodic_return=[88.]
SPS: 1190
global_step=8729, episodic_return=[143.]
SPS: 1189
SPS: 1190
global_step=8971, episodic_return=[242.]
SPS: 1191
global_step=9117, episodic_return=[146.]
SPS: 1192
global_step=9256, episodic_return=[139.]
SPS: 1194
global_step=9397, episodic_return=[141.]
SPS: 1195
global_step=9477, episodic_return=[80.]
global_step=9580, episodic_return=[103.]
SPS: 1193
global_step=9695, episodic_return=[115.]
SPS: 1192
SPS: 1193
SPS: 1193
global_step=10089, episodic_return=[394.]
SPS: 1193
SPS: 1194
global_step=10328, episodic_return=[239.]
SPS: 1195
global_step=10454, episodic_return=[126.]
SPS: 1196
SPS: 1197
global_step=10665, episodic_return=[211.]
SPS: 1198
SPS: 1197
global_step=10974, episodic_return=[309.]
global_step=11006, episodic_return=[32.]
SPS: 1196
global_step=11065, episodic_return=[59.]
SPS: 1197
SPS: 1196
global_step=11284, episodic_return=[219.]
SPS: 1195
global_step=11510, episodic_return=[226.]
SPS: 1195
SPS: 1196
global_step=11698, episodic_return=[188.]
global_step=11763, episodic_return=[65.]
SPS: 1197
SPS: 1197
global_step=11933, episodic_return=[170.]
global_step=11991, episodic_return=[58.]
SPS: 1198
global_step=12143, episodic_return=[152.]
SPS: 1198
global_step=12282, episodic_return=[139.]
SPS: 1198
SPS: 1199
global_step=12422, episodic_return=[140.]
SPS: 1199
global_step=12600, episodic_return=[178.]
global_step=12667, episodic_return=[67.]
SPS: 1198
SPS: 1198
global_step=12875, episodic_return=[208.]
SPS: 1199
SPS: 1200
global_step=13179, episodic_return=[304.]
SPS: 1200
SPS: 1201
global_step=13341, episodic_return=[162.]
SPS: 1200
global_step=13453, episodic_return=[112.]
global_step=13497, episodic_return=[44.]
SPS: 1199
SPS: 1200
global_step=13805, episodic_return=[308.]
SPS: 1199
SPS: 1199
global_step=14019, episodic_return=[214.]
SPS: 1199
SPS: 1200
global_step=14231, episodic_return=[212.]
SPS: 1201
global_step=14366, episodic_return=[135.]
SPS: 1201
global_step=14492, episodic_return=[126.]
SPS: 1202
SPS: 1201
global_step=14749, episodic_return=[257.]
global_step=14821, episodic_return=[72.]
SPS: 1201
SPS: 1201
global_step=14990, episodic_return=[169.]
global_step=15100, episodic_return=[110.]
SPS: 1200
SPS: 1200
global_step=15275, episodic_return=[175.]
SPS: 1200
global_step=15391, episodic_return=[116.]
global_step=15488, episodic_return=[97.]
SPS: 1200
SPS: 1201
global_step=15710, episodic_return=[222.]
SPS: 1202
global_step=15756, episodic_return=[46.]
SPS: 1202
global_step=15941, episodic_return=[185.]
SPS: 1203
global_step=16123, episodic_return=[182.]
SPS: 1204
global_step=16209, episodic_return=[86.]
SPS: 1204
SPS: 1205
global_step=16460, episodic_return=[251.]
SPS: 1205
global_step=16519, episodic_return=[59.]
global_step=16632, episodic_return=[113.]
SPS: 1206
SPS: 1207
SPS: 1207
SPS: 1208
global_step=17132, episodic_return=[500.]
SPS: 1208
SPS: 1209
global_step=17377, episodic_return=[245.]
SPS: 1209
SPS: 1210
global_step=17538, episodic_return=[161.]
global_step=17649, episodic_return=[111.]
SPS: 1210
SPS: 1211
global_step=17844, episodic_return=[195.]
global_step=17902, episodic_return=[58.]
SPS: 1211
SPS: 1212
SPS: 1212
SPS: 1212
global_step=18402, episodic_return=[500.]
SPS: 1211
global_step=18528, episodic_return=[126.]
SPS: 1211
global_step=18564, episodic_return=[36.]
global_step=18646, episodic_return=[82.]
SPS: 1211
SPS: 1211
SPS: 1211
SPS: 1211
global_step=19146, episodic_return=[500.]
SPS: 1212
global_step=19323, episodic_return=[177.]
SPS: 1212
global_step=19436, episodic_return=[113.]
SPS: 1213
SPS: 1213
global_step=19650, episodic_return=[214.]
SPS: 1213
global_step=19798, episodic_return=[148.]
SPS: 1213
global_step=19854, episodic_return=[56.]
SPS: 1212
global_step=19975, episodic_return=[121.]
SPS: 1212
SPS: 1212
global_step=20298, episodic_return=[323.]
SPS: 1212
global_step=20388, episodic_return=[90.]
SPS: 1213
global_step=20581, episodic_return=[193.]
SPS: 1213
SPS: 1213
global_step=20824, episodic_return=[243.]
SPS: 1213
SPS: 1213
global_step=21042, episodic_return=[218.]
SPS: 1212
SPS: 1213
SPS: 1213
global_step=21427, episodic_return=[385.]
SPS: 1213
global_step=21611, episodic_return=[184.]
SPS: 1213
SPS: 1214
global_step=21831, episodic_return=[220.]
SPS: 1214
SPS: 1214
global_step=22078, episodic_return=[247.]
SPS: 1215
SPS: 1214
SPS: 1214
global_step=22459, episodic_return=[381.]
SPS: 1214
SPS: 1214
global_step=22690, episodic_return=[231.]
SPS: 1213
SPS: 1213
global_step=22996, episodic_return=[306.]
SPS: 1214
SPS: 1214
global_step=23215, episodic_return=[219.]
SPS: 1215
SPS: 1215
global_step=23507, episodic_return=[292.]
SPS: 1215
SPS: 1214
global_step=23769, episodic_return=[262.]
SPS: 1214
SPS: 1214
SPS: 1213
global_step=24123, episodic_return=[354.]
SPS: 1213
SPS: 1214
SPS: 1214
global_step=24540, episodic_return=[417.]
SPS: 1214
SPS: 1215
global_step=24769, episodic_return=[229.]
SPS: 1214
global_step=24945, episodic_return=[176.]
SPS: 1214
SPS: 1215
global_step=25174, episodic_return=[229.]
SPS: 1214
SPS: 1214
global_step=25378, episodic_return=[204.]
SPS: 1214
SPS: 1215
global_step=25705, episodic_return=[327.]
SPS: 1215
SPS: 1215
global_step=25927, episodic_return=[222.]
SPS: 1216
SPS: 1215
global_step=26122, episodic_return=[195.]
SPS: 1215
global_step=26354, episodic_return=[232.]
SPS: 1215
SPS: 1214
SPS: 1214
global_step=26647, episodic_return=[293.]
global_step=26726, episodic_return=[79.]
SPS: 1214
SPS: 1215
SPS: 1215
global_step=27034, episodic_return=[308.]
SPS: 1215
global_step=27212, episodic_return=[178.]
SPS: 1216
global_step=27344, episodic_return=[132.]
SPS: 1216
SPS: 1215
global_step=27522, episodic_return=[178.]
SPS: 1215
SPS: 1215
SPS: 1215
global_step=27949, episodic_return=[427.]
SPS: 1215
SPS: 1215
global_step=28276, episodic_return=[327.]
SPS: 1215
SPS: 1216
global_step=28490, episodic_return=[214.]
SPS: 1216
SPS: 1216
global_step=28691, episodic_return=[201.]
SPS: 1215
global_step=28921, episodic_return=[230.]
SPS: 1216
global_step=29054, episodic_return=[133.]
SPS: 1216
global_step=29134, episodic_return=[80.]
SPS: 1215
SPS: 1216
global_step=29334, episodic_return=[200.]
SPS: 1216
SPS: 1216
SPS: 1216
global_step=29785, episodic_return=[451.]
SPS: 1217
SPS: 1217
SPS: 1216
global_step=30207, episodic_return=[422.]
SPS: 1216
SPS: 1216
SPS: 1215
global_step=30497, episodic_return=[290.]
SPS: 1215
global_step=30639, episodic_return=[142.]
SPS: 1215
SPS: 1216
global_step=30886, episodic_return=[247.]
SPS: 1216
global_step=31049, episodic_return=[163.]
SPS: 1216
global_step=31222, episodic_return=[173.]
SPS: 1216
SPS: 1217
SPS: 1217
global_step=31555, episodic_return=[333.]
SPS: 1217
global_step=31735, episodic_return=[180.]
SPS: 1217
SPS: 1217
global_step=31974, episodic_return=[239.]
SPS: 1217
SPS: 1216
global_step=32164, episodic_return=[190.]
SPS: 1216
global_step=32381, episodic_return=[217.]
SPS: 1216
SPS: 1216
global_step=32549, episodic_return=[168.]
SPS: 1216
SPS: 1217
global_step=32815, episodic_return=[266.]
SPS: 1217
global_step=32940, episodic_return=[125.]
SPS: 1217
global_step=33136, episodic_return=[196.]
SPS: 1216
global_step=33278, episodic_return=[142.]
SPS: 1216
SPS: 1216
global_step=33481, episodic_return=[203.]
SPS: 1216
global_step=33590, episodic_return=[109.]
SPS: 1216
global_step=33752, episodic_return=[162.]
SPS: 1216
global_step=33902, episodic_return=[150.]
SPS: 1216
global_step=34034, episodic_return=[132.]
SPS: 1216
SPS: 1217
global_step=34241, episodic_return=[207.]
SPS: 1217
SPS: 1217
global_step=34458, episodic_return=[217.]
SPS: 1217
global_step=34604, episodic_return=[146.]
SPS: 1217
SPS: 1216
global_step=34893, episodic_return=[289.]
SPS: 1216
global_step=35070, episodic_return=[177.]
SPS: 1216
global_step=35168, episodic_return=[98.]
SPS: 1216
global_step=35312, episodic_return=[144.]
SPS: 1217
SPS: 1217
global_step=35488, episodic_return=[176.]
SPS: 1217
global_step=35606, episodic_return=[118.]
SPS: 1217
global_step=35748, episodic_return=[142.]
SPS: 1216
global_step=35876, episodic_return=[128.]
SPS: 1216
SPS: 1216
global_step=36125, episodic_return=[249.]
SPS: 1216
global_step=36325, episodic_return=[200.]
SPS: 1216
global_step=36442, episodic_return=[117.]
SPS: 1217
global_step=36604, episodic_return=[162.]
SPS: 1217
SPS: 1217
global_step=36819, episodic_return=[215.]
SPS: 1217
global_step=36961, episodic_return=[142.]
SPS: 1217
SPS: 1217
global_step=37208, episodic_return=[247.]
SPS: 1217
SPS: 1216
global_step=37427, episodic_return=[219.]
SPS: 1216
SPS: 1216
global_step=37651, episodic_return=[224.]
SPS: 1216
global_step=37880, episodic_return=[229.]
SPS: 1216
SPS: 1217
global_step=38104, episodic_return=[224.]
SPS: 1217
SPS: 1217
global_step=38370, episodic_return=[266.]
SPS: 1216
SPS: 1216
global_step=38646, episodic_return=[276.]
SPS: 1216
SPS: 1216
SPS: 1216
global_step=38960, episodic_return=[314.]
SPS: 1216
SPS: 1216
SPS: 1217
global_step=39352, episodic_return=[392.]
SPS: 1217
SPS: 1217
global_step=39678, episodic_return=[326.]
SPS: 1217
SPS: 1217
global_step=39886, episodic_return=[208.]
SPS: 1217
SPS: 1216
global_step=40132, episodic_return=[246.]
SPS: 1216
SPS: 1216
global_step=40400, episodic_return=[268.]
SPS: 1216
SPS: 1217
global_step=40619, episodic_return=[219.]
SPS: 1217
SPS: 1217
global_step=40888, episodic_return=[269.]
SPS: 1216
global_step=40995, episodic_return=[107.]
SPS: 1216
SPS: 1217
SPS: 1216
SPS: 1216
global_step=41495, episodic_return=[500.]
SPS: 1217
SPS: 1217
SPS: 1217
global_step=41976, episodic_return=[481.]
SPS: 1217
SPS: 1217
SPS: 1218
global_step=42253, episodic_return=[277.]
SPS: 1218
global_step=42425, episodic_return=[172.]
SPS: 1218
global_step=42594, episodic_return=[169.]
SPS: 1218
SPS: 1218
global_step=42814, episodic_return=[220.]
SPS: 1218
SPS: 1218
global_step=43087, episodic_return=[273.]
SPS: 1218
SPS: 1218
SPS: 1218
global_step=43437, episodic_return=[350.]
SPS: 1218
SPS: 1218
SPS: 1218
global_step=43839, episodic_return=[402.]
SPS: 1218
SPS: 1218
SPS: 1218
SPS: 1217
global_step=44339, episodic_return=[500.]
SPS: 1217
SPS: 1217
global_step=44607, episodic_return=[268.]
SPS: 1217
SPS: 1218
global_step=44859, episodic_return=[252.]
SPS: 1218
global_step=45022, episodic_return=[163.]
SPS: 1218
global_step=45150, episodic_return=[128.]
SPS: 1218
SPS: 1218
global_step=45329, episodic_return=[179.]
SPS: 1217
SPS: 1217
global_step=45654, episodic_return=[325.]
SPS: 1217
SPS: 1217
SPS: 1217
global_step=45987, episodic_return=[333.]
SPS: 1217
SPS: 1217
SPS: 1217
SPS: 1217
global_step=46466, episodic_return=[479.]
global_step=46540, episodic_return=[74.]
SPS: 1217
SPS: 1217
global_step=46819, episodic_return=[279.]
SPS: 1217
SPS: 1217
global_step=46995, episodic_return=[176.]
SPS: 1217
global_step=47189, episodic_return=[194.]
SPS: 1217
global_step=47340, episodic_return=[151.]
SPS: 1217
SPS: 1217
SPS: 1217
SPS: 1218
global_step=47840, episodic_return=[500.]
SPS: 1218
SPS: 1218
SPS: 1218
global_step=48234, episodic_return=[394.]
SPS: 1218
SPS: 1218
global_step=48507, episodic_return=[273.]
SPS: 1218
SPS: 1218
global_step=48757, episodic_return=[250.]
SPS: 1218
SPS: 1218
global_step=49016, episodic_return=[259.]
SPS: 1218
SPS: 1218
global_step=49260, episodic_return=[244.]
SPS: 1218
SPS: 1219
SPS: 1219
SPS: 1219
global_step=49760, episodic_return=[500.]
SPS: 1219
SPS: 1219
SPS: 1219
global_step=50080, episodic_return=[320.]
SPS: 1216
SPS: 1216
global_step=50413, episodic_return=[333.]
SPS: 1216
SPS: 1217
SPS: 1216
global_step=50729, episodic_return=[316.]
SPS: 1216
SPS: 1216
global_step=51053, episodic_return=[324.]
SPS: 1216
SPS: 1215
SPS: 1215
global_step=51393, episodic_return=[340.]
SPS: 1216
SPS: 1216
global_step=51705, episodic_return=[312.]
SPS: 1216
SPS: 1216
global_step=51943, episodic_return=[238.]
SPS: 1216
SPS: 1216
SPS: 1216
global_step=52345, episodic_return=[402.]
SPS: 1216
SPS: 1215
global_step=52604, episodic_return=[259.]
SPS: 1215
SPS: 1215
SPS: 1216
SPS: 1216
global_step=53104, episodic_return=[500.]
SPS: 1216
SPS: 1216
SPS: 1216
global_step=53436, episodic_return=[332.]
SPS: 1216
SPS: 1217
SPS: 1217
global_step=53819, episodic_return=[383.]
SPS: 1216
SPS: 1216
global_step=54138, episodic_return=[319.]
SPS: 1216
SPS: 1216
SPS: 1216
SPS: 1216
global_step=54638, episodic_return=[500.]
SPS: 1216
SPS: 1216
global_step=54824, episodic_return=[186.]
SPS: 1216
global_step=54988, episodic_return=[164.]
SPS: 1216
SPS: 1216
global_step=55169, episodic_return=[181.]
SPS: 1216
SPS: 1216
global_step=55427, episodic_return=[258.]
SPS: 1216
SPS: 1216
global_step=55756, episodic_return=[329.]
SPS: 1216
SPS: 1216
global_step=56046, episodic_return=[290.]
SPS: 1216
SPS: 1216
global_step=56217, episodic_return=[171.]
SPS: 1216
global_step=56421, episodic_return=[204.]
SPS: 1216
SPS: 1216
SPS: 1216
global_step=56746, episodic_return=[325.]
SPS: 1215
SPS: 1216
SPS: 1216
global_step=57114, episodic_return=[368.]
SPS: 1216
global_step=57342, episodic_return=[228.]
SPS: 1216
SPS: 1216
global_step=57559, episodic_return=[217.]
SPS: 1216
SPS: 1216
global_step=57750, episodic_return=[191.]
SPS: 1216
global_step=57877, episodic_return=[127.]
SPS: 1215
SPS: 1215
SPS: 1215
global_step=58349, episodic_return=[472.]
SPS: 1215
SPS: 1215
SPS: 1216
SPS: 1216
global_step=58794, episodic_return=[445.]
SPS: 1215
global_step=58940, episodic_return=[146.]
SPS: 1215
SPS: 1215
SPS: 1215
global_step=59344, episodic_return=[404.]
SPS: 1215
SPS: 1215
SPS: 1215
SPS: 1215
global_step=59814, episodic_return=[470.]
SPS: 1215
SPS: 1215
SPS: 1215
SPS: 1215
global_step=60314, episodic_return=[500.]
SPS: 1215
global_step=60447, episodic_return=[133.]
SPS: 1215
SPS: 1215
global_step=60788, episodic_return=[341.]
SPS: 1215
SPS: 1215
SPS: 1215
SPS: 1215
global_step=61253, episodic_return=[465.]
SPS: 1215
global_step=61431, episodic_return=[178.]
SPS: 1215
SPS: 1215
SPS: 1216
SPS: 1216
global_step=61847, episodic_return=[416.]
SPS: 1216
SPS: 1216
SPS: 1216
SPS: 1215
global_step=62347, episodic_return=[500.]
SPS: 1215
SPS: 1215
SPS: 1215
global_step=62752, episodic_return=[405.]
SPS: 1216
global_step=62974, episodic_return=[222.]
SPS: 1216
SPS: 1216
SPS: 1215
global_step=63275, episodic_return=[301.]
SPS: 1215
SPS: 1215
global_step=63521, episodic_return=[246.]
SPS: 1215
SPS: 1215
global_step=63773, episodic_return=[252.]
SPS: 1215
global_step=63873, episodic_return=[100.]
SPS: 1215
SPS: 1216
global_step=64207, episodic_return=[334.]
SPS: 1216
SPS: 1216
SPS: 1216
global_step=64532, episodic_return=[325.]
SPS: 1215
SPS: 1215
SPS: 1215
global_step=65007, episodic_return=[475.]
SPS: 1215
SPS: 1215
global_step=65211, episodic_return=[204.]
SPS: 1215
global_step=65401, episodic_return=[190.]
SPS: 1215
SPS: 1215
SPS: 1216
global_step=65666, episodic_return=[265.]
SPS: 1215
global_step=65848, episodic_return=[182.]
SPS: 1215
SPS: 1215
SPS: 1215
SPS: 1215
global_step=66348, episodic_return=[500.]
SPS: 1215
global_step=66554, episodic_return=[206.]
SPS: 1215
SPS: 1215
SPS: 1215
SPS: 1215
global_step=67054, episodic_return=[500.]
SPS: 1215
SPS: 1215
SPS: 1215
SPS: 1215
global_step=67465, episodic_return=[411.]
SPS: 1215
SPS: 1215
SPS: 1215
global_step=67900, episodic_return=[435.]
SPS: 1215
SPS: 1216
global_step=68157, episodic_return=[257.]
SPS: 1215
SPS: 1215
global_step=68407, episodic_return=[250.]
SPS: 1215
global_step=68606, episodic_return=[199.]
SPS: 1215
SPS: 1215
SPS: 1215
global_step=68951, episodic_return=[345.]
SPS: 1215
SPS: 1215
SPS: 1215
SPS: 1216
global_step=69447, episodic_return=[496.]
SPS: 1215
SPS: 1215
SPS: 1215
global_step=69847, episodic_return=[400.]
SPS: 1215
SPS: 1215
SPS: 1215
SPS: 1215
global_step=70347, episodic_return=[500.]
SPS: 1215
SPS: 1215
SPS: 1215
SPS: 1215
global_step=70847, episodic_return=[500.]
SPS: 1215
SPS: 1215
SPS: 1215
global_step=71270, episodic_return=[423.]
SPS: 1215
SPS: 1215
SPS: 1215
SPS: 1215
global_step=71770, episodic_return=[500.]
SPS: 1215
SPS: 1215
global_step=71966, episodic_return=[196.]
SPS: 1215
SPS: 1215
SPS: 1215
global_step=72362, episodic_return=[396.]
SPS: 1215
SPS: 1215
SPS: 1215
global_step=72733, episodic_return=[371.]
SPS: 1215
SPS: 1215
SPS: 1216
SPS: 1216
global_step=73233, episodic_return=[500.]
SPS: 1216
SPS: 1216
SPS: 1216
SPS: 1216
global_step=73733, episodic_return=[500.]
SPS: 1216
SPS: 1216
SPS: 1216
global_step=74175, episodic_return=[442.]
SPS: 1216
SPS: 1216
global_step=74434, episodic_return=[259.]
SPS: 1216
SPS: 1216
SPS: 1216
SPS: 1216
global_step=74934, episodic_return=[500.]
SPS: 1217
SPS: 1217
SPS: 1216
SPS: 1216
global_step=75434, episodic_return=[500.]
SPS: 1216
SPS: 1216
global_step=75741, episodic_return=[307.]
SPS: 1216
SPS: 1216
SPS: 1216
SPS: 1216
global_step=76241, episodic_return=[500.]
SPS: 1216
SPS: 1217
global_step=76526, episodic_return=[285.]
SPS: 1217
SPS: 1216
global_step=76744, episodic_return=[218.]
SPS: 1216
SPS: 1216
SPS: 1216
SPS: 1216
global_step=77244, episodic_return=[500.]
SPS: 1216
global_step=77323, episodic_return=[79.]
SPS: 1216
SPS: 1216
SPS: 1216
global_step=77823, episodic_return=[500.]
SPS: 1216
SPS: 1216
SPS: 1216
global_step=78136, episodic_return=[313.]
SPS: 1216
SPS: 1216
SPS: 1216
global_step=78574, episodic_return=[438.]
SPS: 1216
SPS: 1216
SPS: 1217
SPS: 1217
global_step=79074, episodic_return=[500.]
SPS: 1217
SPS: 1217
global_step=79328, episodic_return=[254.]
SPS: 1217
SPS: 1217
SPS: 1217
SPS: 1217
global_step=79827, episodic_return=[499.]
SPS: 1217
SPS: 1217
SPS: 1217
SPS: 1217
global_step=80327, episodic_return=[500.]
SPS: 1217
SPS: 1217
SPS: 1217
SPS: 1217
global_step=80827, episodic_return=[500.]
SPS: 1217
SPS: 1217
SPS: 1217
SPS: 1217
global_step=81327, episodic_return=[500.]
SPS: 1217
SPS: 1217
SPS: 1217
SPS: 1217
global_step=81827, episodic_return=[500.]
SPS: 1217
SPS: 1217
SPS: 1217
global_step=82177, episodic_return=[350.]
SPS: 1217
SPS: 1217
SPS: 1217
global_step=82677, episodic_return=[500.]
SPS: 1217
SPS: 1217
SPS: 1217
SPS: 1217
global_step=83177, episodic_return=[500.]
SPS: 1217
SPS: 1217
SPS: 1217
SPS: 1217
global_step=83677, episodic_return=[500.]
SPS: 1217
SPS: 1217
SPS: 1217
global_step=84021, episodic_return=[344.]
SPS: 1217
SPS: 1217
SPS: 1217
global_step=84445, episodic_return=[424.]
SPS: 1217
SPS: 1217
SPS: 1217
SPS: 1217
global_step=84913, episodic_return=[468.]
SPS: 1217
SPS: 1217
SPS: 1217
SPS: 1217
global_step=85398, episodic_return=[485.]
SPS: 1217
SPS: 1217
SPS: 1217
SPS: 1217
global_step=85898, episodic_return=[500.]
SPS: 1217
SPS: 1217
global_step=86167, episodic_return=[269.]
SPS: 1217
SPS: 1217
SPS: 1217
SPS: 1217
global_step=86667, episodic_return=[500.]
SPS: 1217
SPS: 1217
global_step=86983, episodic_return=[316.]
SPS: 1217
SPS: 1217
SPS: 1217
SPS: 1217
global_step=87483, episodic_return=[500.]
SPS: 1216
SPS: 1216
global_step=87800, episodic_return=[317.]
SPS: 1216
SPS: 1216
SPS: 1216
SPS: 1216
global_step=88300, episodic_return=[500.]
SPS: 1216
SPS: 1216
global_step=88449, episodic_return=[149.]
SPS: 1216
SPS: 1216
SPS: 1216
global_step=88949, episodic_return=[500.]
SPS: 1216
SPS: 1215
global_step=89182, episodic_return=[233.]
SPS: 1215
SPS: 1216
SPS: 1216
SPS: 1216
global_step=89682, episodic_return=[500.]
SPS: 1216
SPS: 1216
global_step=89946, episodic_return=[264.]
SPS: 1216
global_step=90099, episodic_return=[153.]
SPS: 1216
SPS: 1216
SPS: 1216
SPS: 1216
global_step=90599, episodic_return=[500.]
SPS: 1216
SPS: 1216
SPS: 1216
SPS: 1216
global_step=91099, episodic_return=[500.]
SPS: 1216
SPS: 1216
SPS: 1216
SPS: 1216
global_step=91599, episodic_return=[500.]
SPS: 1216
SPS: 1216
SPS: 1216
SPS: 1216
global_step=92099, episodic_return=[500.]
SPS: 1216
global_step=92226, episodic_return=[127.]
SPS: 1216
SPS: 1216
SPS: 1216
SPS: 1216
global_step=92726, episodic_return=[500.]
SPS: 1216
SPS: 1216
SPS: 1216
SPS: 1216
global_step=93226, episodic_return=[500.]
SPS: 1216
SPS: 1216
SPS: 1216
global_step=93657, episodic_return=[431.]
SPS: 1216
SPS: 1217
SPS: 1217
SPS: 1217
global_step=94157, episodic_return=[500.]
SPS: 1217
SPS: 1217
SPS: 1216
SPS: 1217
global_step=94657, episodic_return=[500.]
SPS: 1216
SPS: 1216
SPS: 1216
global_step=94990, episodic_return=[333.]
SPS: 1217
SPS: 1217
SPS: 1217
SPS: 1217
global_step=95490, episodic_return=[500.]
SPS: 1217
SPS: 1217
SPS: 1217
global_step=95882, episodic_return=[392.]
SPS: 1216
SPS: 1216
SPS: 1216
global_step=96289, episodic_return=[407.]
SPS: 1216
global_step=96423, episodic_return=[134.]
SPS: 1216
SPS: 1217
SPS: 1217
SPS: 1217
global_step=96923, episodic_return=[500.]
SPS: 1216
SPS: 1217
SPS: 1216
SPS: 1216
global_step=97423, episodic_return=[500.]
SPS: 1216
global_step=97559, episodic_return=[136.]
SPS: 1216
SPS: 1216
SPS: 1217
global_step=98005, episodic_return=[446.]
SPS: 1217
SPS: 1217
SPS: 1217
global_step=98427, episodic_return=[422.]
SPS: 1217
SPS: 1217
SPS: 1217
global_step=98787, episodic_return=[360.]
SPS: 1217
global_step=98939, episodic_return=[152.]
SPS: 1217
SPS: 1217
SPS: 1217
global_step=99304, episodic_return=[365.]
SPS: 1217
SPS: 1217
SPS: 1217
global_step=99651, episodic_return=[347.]
SPS: 1217
SPS: 1217
SPS: 1216
Using hyperparameter file ./hps/CleanRL_ppo_defaultdiscrete.yml
[Errno 2] No such file or directory: './CleanRL/results/ppo_CartPole-v1_100000/defaultdiscrete'
Using initial folder
[/bin/bash] ## Script finished
[/bin/bash] #### Finished Python test. Have a nice day
