[/bin/bash] 382043############################################
[/bin/bash] ## Starting Python Python 3.8.3
[/bin/bash] ## Training using algorithm ppo from framework CleanRL
[/bin/bash] ## On environment HalfCheetah-v4 with 100000 timesteps
[/bin/bash] ## This is repetition 1/3
[/bin/bash] ## This is s2989344 on node802 and this job has the ID 3909634
[/bin/bash] ##############################################
[/bin/bash] ## current working directory: /home/s2989344/Documents/MSc/CleanRL
[/bin/bash] ## current python version: Python 3.8.3
[/bin/bash] ## python from path: /home/s2989344/.conda/envs/CleanRL/bin/python
[/bin/bash] ## list of packages: # packages in environment at /home/s2989344/.conda/envs/CleanRL: # # Name Version Build Channel _libgcc_mutex 0.1 main _openmp_mutex 5.1 1_gnu absl-py 1.4.0 pypi_0 pypi ale-py 0.8.1 pypi_0 pypi appdirs 1.4.4 pypi_0 pypi autorom 0.4.2 pypi_0 pypi autorom-accept-rom-license 0.6.1 pypi_0 pypi ca-certificates 2025.2.25 h06a4308_0 cachetools 5.3.0 pypi_0 pypi certifi 2023.5.7 pypi_0 pypi charset-normalizer 3.1.0 pypi_0 pypi click 8.1.3 pypi_0 pypi cloudpickle 2.2.1 pypi_0 pypi colorama 0.4.4 pypi_0 pypi commonmark 0.9.1 pypi_0 pypi cycler 0.11.0 pypi_0 pypi decorator 4.4.2 pypi_0 pypi docker-pycreds 0.4.0 pypi_0 pypi docstring-parser 0.15 pypi_0 pypi farama-notifications 0.0.4 pypi_0 pypi filelock 3.12.0 pypi_0 pypi fonttools 4.38.0 pypi_0 pypi gitdb 4.0.10 pypi_0 pypi gitpython 3.1.31 pypi_0 pypi glfw 1.12.0 pypi_0 pypi google-auth 2.18.0 pypi_0 pypi google-auth-oauthlib 0.4.6 pypi_0 pypi grpcio 1.54.0 pypi_0 pypi gym 0.23.1 pypi_0 pypi gym-notices 0.0.8 pypi_0 pypi gymnasium 0.28.1 pypi_0 pypi huggingface-hub 0.11.1 pypi_0 pypi idna 3.4 pypi_0 pypi imageio 2.28.1 pypi_0 pypi imageio-ffmpeg 0.3.0 pypi_0 pypi importlib-metadata 5.2.0 pypi_0 pypi importlib-resources 5.12.0 pypi_0 pypi jax-jumpy 1.0.0 pypi_0 pypi kiwisolver 1.4.4 pypi_0 pypi ld_impl_linux-64 2.40 h12ee557_0 libffi 3.3 he6710b0_2 libgcc-ng 11.2.0 h1234567_1 libgomp 11.2.0 h1234567_1 libstdcxx-ng 11.2.0 h1234567_1 markdown 3.3.7 pypi_0 pypi markupsafe 2.1.2 pypi_0 pypi matplotlib 3.5.3 pypi_0 pypi moviepy 1.0.3 pypi_0 pypi mujoco 2.3.3 pypi_0 pypi ncurses 6.4 h6a678d5_0 numpy 1.24.4 pypi_0 pypi oauthlib 3.2.2 pypi_0 pypi opencv-python 4.7.0.72 pypi_0 pypi openssl 1.1.1w h7f8727e_0 packaging 23.1 pypi_0 pypi pandas 1.3.5 pypi_0 pypi pathtools 0.1.2 pypi_0 pypi pillow 9.5.0 pypi_0 pypi pip 24.2 py38h06a4308_0 proglog 0.1.10 pypi_0 pypi protobuf 3.20.3 pypi_0 pypi psutil 5.9.5 pypi_0 pypi pyasn1 0.5.0 pypi_0 pypi pyasn1-modules 0.3.0 pypi_0 pypi pygame 2.1.0 pypi_0 pypi pygments 2.15.1 pypi_0 pypi pyopengl 3.1.6 pypi_0 pypi pyparsing 3.0.9 pypi_0 pypi python 3.8.3 hcff3b4d_2 python-dateutil 2.8.2 pypi_0 pypi pytz 2023.3 pypi_0 pypi pyyaml 6.0.1 pypi_0 pypi readline 8.2 h5eee18b_0 requests 2.30.0 pypi_0 pypi requests-oauthlib 1.3.1 pypi_0 pypi rich 11.2.0 pypi_0 pypi rsa 4.7.2 pypi_0 pypi sentry-sdk 1.22.2 pypi_0 pypi setproctitle 1.3.2 pypi_0 pypi setuptools 67.7.2 pypi_0 pypi shimmy 1.1.0 pypi_0 pypi shtab 1.6.4 pypi_0 pypi six 1.16.0 pypi_0 pypi smmap 5.0.0 pypi_0 pypi sqlite 3.45.3 h5eee18b_0 stable-baselines3 2.0.0 pypi_0 pypi tenacity 8.2.3 pypi_0 pypi tensorboard 2.11.2 pypi_0 pypi tensorboard-data-server 0.6.1 pypi_0 pypi tensorboard-plugin-wit 1.8.1 pypi_0 pypi tk 8.6.14 h39e8969_0 torch 1.12.1 pypi_0 pypi tqdm 4.65.0 pypi_0 pypi typing-extensions 4.5.0 pypi_0 pypi tyro 0.5.10 pypi_0 pypi urllib3 1.26.15 pypi_0 pypi wandb 0.13.11 pypi_0 pypi werkzeug 2.2.3 pypi_0 pypi wheel 0.40.0 pypi_0 pypi xz 5.6.4 h5eee18b_1 zipp 3.15.0 pypi_0 pypi zlib 1.2.13 h5eee18b_1
[/bin/bash] ##############################################
[/bin/bash] ## Start run script
/home/s2989344/.conda/envs/CleanRL/lib/python3.8/site-packages/torch/utils/tensorboard/__init__.py:4: DeprecationWarning: distutils Version classes are deprecated. Use packaging.version instead.
  if not hasattr(tensorboard, "__version__") or LooseVersion(
global_step=1000, episodic_return=[-451.9229]
global_step=2000, episodic_return=[-281.4358]
SPS: 842
global_step=3000, episodic_return=[-309.26785]
global_step=4000, episodic_return=[-332.7947]
SPS: 841
global_step=5000, episodic_return=[-261.06763]
global_step=6000, episodic_return=[-334.05386]
SPS: 843
global_step=7000, episodic_return=[-331.0867]
global_step=8000, episodic_return=[-285.00122]
SPS: 843
global_step=9000, episodic_return=[-371.36484]
global_step=10000, episodic_return=[-272.434]
SPS: 845
global_step=11000, episodic_return=[-305.70428]
global_step=12000, episodic_return=[-365.83594]
SPS: 845
global_step=13000, episodic_return=[-365.33603]
global_step=14000, episodic_return=[-298.53525]
SPS: 846
global_step=15000, episodic_return=[-491.4536]
global_step=16000, episodic_return=[-282.35107]
SPS: 846
global_step=17000, episodic_return=[-364.52023]
global_step=18000, episodic_return=[-227.29926]
SPS: 848
global_step=19000, episodic_return=[-168.67206]
global_step=20000, episodic_return=[-413.07434]
SPS: 846
global_step=21000, episodic_return=[-328.50427]
global_step=22000, episodic_return=[-320.51147]
SPS: 846
global_step=23000, episodic_return=[-251.68361]
global_step=24000, episodic_return=[-328.5882]
SPS: 846
global_step=25000, episodic_return=[-396.11142]
global_step=26000, episodic_return=[-271.90433]
SPS: 847
global_step=27000, episodic_return=[-284.09744]
global_step=28000, episodic_return=[-253.0346]
SPS: 847
global_step=29000, episodic_return=[-240.71193]
global_step=30000, episodic_return=[-227.36931]
SPS: 848
global_step=31000, episodic_return=[-244.93834]
global_step=32000, episodic_return=[-258.1863]
SPS: 847
global_step=33000, episodic_return=[-260.14383]
global_step=34000, episodic_return=[-200.41331]
SPS: 847
global_step=35000, episodic_return=[-214.42566]
global_step=36000, episodic_return=[-251.74487]
SPS: 848
global_step=37000, episodic_return=[-238.71973]
global_step=38000, episodic_return=[-248.63383]
SPS: 847
global_step=39000, episodic_return=[-254.52151]
global_step=40000, episodic_return=[-190.45561]
SPS: 847
global_step=41000, episodic_return=[-289.19437]
global_step=42000, episodic_return=[-230.28284]
global_step=43000, episodic_return=[-268.15738]
SPS: 848
global_step=44000, episodic_return=[-229.84929]
global_step=45000, episodic_return=[-196.22105]
SPS: 848
global_step=46000, episodic_return=[-303.45438]
global_step=47000, episodic_return=[-233.5176]
SPS: 848
global_step=48000, episodic_return=[-194.52861]
global_step=49000, episodic_return=[-167.24039]
SPS: 848
global_step=50000, episodic_return=[-183.3564]
global_step=51000, episodic_return=[-199.09332]
SPS: 847
global_step=52000, episodic_return=[-249.85728]
global_step=53000, episodic_return=[-180.65414]
SPS: 847
global_step=54000, episodic_return=[-208.42775]
global_step=55000, episodic_return=[-171.45377]
SPS: 847
global_step=56000, episodic_return=[-105.75903]
global_step=57000, episodic_return=[-135.00835]
SPS: 847
global_step=58000, episodic_return=[-241.49289]
global_step=59000, episodic_return=[-83.30451]
SPS: 848
global_step=60000, episodic_return=[-95.0943]
global_step=61000, episodic_return=[-170.66649]
SPS: 848
global_step=62000, episodic_return=[-83.68986]
global_step=63000, episodic_return=[-114.167]
SPS: 848
global_step=64000, episodic_return=[-186.31073]
global_step=65000, episodic_return=[-226.63927]
SPS: 848
global_step=66000, episodic_return=[-100.443275]
global_step=67000, episodic_return=[-113.05552]
SPS: 848
global_step=68000, episodic_return=[-115.66572]
global_step=69000, episodic_return=[-141.963]
SPS: 849
global_step=70000, episodic_return=[-48.705624]
global_step=71000, episodic_return=[-17.24857]
SPS: 848
global_step=72000, episodic_return=[-88.39047]
global_step=73000, episodic_return=[-37.01371]
SPS: 848
global_step=74000, episodic_return=[-102.11389]
global_step=75000, episodic_return=[33.593006]
SPS: 849
global_step=76000, episodic_return=[-14.616362]
global_step=77000, episodic_return=[-15.530844]
SPS: 849
global_step=78000, episodic_return=[38.222454]
global_step=79000, episodic_return=[-21.047083]
SPS: 849
global_step=80000, episodic_return=[54.124504]
global_step=81000, episodic_return=[88.732155]
SPS: 849
global_step=82000, episodic_return=[-24.462893]
global_step=83000, episodic_return=[73.591354]
SPS: 849
global_step=84000, episodic_return=[-56.66352]
global_step=85000, episodic_return=[-83.31381]
global_step=86000, episodic_return=[-177.66707]
SPS: 849
global_step=87000, episodic_return=[107.967514]
global_step=88000, episodic_return=[25.400797]
SPS: 849
global_step=89000, episodic_return=[138.2786]
global_step=90000, episodic_return=[44.974022]
SPS: 850
global_step=91000, episodic_return=[129.56352]
global_step=92000, episodic_return=[-17.46337]
SPS: 850
global_step=93000, episodic_return=[226.52919]
global_step=94000, episodic_return=[72.875]
SPS: 850
global_step=95000, episodic_return=[139.44489]
global_step=96000, episodic_return=[163.30699]
SPS: 851
global_step=97000, episodic_return=[83.34243]
global_step=98000, episodic_return=[143.11778]
SPS: 847
Traceback (most recent call last):
  File "ppo_continuous_action.py", line 373, in <module>
    agent.save(args)
  File "ppo_continuous_action.py", line 153, in save
    torch.save(self.actor.state_dict(), f"./results/{args.alg}_{args.env_id}_{args.total_timesteps}/{args.hps}/{args.rep}_{args.lastfolder}/actor.pt")
  File "/home/s2989344/.conda/envs/CleanRL/lib/python3.8/site-packages/torch/nn/modules/module.py", line 1207, in __getattr__
    raise AttributeError("'{}' object has no attribute '{}'".format(
AttributeError: 'Agent' object has no attribute 'actor'
Using hyperparameter file ./hps/CleanRL_ppo_defaultmujoco.yml
[Errno 2] No such file or directory: './CleanRL/results/ppo_HalfCheetah-v4_100000/defaultmujoco'
Using initial folder
[/bin/bash] ## Script finished
[/bin/bash] #### Finished Python test. Have a nice day
