[/bin/bash] 382042############################################
[/bin/bash] ## Starting Python Python 3.8.3
[/bin/bash] ## Training using algorithm ppo from framework CleanRL
[/bin/bash] ## On environment HalfCheetah-v4 with 100000 timesteps
[/bin/bash] ## This is repetition 2/3
[/bin/bash] ## This is s2989344 on node802 and this job has the ID 3909635
[/bin/bash] ##############################################
[/bin/bash] ## current working directory: /home/s2989344/Documents/MSc/CleanRL
[/bin/bash] ## current python version: Python 3.8.3
[/bin/bash] ## python from path: /home/s2989344/.conda/envs/CleanRL/bin/python
[/bin/bash] ## list of packages: # packages in environment at /home/s2989344/.conda/envs/CleanRL: # # Name Version Build Channel _libgcc_mutex 0.1 main _openmp_mutex 5.1 1_gnu absl-py 1.4.0 pypi_0 pypi ale-py 0.8.1 pypi_0 pypi appdirs 1.4.4 pypi_0 pypi autorom 0.4.2 pypi_0 pypi autorom-accept-rom-license 0.6.1 pypi_0 pypi ca-certificates 2025.2.25 h06a4308_0 cachetools 5.3.0 pypi_0 pypi certifi 2023.5.7 pypi_0 pypi charset-normalizer 3.1.0 pypi_0 pypi click 8.1.3 pypi_0 pypi cloudpickle 2.2.1 pypi_0 pypi colorama 0.4.4 pypi_0 pypi commonmark 0.9.1 pypi_0 pypi cycler 0.11.0 pypi_0 pypi decorator 4.4.2 pypi_0 pypi docker-pycreds 0.4.0 pypi_0 pypi docstring-parser 0.15 pypi_0 pypi farama-notifications 0.0.4 pypi_0 pypi filelock 3.12.0 pypi_0 pypi fonttools 4.38.0 pypi_0 pypi gitdb 4.0.10 pypi_0 pypi gitpython 3.1.31 pypi_0 pypi glfw 1.12.0 pypi_0 pypi google-auth 2.18.0 pypi_0 pypi google-auth-oauthlib 0.4.6 pypi_0 pypi grpcio 1.54.0 pypi_0 pypi gym 0.23.1 pypi_0 pypi gym-notices 0.0.8 pypi_0 pypi gymnasium 0.28.1 pypi_0 pypi huggingface-hub 0.11.1 pypi_0 pypi idna 3.4 pypi_0 pypi imageio 2.28.1 pypi_0 pypi imageio-ffmpeg 0.3.0 pypi_0 pypi importlib-metadata 5.2.0 pypi_0 pypi importlib-resources 5.12.0 pypi_0 pypi jax-jumpy 1.0.0 pypi_0 pypi kiwisolver 1.4.4 pypi_0 pypi ld_impl_linux-64 2.40 h12ee557_0 libffi 3.3 he6710b0_2 libgcc-ng 11.2.0 h1234567_1 libgomp 11.2.0 h1234567_1 libstdcxx-ng 11.2.0 h1234567_1 markdown 3.3.7 pypi_0 pypi markupsafe 2.1.2 pypi_0 pypi matplotlib 3.5.3 pypi_0 pypi moviepy 1.0.3 pypi_0 pypi mujoco 2.3.3 pypi_0 pypi ncurses 6.4 h6a678d5_0 numpy 1.24.4 pypi_0 pypi oauthlib 3.2.2 pypi_0 pypi opencv-python 4.7.0.72 pypi_0 pypi openssl 1.1.1w h7f8727e_0 packaging 23.1 pypi_0 pypi pandas 1.3.5 pypi_0 pypi pathtools 0.1.2 pypi_0 pypi pillow 9.5.0 pypi_0 pypi pip 24.2 py38h06a4308_0 proglog 0.1.10 pypi_0 pypi protobuf 3.20.3 pypi_0 pypi psutil 5.9.5 pypi_0 pypi pyasn1 0.5.0 pypi_0 pypi pyasn1-modules 0.3.0 pypi_0 pypi pygame 2.1.0 pypi_0 pypi pygments 2.15.1 pypi_0 pypi pyopengl 3.1.6 pypi_0 pypi pyparsing 3.0.9 pypi_0 pypi python 3.8.3 hcff3b4d_2 python-dateutil 2.8.2 pypi_0 pypi pytz 2023.3 pypi_0 pypi pyyaml 6.0.1 pypi_0 pypi readline 8.2 h5eee18b_0 requests 2.30.0 pypi_0 pypi requests-oauthlib 1.3.1 pypi_0 pypi rich 11.2.0 pypi_0 pypi rsa 4.7.2 pypi_0 pypi sentry-sdk 1.22.2 pypi_0 pypi setproctitle 1.3.2 pypi_0 pypi setuptools 67.7.2 pypi_0 pypi shimmy 1.1.0 pypi_0 pypi shtab 1.6.4 pypi_0 pypi six 1.16.0 pypi_0 pypi smmap 5.0.0 pypi_0 pypi sqlite 3.45.3 h5eee18b_0 stable-baselines3 2.0.0 pypi_0 pypi tenacity 8.2.3 pypi_0 pypi tensorboard 2.11.2 pypi_0 pypi tensorboard-data-server 0.6.1 pypi_0 pypi tensorboard-plugin-wit 1.8.1 pypi_0 pypi tk 8.6.14 h39e8969_0 torch 1.12.1 pypi_0 pypi tqdm 4.65.0 pypi_0 pypi typing-extensions 4.5.0 pypi_0 pypi tyro 0.5.10 pypi_0 pypi urllib3 1.26.15 pypi_0 pypi wandb 0.13.11 pypi_0 pypi werkzeug 2.2.3 pypi_0 pypi wheel 0.40.0 pypi_0 pypi xz 5.6.4 h5eee18b_1 zipp 3.15.0 pypi_0 pypi zlib 1.2.13 h5eee18b_1
[/bin/bash] ##############################################
[/bin/bash] ## Start run script
/home/s2989344/.conda/envs/CleanRL/lib/python3.8/site-packages/torch/utils/tensorboard/__init__.py:4: DeprecationWarning: distutils Version classes are deprecated. Use packaging.version instead.
  if not hasattr(tensorboard, "__version__") or LooseVersion(
global_step=1000, episodic_return=[-399.9603]
global_step=2000, episodic_return=[-289.4793]
SPS: 843
global_step=3000, episodic_return=[-292.56335]
global_step=4000, episodic_return=[-359.0393]
SPS: 843
global_step=5000, episodic_return=[-302.5076]
global_step=6000, episodic_return=[-271.39026]
SPS: 844
global_step=7000, episodic_return=[-318.71478]
global_step=8000, episodic_return=[-336.3011]
SPS: 844
global_step=9000, episodic_return=[-302.89175]
global_step=10000, episodic_return=[-314.96786]
SPS: 846
global_step=11000, episodic_return=[-394.1624]
global_step=12000, episodic_return=[-321.71707]
SPS: 847
global_step=13000, episodic_return=[-286.39224]
global_step=14000, episodic_return=[-210.34023]
SPS: 848
global_step=15000, episodic_return=[-357.7258]
global_step=16000, episodic_return=[-339.128]
SPS: 848
global_step=17000, episodic_return=[-342.2565]
global_step=18000, episodic_return=[-364.85373]
SPS: 849
global_step=19000, episodic_return=[-271.57376]
global_step=20000, episodic_return=[-243.20467]
SPS: 848
global_step=21000, episodic_return=[-194.27483]
global_step=22000, episodic_return=[-340.4839]
SPS: 847
global_step=23000, episodic_return=[-274.19373]
global_step=24000, episodic_return=[-362.08188]
SPS: 847
global_step=25000, episodic_return=[-245.22643]
global_step=26000, episodic_return=[-268.96844]
SPS: 848
global_step=27000, episodic_return=[-221.58504]
global_step=28000, episodic_return=[-344.8734]
SPS: 849
global_step=29000, episodic_return=[-227.9871]
global_step=30000, episodic_return=[-391.95047]
SPS: 849
global_step=31000, episodic_return=[-258.15164]
global_step=32000, episodic_return=[-289.98508]
SPS: 849
global_step=33000, episodic_return=[-260.81122]
global_step=34000, episodic_return=[-305.06552]
SPS: 849
global_step=35000, episodic_return=[-273.6762]
global_step=36000, episodic_return=[-226.45256]
SPS: 849
global_step=37000, episodic_return=[-239.96861]
global_step=38000, episodic_return=[-242.94907]
SPS: 849
global_step=39000, episodic_return=[-287.53662]
global_step=40000, episodic_return=[-329.26038]
SPS: 849
global_step=41000, episodic_return=[-243.89406]
global_step=42000, episodic_return=[-264.631]
global_step=43000, episodic_return=[-183.71878]
SPS: 849
global_step=44000, episodic_return=[-186.8094]
global_step=45000, episodic_return=[-201.47186]
SPS: 849
global_step=46000, episodic_return=[-173.44904]
global_step=47000, episodic_return=[-222.31049]
SPS: 849
global_step=48000, episodic_return=[-227.98381]
global_step=49000, episodic_return=[-224.73936]
SPS: 849
global_step=50000, episodic_return=[-213.14485]
global_step=51000, episodic_return=[-162.8088]
SPS: 849
global_step=52000, episodic_return=[-194.91808]
global_step=53000, episodic_return=[-188.59776]
SPS: 849
global_step=54000, episodic_return=[-131.65425]
global_step=55000, episodic_return=[-176.88768]
SPS: 849
global_step=56000, episodic_return=[-126.74457]
global_step=57000, episodic_return=[-125.042015]
SPS: 849
global_step=58000, episodic_return=[-128.08107]
global_step=59000, episodic_return=[-144.02808]
SPS: 849
global_step=60000, episodic_return=[-178.60757]
global_step=61000, episodic_return=[-134.48927]
SPS: 849
global_step=62000, episodic_return=[-73.59408]
global_step=63000, episodic_return=[-159.05179]
SPS: 849
global_step=64000, episodic_return=[-200.51187]
global_step=65000, episodic_return=[-110.94733]
SPS: 849
global_step=66000, episodic_return=[-107.059845]
global_step=67000, episodic_return=[-127.10657]
SPS: 849
global_step=68000, episodic_return=[-80.17468]
global_step=69000, episodic_return=[-39.103256]
SPS: 850
global_step=70000, episodic_return=[-63.611465]
global_step=71000, episodic_return=[-56.375793]
SPS: 850
global_step=72000, episodic_return=[-10.011817]
global_step=73000, episodic_return=[-6.997477]
SPS: 850
global_step=74000, episodic_return=[-16.623974]
global_step=75000, episodic_return=[-63.149998]
SPS: 850
global_step=76000, episodic_return=[-40.825104]
global_step=77000, episodic_return=[-8.103388]
SPS: 850
global_step=78000, episodic_return=[-6.1270227]
global_step=79000, episodic_return=[55.698963]
SPS: 851
global_step=80000, episodic_return=[21.027657]
global_step=81000, episodic_return=[176.38579]
SPS: 851
global_step=82000, episodic_return=[-25.831934]
global_step=83000, episodic_return=[100.94141]
SPS: 851
global_step=84000, episodic_return=[142.50703]
global_step=85000, episodic_return=[153.78471]
global_step=86000, episodic_return=[162.26698]
SPS: 851
global_step=87000, episodic_return=[131.3762]
global_step=88000, episodic_return=[235.11671]
SPS: 851
global_step=89000, episodic_return=[194.26466]
global_step=90000, episodic_return=[205.11574]
SPS: 851
global_step=91000, episodic_return=[245.7808]
global_step=92000, episodic_return=[165.5766]
SPS: 852
global_step=93000, episodic_return=[145.3066]
global_step=94000, episodic_return=[116.68802]
SPS: 852
global_step=95000, episodic_return=[214.78317]
global_step=96000, episodic_return=[68.50765]
SPS: 852
global_step=97000, episodic_return=[319.5964]
global_step=98000, episodic_return=[-12.044062]
SPS: 851
Traceback (most recent call last):
  File "ppo_continuous_action.py", line 373, in <module>
    agent.save(args)
  File "ppo_continuous_action.py", line 153, in save
    torch.save(self.actor.state_dict(), f"./results/{args.alg}_{args.env_id}_{args.total_timesteps}/{args.hps}/{args.rep}_{args.lastfolder}/actor.pt")
  File "/home/s2989344/.conda/envs/CleanRL/lib/python3.8/site-packages/torch/nn/modules/module.py", line 1207, in __getattr__
    raise AttributeError("'{}' object has no attribute '{}'".format(
AttributeError: 'Agent' object has no attribute 'actor'
Using hyperparameter file ./hps/CleanRL_ppo_defaultmujoco.yml
[Errno 2] No such file or directory: './CleanRL/results/ppo_HalfCheetah-v4_100000/defaultmujoco'
Using initial folder
[/bin/bash] ## Script finished
[/bin/bash] #### Finished Python test. Have a nice day
