[/bin/bash] 583212############################################
[/bin/bash] ## Starting Python Python 3.8.3
[/bin/bash] ## Training using algorithm ppo from framework CleanRL
[/bin/bash] ## On environment CartPole-v1 with 100000 timesteps
[/bin/bash] ## This is repetition 2/3
[/bin/bash] ## This is s2989344 on node011 and this job has the ID 3933238
[/bin/bash] ##############################################
[/bin/bash] ## current working directory: /home/s2989344/Documents/MSc/CleanRL
[/bin/bash] ## current python version: Python 3.8.3
[/bin/bash] ## python from path: /home/s2989344/.conda/envs/CleanRL/bin/python
[/bin/bash] ## list of packages: # packages in environment at /home/s2989344/.conda/envs/CleanRL: # # Name Version Build Channel _libgcc_mutex 0.1 main _openmp_mutex 5.1 1_gnu absl-py 1.4.0 pypi_0 pypi ale-py 0.8.1 pypi_0 pypi appdirs 1.4.4 pypi_0 pypi autorom 0.4.2 pypi_0 pypi autorom-accept-rom-license 0.6.1 pypi_0 pypi ca-certificates 2025.2.25 h06a4308_0 cachetools 5.3.0 pypi_0 pypi certifi 2023.5.7 pypi_0 pypi charset-normalizer 3.1.0 pypi_0 pypi click 8.1.3 pypi_0 pypi cloudpickle 2.2.1 pypi_0 pypi colorama 0.4.4 pypi_0 pypi commonmark 0.9.1 pypi_0 pypi cycler 0.11.0 pypi_0 pypi decorator 4.4.2 pypi_0 pypi docker-pycreds 0.4.0 pypi_0 pypi docstring-parser 0.15 pypi_0 pypi farama-notifications 0.0.4 pypi_0 pypi filelock 3.12.0 pypi_0 pypi fonttools 4.38.0 pypi_0 pypi gitdb 4.0.10 pypi_0 pypi gitpython 3.1.31 pypi_0 pypi glfw 1.12.0 pypi_0 pypi google-auth 2.18.0 pypi_0 pypi google-auth-oauthlib 0.4.6 pypi_0 pypi grpcio 1.54.0 pypi_0 pypi gym 0.23.1 pypi_0 pypi gym-notices 0.0.8 pypi_0 pypi gymnasium 0.28.1 pypi_0 pypi huggingface-hub 0.11.1 pypi_0 pypi idna 3.4 pypi_0 pypi imageio 2.28.1 pypi_0 pypi imageio-ffmpeg 0.3.0 pypi_0 pypi importlib-metadata 5.2.0 pypi_0 pypi importlib-resources 5.12.0 pypi_0 pypi jax-jumpy 1.0.0 pypi_0 pypi kiwisolver 1.4.4 pypi_0 pypi ld_impl_linux-64 2.40 h12ee557_0 libffi 3.3 he6710b0_2 libgcc-ng 11.2.0 h1234567_1 libgomp 11.2.0 h1234567_1 libstdcxx-ng 11.2.0 h1234567_1 markdown 3.3.7 pypi_0 pypi markupsafe 2.1.2 pypi_0 pypi matplotlib 3.5.3 pypi_0 pypi moviepy 1.0.3 pypi_0 pypi mujoco 2.3.3 pypi_0 pypi ncurses 6.4 h6a678d5_0 numpy 1.24.4 pypi_0 pypi oauthlib 3.2.2 pypi_0 pypi opencv-python 4.7.0.72 pypi_0 pypi openssl 1.1.1w h7f8727e_0 packaging 23.1 pypi_0 pypi pandas 1.3.5 pypi_0 pypi pathtools 0.1.2 pypi_0 pypi pillow 9.5.0 pypi_0 pypi pip 24.2 py38h06a4308_0 proglog 0.1.10 pypi_0 pypi protobuf 3.20.3 pypi_0 pypi psutil 5.9.5 pypi_0 pypi pyasn1 0.5.0 pypi_0 pypi pyasn1-modules 0.3.0 pypi_0 pypi pygame 2.1.0 pypi_0 pypi pygments 2.15.1 pypi_0 pypi pyopengl 3.1.6 pypi_0 pypi pyparsing 3.0.9 pypi_0 pypi python 3.8.3 hcff3b4d_2 python-dateutil 2.8.2 pypi_0 pypi pytz 2023.3 pypi_0 pypi pyyaml 6.0.1 pypi_0 pypi readline 8.2 h5eee18b_0 requests 2.30.0 pypi_0 pypi requests-oauthlib 1.3.1 pypi_0 pypi rich 11.2.0 pypi_0 pypi rsa 4.7.2 pypi_0 pypi sentry-sdk 1.22.2 pypi_0 pypi setproctitle 1.3.2 pypi_0 pypi setuptools 67.7.2 pypi_0 pypi shimmy 1.1.0 pypi_0 pypi shtab 1.6.4 pypi_0 pypi six 1.16.0 pypi_0 pypi smmap 5.0.0 pypi_0 pypi sqlite 3.45.3 h5eee18b_0 stable-baselines3 2.0.0 pypi_0 pypi tenacity 8.2.3 pypi_0 pypi tensorboard 2.11.2 pypi_0 pypi tensorboard-data-server 0.6.1 pypi_0 pypi tensorboard-plugin-wit 1.8.1 pypi_0 pypi tk 8.6.14 h39e8969_0 torch 1.12.1 pypi_0 pypi tqdm 4.65.0 pypi_0 pypi typing 3.7.4.3 pypi_0 pypi typing-extensions 4.5.0 pypi_0 pypi tyro 0.5.10 pypi_0 pypi urllib3 1.26.15 pypi_0 pypi wandb 0.13.11 pypi_0 pypi werkzeug 2.2.3 pypi_0 pypi wheel 0.40.0 pypi_0 pypi xz 5.6.4 h5eee18b_1 zipp 3.15.0 pypi_0 pypi zlib 1.2.13 h5eee18b_1
[/bin/bash] ##############################################
[/bin/bash] ## Start run script
/home/s2989344/.conda/envs/CleanRL/lib/python3.8/site-packages/torch/utils/tensorboard/__init__.py:4: DeprecationWarning: distutils Version classes are deprecated. Use packaging.version instead.
  if not hasattr(tensorboard, "__version__") or LooseVersion(
global_step=12, episodic_return=[12.]
global_step=25, episodic_return=[13.]
global_step=37, episodic_return=[12.]
global_step=48, episodic_return=[11.]
global_step=86, episodic_return=[38.]
global_step=105, episodic_return=[19.]
SPS: 471
global_step=134, episodic_return=[29.]
global_step=143, episodic_return=[9.]
global_step=156, episodic_return=[13.]
global_step=205, episodic_return=[49.]
global_step=223, episodic_return=[18.]
global_step=235, episodic_return=[12.]
global_step=254, episodic_return=[19.]
SPS: 516
global_step=325, episodic_return=[71.]
global_step=347, episodic_return=[22.]
global_step=373, episodic_return=[26.]
SPS: 538
global_step=404, episodic_return=[31.]
global_step=416, episodic_return=[12.]
global_step=436, episodic_return=[20.]
global_step=448, episodic_return=[12.]
global_step=491, episodic_return=[43.]
global_step=511, episodic_return=[20.]
SPS: 549
global_step=522, episodic_return=[11.]
global_step=538, episodic_return=[16.]
global_step=557, episodic_return=[19.]
global_step=604, episodic_return=[47.]
global_step=623, episodic_return=[19.]
SPS: 557
global_step=647, episodic_return=[24.]
global_step=659, episodic_return=[12.]
global_step=692, episodic_return=[33.]
global_step=726, episodic_return=[34.]
global_step=745, episodic_return=[19.]
SPS: 460
global_step=779, episodic_return=[34.]
global_step=797, episodic_return=[18.]
global_step=814, episodic_return=[17.]
global_step=839, episodic_return=[25.]
global_step=867, episodic_return=[28.]
SPS: 474
global_step=914, episodic_return=[47.]
global_step=933, episodic_return=[19.]
global_step=951, episodic_return=[18.]
global_step=971, episodic_return=[20.]
global_step=995, episodic_return=[24.]
SPS: 487
global_step=1039, episodic_return=[44.]
global_step=1126, episodic_return=[87.]
SPS: 499
global_step=1171, episodic_return=[45.]
global_step=1199, episodic_return=[28.]
global_step=1247, episodic_return=[48.]
SPS: 508
global_step=1293, episodic_return=[46.]
global_step=1341, episodic_return=[48.]
global_step=1368, episodic_return=[27.]
SPS: 516
global_step=1410, episodic_return=[42.]
global_step=1443, episodic_return=[33.]
global_step=1455, episodic_return=[12.]
global_step=1507, episodic_return=[52.]
SPS: 523
global_step=1540, episodic_return=[33.]
global_step=1614, episodic_return=[74.]
global_step=1651, episodic_return=[37.]
SPS: 529
global_step=1706, episodic_return=[55.]
global_step=1753, episodic_return=[47.]
SPS: 535
global_step=1844, episodic_return=[91.]
global_step=1876, episodic_return=[32.]
global_step=1896, episodic_return=[20.]
global_step=1911, episodic_return=[15.]
SPS: 540
global_step=1935, episodic_return=[24.]
global_step=1961, episodic_return=[26.]
global_step=2013, episodic_return=[52.]
SPS: 544
global_step=2058, episodic_return=[45.]
global_step=2081, episodic_return=[23.]
global_step=2113, episodic_return=[32.]
global_step=2160, episodic_return=[47.]
SPS: 547
global_step=2188, episodic_return=[28.]
global_step=2244, episodic_return=[56.]
SPS: 550
SPS: 554
global_step=2510, episodic_return=[266.]
global_step=2559, episodic_return=[49.]
SPS: 557
global_step=2633, episodic_return=[74.]
SPS: 560
SPS: 563
global_step=2818, episodic_return=[185.]
global_step=2913, episodic_return=[95.]
SPS: 565
global_step=2964, episodic_return=[51.]
SPS: 568
global_step=3091, episodic_return=[127.]
global_step=3148, episodic_return=[57.]
global_step=3200, episodic_return=[52.]
SPS: 569
global_step=3244, episodic_return=[44.]
global_step=3295, episodic_return=[51.]
SPS: 571
global_step=3354, episodic_return=[59.]
global_step=3395, episodic_return=[41.]
global_step=3434, episodic_return=[39.]
SPS: 572
global_step=3481, episodic_return=[47.]
global_step=3574, episodic_return=[93.]
SPS: 572
global_step=3649, episodic_return=[75.]
global_step=3672, episodic_return=[23.]
SPS: 572
global_step=3740, episodic_return=[68.]
global_step=3833, episodic_return=[93.]
SPS: 573
global_step=3910, episodic_return=[77.]
global_step=3954, episodic_return=[44.]
SPS: 574
SPS: 575
global_step=4136, episodic_return=[182.]
global_step=4187, episodic_return=[51.]
SPS: 575
global_step=4269, episodic_return=[82.]
SPS: 576
global_step=4395, episodic_return=[126.]
global_step=4446, episodic_return=[51.]
SPS: 577
global_step=4491, episodic_return=[45.]
global_step=4594, episodic_return=[103.]
SPS: 578
global_step=4720, episodic_return=[126.]
SPS: 578
global_step=4800, episodic_return=[80.]
SPS: 579
SPS: 580
global_step=5120, episodic_return=[320.]
SPS: 581
global_step=5241, episodic_return=[121.]
SPS: 581
global_step=5303, episodic_return=[62.]
global_step=5364, episodic_return=[61.]
SPS: 582
global_step=5491, episodic_return=[127.]
SPS: 582
global_step=5564, episodic_return=[73.]
SPS: 583
global_step=5733, episodic_return=[169.]
SPS: 583
global_step=5818, episodic_return=[85.]
global_step=5878, episodic_return=[60.]
SPS: 584
global_step=5914, episodic_return=[36.]
SPS: 584
global_step=6089, episodic_return=[175.]
SPS: 585
global_step=6259, episodic_return=[170.]
SPS: 585
SPS: 586
global_step=6463, episodic_return=[204.]
SPS: 587
global_step=6547, episodic_return=[84.]
SPS: 587
global_step=6679, episodic_return=[132.]
global_step=6771, episodic_return=[92.]
SPS: 588
global_step=6900, episodic_return=[129.]
SPS: 588
global_step=6933, episodic_return=[33.]
global_step=7025, episodic_return=[92.]
SPS: 589
SPS: 590
global_step=7200, episodic_return=[175.]
SPS: 590
global_step=7379, episodic_return=[179.]
SPS: 591
SPS: 591
global_step=7560, episodic_return=[181.]
SPS: 592
global_step=7731, episodic_return=[171.]
SPS: 593
global_step=7821, episodic_return=[90.]
SPS: 593
global_step=7989, episodic_return=[168.]
SPS: 594
global_step=8121, episodic_return=[132.]
SPS: 594
global_step=8215, episodic_return=[94.]
SPS: 595
global_step=8341, episodic_return=[126.]
SPS: 595
global_step=8489, episodic_return=[148.]
global_step=8574, episodic_return=[85.]
SPS: 596
global_step=8693, episodic_return=[119.]
SPS: 596
global_step=8715, episodic_return=[22.]
SPS: 596
global_step=8890, episodic_return=[175.]
SPS: 597
global_step=9067, episodic_return=[177.]
SPS: 597
global_step=9119, episodic_return=[52.]
SPS: 597
global_step=9227, episodic_return=[108.]
global_step=9339, episodic_return=[112.]
SPS: 597
global_step=9399, episodic_return=[60.]
SPS: 598
global_step=9554, episodic_return=[155.]
SPS: 598
global_step=9714, episodic_return=[160.]
SPS: 599
global_step=9847, episodic_return=[133.]
SPS: 599
global_step=9964, episodic_return=[117.]
SPS: 599
SPS: 600
global_step=10200, episodic_return=[236.]
SPS: 600
global_step=10315, episodic_return=[115.]
SPS: 600
SPS: 601
global_step=10514, episodic_return=[199.]
global_step=10622, episodic_return=[108.]
SPS: 601
global_step=10748, episodic_return=[126.]
SPS: 601
global_step=10866, episodic_return=[118.]
SPS: 602
global_step=11004, episodic_return=[138.]
SPS: 602
SPS: 602
SPS: 602
global_step=11379, episodic_return=[375.]
SPS: 603
SPS: 603
global_step=11529, episodic_return=[150.]
global_step=11587, episodic_return=[58.]
SPS: 603
SPS: 604
global_step=11820, episodic_return=[233.]
SPS: 604
global_step=11972, episodic_return=[152.]
SPS: 604
global_step=12074, episodic_return=[102.]
SPS: 604
global_step=12167, episodic_return=[93.]
SPS: 604
global_step=12415, episodic_return=[248.]
SPS: 605
global_step=12504, episodic_return=[89.]
SPS: 605
SPS: 605
SPS: 605
global_step=12864, episodic_return=[360.]
global_step=12891, episodic_return=[27.]
global_step=12925, episodic_return=[34.]
SPS: 605
global_step=13004, episodic_return=[79.]
SPS: 606
global_step=13099, episodic_return=[95.]
global_step=13153, episodic_return=[54.]
SPS: 606
global_step=13187, episodic_return=[34.]
global_step=13238, episodic_return=[51.]
SPS: 606
global_step=13349, episodic_return=[111.]
global_step=13420, episodic_return=[71.]
SPS: 606
SPS: 606
global_step=13617, episodic_return=[197.]
SPS: 607
global_step=13761, episodic_return=[144.]
SPS: 607
global_step=13872, episodic_return=[111.]
SPS: 607
global_step=13972, episodic_return=[100.]
global_step=14044, episodic_return=[72.]
global_step=14069, episodic_return=[25.]
SPS: 607
global_step=14138, episodic_return=[69.]
SPS: 607
SPS: 607
global_step=14385, episodic_return=[247.]
SPS: 608
global_step=14527, episodic_return=[142.]
SPS: 608
SPS: 608
global_step=14750, episodic_return=[223.]
SPS: 608
global_step=14854, episodic_return=[104.]
SPS: 608
SPS: 608
global_step=15190, episodic_return=[336.]
SPS: 609
global_step=15268, episodic_return=[78.]
SPS: 609
global_step=15385, episodic_return=[117.]
global_step=15447, episodic_return=[62.]
SPS: 609
global_step=15571, episodic_return=[124.]
global_step=15612, episodic_return=[41.]
SPS: 609
SPS: 609
global_step=15754, episodic_return=[142.]
SPS: 609
global_step=15898, episodic_return=[144.]
global_step=15994, episodic_return=[96.]
SPS: 610
global_step=16048, episodic_return=[54.]
global_step=16099, episodic_return=[51.]
SPS: 610
global_step=16199, episodic_return=[100.]
SPS: 610
global_step=16334, episodic_return=[135.]
SPS: 610
global_step=16401, episodic_return=[67.]
global_step=16474, episodic_return=[73.]
SPS: 610
global_step=16624, episodic_return=[150.]
SPS: 610
global_step=16747, episodic_return=[123.]
SPS: 610
SPS: 610
global_step=16911, episodic_return=[164.]
global_step=16964, episodic_return=[53.]
SPS: 610
global_step=17098, episodic_return=[134.]
SPS: 610
global_step=17208, episodic_return=[110.]
SPS: 611
SPS: 611
SPS: 611
global_step=17577, episodic_return=[369.]
SPS: 611
global_step=17683, episodic_return=[106.]
SPS: 611
global_step=17796, episodic_return=[113.]
global_step=17863, episodic_return=[67.]
SPS: 611
global_step=18040, episodic_return=[177.]
SPS: 611
global_step=18157, episodic_return=[117.]
SPS: 611
global_step=18253, episodic_return=[96.]
SPS: 612
global_step=18353, episodic_return=[100.]
SPS: 612
SPS: 612
global_step=18640, episodic_return=[287.]
SPS: 612
SPS: 612
global_step=18831, episodic_return=[191.]
global_step=18917, episodic_return=[86.]
SPS: 612
global_step=19044, episodic_return=[127.]
SPS: 612
SPS: 612
global_step=19209, episodic_return=[165.]
global_step=19309, episodic_return=[100.]
SPS: 612
global_step=19371, episodic_return=[62.]
SPS: 612
global_step=19487, episodic_return=[116.]
SPS: 613
global_step=19588, episodic_return=[101.]
global_step=19685, episodic_return=[97.]
SPS: 613
global_step=19734, episodic_return=[49.]
global_step=19819, episodic_return=[85.]
SPS: 613
global_step=19901, episodic_return=[82.]
SPS: 613
global_step=20015, episodic_return=[114.]
SPS: 608
global_step=20113, episodic_return=[98.]
global_step=20213, episodic_return=[100.]
SPS: 608
global_step=20306, episodic_return=[93.]
SPS: 608
global_step=20369, episodic_return=[63.]
SPS: 608
global_step=20526, episodic_return=[157.]
SPS: 608
global_step=20640, episodic_return=[114.]
global_step=20678, episodic_return=[38.]
SPS: 608
global_step=20761, episodic_return=[83.]
global_step=20824, episodic_return=[63.]
SPS: 608
global_step=20930, episodic_return=[106.]
SPS: 608
global_step=21014, episodic_return=[84.]
global_step=21083, episodic_return=[69.]
SPS: 608
global_step=21142, episodic_return=[59.]
global_step=21244, episodic_return=[102.]
SPS: 609
global_step=21355, episodic_return=[111.]
SPS: 609
global_step=21439, episodic_return=[84.]
SPS: 609
global_step=21576, episodic_return=[137.]
SPS: 609
global_step=21653, episodic_return=[77.]
global_step=21748, episodic_return=[95.]
SPS: 609
SPS: 609
global_step=21910, episodic_return=[162.]
global_step=21950, episodic_return=[40.]
SPS: 609
global_step=22021, episodic_return=[71.]
global_step=22119, episodic_return=[98.]
SPS: 609
global_step=22186, episodic_return=[67.]
global_step=22271, episodic_return=[85.]
SPS: 609
global_step=22350, episodic_return=[79.]
SPS: 609
global_step=22516, episodic_return=[166.]
SPS: 609
global_step=22571, episodic_return=[55.]
SPS: 610
global_step=22737, episodic_return=[166.]
SPS: 610
global_step=22851, episodic_return=[114.]
SPS: 610
global_step=23037, episodic_return=[186.]
SPS: 610
SPS: 610
global_step=23216, episodic_return=[179.]
SPS: 610
global_step=23356, episodic_return=[140.]
SPS: 610
global_step=23462, episodic_return=[106.]
global_step=23533, episodic_return=[71.]
SPS: 610
global_step=23603, episodic_return=[70.]
SPS: 610
global_step=23682, episodic_return=[79.]
global_step=23723, episodic_return=[41.]
SPS: 610
global_step=23830, episodic_return=[107.]
global_step=23900, episodic_return=[70.]
SPS: 610
global_step=24047, episodic_return=[147.]
SPS: 610
SPS: 610
global_step=24197, episodic_return=[150.]
global_step=24311, episodic_return=[114.]
SPS: 610
global_step=24333, episodic_return=[22.]
global_step=24428, episodic_return=[95.]
SPS: 610
global_step=24562, episodic_return=[134.]
SPS: 611
global_step=24646, episodic_return=[84.]
global_step=24696, episodic_return=[50.]
SPS: 611
global_step=24800, episodic_return=[104.]
SPS: 611
global_step=24847, episodic_return=[47.]
global_step=24934, episodic_return=[87.]
SPS: 611
global_step=25014, episodic_return=[80.]
SPS: 611
global_step=25151, episodic_return=[137.]
global_step=25187, episodic_return=[36.]
SPS: 611
global_step=25300, episodic_return=[113.]
global_step=25338, episodic_return=[38.]
SPS: 611
global_step=25458, episodic_return=[120.]
SPS: 611
global_step=25503, episodic_return=[45.]
global_step=25529, episodic_return=[26.]
SPS: 611
global_step=25624, episodic_return=[95.]
SPS: 611
global_step=25746, episodic_return=[122.]
global_step=25771, episodic_return=[25.]
SPS: 611
SPS: 611
global_step=26001, episodic_return=[230.]
global_step=26075, episodic_return=[74.]
SPS: 611
global_step=26146, episodic_return=[71.]
global_step=26172, episodic_return=[26.]
global_step=26211, episodic_return=[39.]
SPS: 611
global_step=26315, episodic_return=[104.]
SPS: 611
global_step=26397, episodic_return=[82.]
SPS: 611
global_step=26510, episodic_return=[113.]
global_step=26541, episodic_return=[31.]
SPS: 611
global_step=26662, episodic_return=[121.]
global_step=26699, episodic_return=[37.]
SPS: 612
global_step=26843, episodic_return=[144.]
SPS: 612
global_step=26942, episodic_return=[99.]
SPS: 612
global_step=27013, episodic_return=[71.]
global_step=27109, episodic_return=[96.]
SPS: 612
global_step=27217, episodic_return=[108.]
SPS: 612
global_step=27298, episodic_return=[81.]
SPS: 612
global_step=27420, episodic_return=[122.]
global_step=27491, episodic_return=[71.]
SPS: 612
global_step=27581, episodic_return=[90.]
global_step=27643, episodic_return=[62.]
SPS: 612
global_step=27723, episodic_return=[80.]
SPS: 612
global_step=27777, episodic_return=[54.]
global_step=27859, episodic_return=[82.]
global_step=27897, episodic_return=[38.]
SPS: 612
SPS: 612
global_step=28111, episodic_return=[214.]
SPS: 612
global_step=28249, episodic_return=[138.]
global_step=28275, episodic_return=[26.]
SPS: 612
global_step=28320, episodic_return=[45.]
global_step=28416, episodic_return=[96.]
SPS: 612
global_step=28505, episodic_return=[89.]
SPS: 612
global_step=28564, episodic_return=[59.]
global_step=28666, episodic_return=[102.]
SPS: 612
global_step=28729, episodic_return=[63.]
global_step=28770, episodic_return=[41.]
SPS: 612
global_step=28877, episodic_return=[107.]
SPS: 612
global_step=28998, episodic_return=[121.]
SPS: 612
SPS: 612
global_step=29193, episodic_return=[195.]
global_step=29276, episodic_return=[83.]
SPS: 612
global_step=29375, episodic_return=[99.]
SPS: 612
global_step=29493, episodic_return=[118.]
global_step=29548, episodic_return=[55.]
SPS: 612
global_step=29636, episodic_return=[88.]
SPS: 613
global_step=29731, episodic_return=[95.]
SPS: 613
global_step=29912, episodic_return=[181.]
SPS: 613
global_step=29974, episodic_return=[62.]
global_step=30009, episodic_return=[35.]
global_step=30072, episodic_return=[63.]
SPS: 613
global_step=30189, episodic_return=[117.]
SPS: 613
global_step=30276, episodic_return=[87.]
SPS: 613
global_step=30376, episodic_return=[100.]
SPS: 613
global_step=30494, episodic_return=[118.]
SPS: 613
global_step=30610, episodic_return=[116.]
global_step=30704, episodic_return=[94.]
SPS: 613
global_step=30751, episodic_return=[47.]
global_step=30812, episodic_return=[61.]
SPS: 613
global_step=30921, episodic_return=[109.]
SPS: 613
global_step=31060, episodic_return=[139.]
SPS: 613
global_step=31138, episodic_return=[78.]
global_step=31201, episodic_return=[63.]
SPS: 613
global_step=31329, episodic_return=[128.]
SPS: 613
global_step=31389, episodic_return=[60.]
global_step=31475, episodic_return=[86.]
SPS: 613
SPS: 613
global_step=31618, episodic_return=[143.]
global_step=31712, episodic_return=[94.]
SPS: 613
global_step=31836, episodic_return=[124.]
SPS: 613
global_step=31969, episodic_return=[133.]
SPS: 613
global_step=32119, episodic_return=[150.]
SPS: 613
SPS: 613
global_step=32349, episodic_return=[230.]
SPS: 613
global_step=32495, episodic_return=[146.]
SPS: 613
global_step=32574, episodic_return=[79.]
SPS: 613
global_step=32705, episodic_return=[131.]
SPS: 613
global_step=32871, episodic_return=[166.]
SPS: 613
SPS: 613
global_step=33104, episodic_return=[233.]
SPS: 614
global_step=33179, episodic_return=[75.]
SPS: 614
global_step=33325, episodic_return=[146.]
SPS: 614
global_step=33474, episodic_return=[149.]
SPS: 614
global_step=33568, episodic_return=[94.]
global_step=33653, episodic_return=[85.]
SPS: 614
SPS: 614
global_step=33869, episodic_return=[216.]
SPS: 614
global_step=33956, episodic_return=[87.]
SPS: 614
SPS: 614
global_step=34180, episodic_return=[224.]
global_step=34246, episodic_return=[66.]
SPS: 614
SPS: 614
global_step=34515, episodic_return=[269.]
SPS: 614
global_step=34595, episodic_return=[80.]
global_step=34665, episodic_return=[70.]
SPS: 614
SPS: 614
global_step=34840, episodic_return=[175.]
global_step=34907, episodic_return=[67.]
SPS: 614
global_step=35011, episodic_return=[104.]
SPS: 614
global_step=35079, episodic_return=[68.]
SPS: 614
SPS: 614
global_step=35349, episodic_return=[270.]
global_step=35449, episodic_return=[100.]
SPS: 614
SPS: 614
SPS: 615
global_step=35733, episodic_return=[284.]
SPS: 615
SPS: 615
global_step=35982, episodic_return=[249.]
global_step=36082, episodic_return=[100.]
SPS: 615
global_step=36181, episodic_return=[99.]
global_step=36217, episodic_return=[36.]
SPS: 615
SPS: 615
global_step=36376, episodic_return=[159.]
SPS: 615
global_step=36481, episodic_return=[105.]
global_step=36572, episodic_return=[91.]
SPS: 615
global_step=36668, episodic_return=[96.]
SPS: 615
global_step=36789, episodic_return=[121.]
SPS: 615
global_step=36921, episodic_return=[132.]
SPS: 615
global_step=37007, episodic_return=[86.]
global_step=37120, episodic_return=[113.]
SPS: 615
global_step=37161, episodic_return=[41.]
global_step=37221, episodic_return=[60.]
SPS: 615
global_step=37292, episodic_return=[71.]
global_step=37330, episodic_return=[38.]
SPS: 615
global_step=37440, episodic_return=[110.]
SPS: 615
global_step=37561, episodic_return=[121.]
SPS: 615
global_step=37645, episodic_return=[84.]
SPS: 615
global_step=37786, episodic_return=[141.]
global_step=37854, episodic_return=[68.]
SPS: 615
global_step=37913, episodic_return=[59.]
global_step=38015, episodic_return=[102.]
SPS: 615
global_step=38114, episodic_return=[99.]
SPS: 615
global_step=38231, episodic_return=[117.]
SPS: 615
global_step=38296, episodic_return=[65.]
global_step=38368, episodic_return=[72.]
SPS: 615
global_step=38506, episodic_return=[138.]
SPS: 615
global_step=38635, episodic_return=[129.]
SPS: 615
SPS: 615
SPS: 615
global_step=38994, episodic_return=[359.]
SPS: 615
SPS: 615
global_step=39194, episodic_return=[200.]
global_step=39294, episodic_return=[100.]
SPS: 613
global_step=39331, episodic_return=[37.]
global_step=39375, episodic_return=[44.]
SPS: 613
global_step=39426, episodic_return=[51.]
SPS: 613
global_step=39567, episodic_return=[141.]
global_step=39672, episodic_return=[105.]
SPS: 613
SPS: 613
SPS: 613
global_step=39961, episodic_return=[289.]
global_step=40011, episodic_return=[50.]
SPS: 613
SPS: 613
global_step=40287, episodic_return=[276.]
SPS: 613
SPS: 613
global_step=40482, episodic_return=[195.]
SPS: 613
SPS: 613
global_step=40819, episodic_return=[337.]
SPS: 613
SPS: 613
global_step=41031, episodic_return=[212.]
SPS: 613
global_step=41110, episodic_return=[79.]
SPS: 613
global_step=41273, episodic_return=[163.]
SPS: 613
global_step=41394, episodic_return=[121.]
SPS: 613
global_step=41519, episodic_return=[125.]
SPS: 613
global_step=41658, episodic_return=[139.]
SPS: 613
global_step=41844, episodic_return=[186.]
SPS: 614
SPS: 614
SPS: 614
global_step=42142, episodic_return=[298.]
SPS: 614
SPS: 614
SPS: 614
global_step=42565, episodic_return=[423.]
SPS: 614
global_step=42703, episodic_return=[138.]
SPS: 614
SPS: 614
global_step=42892, episodic_return=[189.]
SPS: 614
global_step=43109, episodic_return=[217.]
SPS: 614
SPS: 614
global_step=43356, episodic_return=[247.]
SPS: 614
SPS: 614
SPS: 614
global_step=43652, episodic_return=[296.]
SPS: 614
SPS: 614
global_step=43947, episodic_return=[295.]
SPS: 614
SPS: 614
SPS: 614
global_step=44329, episodic_return=[382.]
SPS: 614
SPS: 614
global_step=44551, episodic_return=[222.]
global_step=44670, episodic_return=[119.]
SPS: 614
SPS: 614
global_step=44814, episodic_return=[144.]
global_step=44863, episodic_return=[49.]
SPS: 614
SPS: 614
SPS: 615
global_step=45218, episodic_return=[355.]
SPS: 615
global_step=45431, episodic_return=[213.]
SPS: 615
SPS: 615
SPS: 615
global_step=45810, episodic_return=[379.]
SPS: 615
global_step=45935, episodic_return=[125.]
SPS: 615
global_step=46050, episodic_return=[115.]
SPS: 615
SPS: 615
global_step=46229, episodic_return=[179.]
SPS: 615
global_step=46348, episodic_return=[119.]
global_step=46438, episodic_return=[90.]
SPS: 615
global_step=46486, episodic_return=[48.]
SPS: 615
global_step=46607, episodic_return=[121.]
SPS: 615
SPS: 615
global_step=46922, episodic_return=[315.]
SPS: 615
global_step=46982, episodic_return=[60.]
global_step=47078, episodic_return=[96.]
SPS: 615
SPS: 615
global_step=47247, episodic_return=[169.]
SPS: 615
global_step=47380, episodic_return=[133.]
global_step=47446, episodic_return=[66.]
SPS: 615
global_step=47592, episodic_return=[146.]
SPS: 615
global_step=47733, episodic_return=[141.]
SPS: 615
global_step=47867, episodic_return=[134.]
SPS: 615
SPS: 615
global_step=48029, episodic_return=[162.]
global_step=48080, episodic_return=[51.]
SPS: 615
global_step=48216, episodic_return=[136.]
SPS: 615
global_step=48327, episodic_return=[111.]
SPS: 615
global_step=48445, episodic_return=[118.]
SPS: 615
global_step=48521, episodic_return=[76.]
global_step=48637, episodic_return=[116.]
SPS: 615
SPS: 615
global_step=48773, episodic_return=[136.]
global_step=48828, episodic_return=[55.]
SPS: 615
global_step=48950, episodic_return=[122.]
SPS: 615
global_step=49081, episodic_return=[131.]
SPS: 616
global_step=49208, episodic_return=[127.]
SPS: 616
global_step=49378, episodic_return=[170.]
SPS: 616
global_step=49527, episodic_return=[149.]
SPS: 616
global_step=49564, episodic_return=[37.]
SPS: 616
global_step=49681, episodic_return=[117.]
SPS: 616
global_step=49844, episodic_return=[163.]
SPS: 616
global_step=49957, episodic_return=[113.]
SPS: 616
global_step=50095, episodic_return=[138.]
SPS: 616
global_step=50278, episodic_return=[183.]
SPS: 616
global_step=50391, episodic_return=[113.]
SPS: 616
global_step=50504, episodic_return=[113.]
SPS: 616
global_step=50614, episodic_return=[110.]
SPS: 616
global_step=50746, episodic_return=[132.]
SPS: 616
global_step=50854, episodic_return=[108.]
SPS: 616
global_step=51006, episodic_return=[152.]
SPS: 616
global_step=51135, episodic_return=[129.]
SPS: 616
global_step=51291, episodic_return=[156.]
SPS: 616
global_step=51361, episodic_return=[70.]
SPS: 616
global_step=51496, episodic_return=[135.]
SPS: 616
global_step=51677, episodic_return=[181.]
SPS: 616
global_step=51810, episodic_return=[133.]
SPS: 616
global_step=51940, episodic_return=[130.]
SPS: 616
global_step=52083, episodic_return=[143.]
SPS: 616
SPS: 616
global_step=52248, episodic_return=[165.]
SPS: 616
global_step=52384, episodic_return=[136.]
SPS: 616
global_step=52519, episodic_return=[135.]
SPS: 616
global_step=52657, episodic_return=[138.]
global_step=52679, episodic_return=[22.]
SPS: 616
global_step=52755, episodic_return=[76.]
SPS: 616
global_step=52870, episodic_return=[115.]
global_step=52984, episodic_return=[114.]
SPS: 616
global_step=53091, episodic_return=[107.]
SPS: 616
global_step=53198, episodic_return=[107.]
SPS: 616
global_step=53356, episodic_return=[158.]
SPS: 616
global_step=53474, episodic_return=[118.]
SPS: 616
global_step=53612, episodic_return=[138.]
SPS: 616
global_step=53759, episodic_return=[147.]
SPS: 616
SPS: 616
global_step=53918, episodic_return=[159.]
SPS: 616
global_step=54074, episodic_return=[156.]
SPS: 616
global_step=54220, episodic_return=[146.]
SPS: 616
global_step=54352, episodic_return=[132.]
SPS: 616
global_step=54511, episodic_return=[159.]
SPS: 616
global_step=54629, episodic_return=[118.]
SPS: 616
global_step=54775, episodic_return=[146.]
SPS: 616
SPS: 616
global_step=54915, episodic_return=[140.]
SPS: 616
global_step=55068, episodic_return=[153.]
SPS: 616
global_step=55230, episodic_return=[162.]
SPS: 617
global_step=55388, episodic_return=[158.]
SPS: 617
SPS: 617
global_step=55586, episodic_return=[198.]
SPS: 617
global_step=55705, episodic_return=[119.]
SPS: 617
global_step=55814, episodic_return=[109.]
global_step=55857, episodic_return=[43.]
SPS: 617
global_step=56035, episodic_return=[178.]
SPS: 617
SPS: 617
global_step=56277, episodic_return=[242.]
SPS: 617
global_step=56405, episodic_return=[128.]
SPS: 617
SPS: 617
global_step=56627, episodic_return=[222.]
SPS: 617
global_step=56769, episodic_return=[142.]
SPS: 617
global_step=56910, episodic_return=[141.]
global_step=56959, episodic_return=[49.]
SPS: 617
global_step=57081, episodic_return=[122.]
SPS: 617
SPS: 617
global_step=57246, episodic_return=[165.]
SPS: 617
global_step=57412, episodic_return=[166.]
SPS: 617
SPS: 617
global_step=57680, episodic_return=[268.]
SPS: 617
SPS: 617
global_step=57893, episodic_return=[213.]
SPS: 617
global_step=58087, episodic_return=[194.]
SPS: 617
SPS: 617
global_step=58331, episodic_return=[244.]
SPS: 617
global_step=58449, episodic_return=[118.]
SPS: 617
SPS: 617
global_step=58679, episodic_return=[230.]
SPS: 617
SPS: 617
global_step=58953, episodic_return=[274.]
SPS: 617
SPS: 617
global_step=59217, episodic_return=[264.]
SPS: 617
SPS: 617
global_step=59427, episodic_return=[210.]
SPS: 617
SPS: 617
global_step=59759, episodic_return=[332.]
SPS: 617
SPS: 617
SPS: 617
SPS: 617
global_step=60240, episodic_return=[481.]
SPS: 617
SPS: 617
global_step=60437, episodic_return=[197.]
SPS: 617
SPS: 617
global_step=60715, episodic_return=[278.]
SPS: 617
SPS: 617
SPS: 617
global_step=61074, episodic_return=[359.]
SPS: 617
SPS: 617
SPS: 617
SPS: 617
global_step=61574, episodic_return=[500.]
SPS: 617
SPS: 617
SPS: 617
global_step=61968, episodic_return=[394.]
SPS: 617
SPS: 617
SPS: 617
SPS: 617
global_step=62468, episodic_return=[500.]
SPS: 617
SPS: 617
SPS: 617
global_step=62891, episodic_return=[423.]
SPS: 617
SPS: 617
global_step=63172, episodic_return=[281.]
SPS: 617
SPS: 618
SPS: 618
global_step=63521, episodic_return=[349.]
SPS: 618
SPS: 618
SPS: 618
global_step=63940, episodic_return=[419.]
SPS: 618
SPS: 618
SPS: 618
SPS: 618
global_step=64440, episodic_return=[500.]
SPS: 618
global_step=64619, episodic_return=[179.]
SPS: 618
SPS: 618
SPS: 618
SPS: 618
global_step=65119, episodic_return=[500.]
SPS: 618
SPS: 618
global_step=65312, episodic_return=[193.]
SPS: 618
SPS: 618
SPS: 618
SPS: 618
global_step=65812, episodic_return=[500.]
SPS: 618
SPS: 618
SPS: 618
SPS: 618
global_step=66312, episodic_return=[500.]
SPS: 618
global_step=66446, episodic_return=[134.]
SPS: 618
SPS: 618
SPS: 618
SPS: 618
global_step=66946, episodic_return=[500.]
SPS: 618
SPS: 618
SPS: 618
global_step=67393, episodic_return=[447.]
SPS: 618
SPS: 618
global_step=67645, episodic_return=[252.]
SPS: 618
SPS: 618
global_step=67904, episodic_return=[259.]
SPS: 618
SPS: 618
global_step=68151, episodic_return=[247.]
SPS: 618
SPS: 618
global_step=68401, episodic_return=[250.]
SPS: 619
SPS: 619
global_step=68717, episodic_return=[316.]
SPS: 619
SPS: 619
global_step=68977, episodic_return=[260.]
SPS: 619
SPS: 619
SPS: 619
global_step=69351, episodic_return=[374.]
SPS: 619
SPS: 619
global_step=69520, episodic_return=[169.]
SPS: 619
SPS: 619
global_step=69827, episodic_return=[307.]
SPS: 619
SPS: 619
global_step=70084, episodic_return=[257.]
SPS: 619
global_step=70264, episodic_return=[180.]
SPS: 619
SPS: 619
global_step=70527, episodic_return=[263.]
SPS: 619
SPS: 619
global_step=70763, episodic_return=[236.]
SPS: 619
global_step=70910, episodic_return=[147.]
SPS: 619
SPS: 619
global_step=71098, episodic_return=[188.]
SPS: 619
global_step=71212, episodic_return=[114.]
SPS: 619
global_step=71377, episodic_return=[165.]
SPS: 619
global_step=71528, episodic_return=[151.]
SPS: 619
SPS: 619
global_step=71686, episodic_return=[158.]
SPS: 619
global_step=71809, episodic_return=[123.]
SPS: 619
global_step=71972, episodic_return=[163.]
SPS: 619
global_step=72099, episodic_return=[127.]
SPS: 619
global_step=72243, episodic_return=[144.]
SPS: 619
global_step=72386, episodic_return=[143.]
SPS: 619
SPS: 619
global_step=72588, episodic_return=[202.]
global_step=72637, episodic_return=[49.]
SPS: 619
global_step=72762, episodic_return=[125.]
SPS: 619
global_step=72907, episodic_return=[145.]
global_step=72960, episodic_return=[53.]
SPS: 619
global_step=73084, episodic_return=[124.]
SPS: 619
SPS: 619
global_step=73256, episodic_return=[172.]
SPS: 619
global_step=73383, episodic_return=[127.]
SPS: 619
global_step=73517, episodic_return=[134.]
global_step=73556, episodic_return=[39.]
SPS: 619
global_step=73680, episodic_return=[124.]
SPS: 619
global_step=73825, episodic_return=[145.]
SPS: 619
global_step=73952, episodic_return=[127.]
SPS: 619
global_step=74085, episodic_return=[133.]
SPS: 619
global_step=74195, episodic_return=[110.]
SPS: 619
global_step=74342, episodic_return=[147.]
SPS: 619
SPS: 619
global_step=74524, episodic_return=[182.]
global_step=74589, episodic_return=[65.]
SPS: 619
global_step=74732, episodic_return=[143.]
SPS: 619
global_step=74858, episodic_return=[126.]
SPS: 619
global_step=74981, episodic_return=[123.]
SPS: 619
global_step=75122, episodic_return=[141.]
SPS: 619
global_step=75234, episodic_return=[112.]
SPS: 619
SPS: 619
global_step=75394, episodic_return=[160.]
global_step=75492, episodic_return=[98.]
SPS: 619
global_step=75626, episodic_return=[134.]
SPS: 619
global_step=75727, episodic_return=[101.]
SPS: 619
global_step=75852, episodic_return=[125.]
SPS: 619
global_step=75947, episodic_return=[95.]
SPS: 619
global_step=76063, episodic_return=[116.]
SPS: 619
global_step=76197, episodic_return=[134.]
global_step=76261, episodic_return=[64.]
SPS: 619
global_step=76379, episodic_return=[118.]
SPS: 619
global_step=76507, episodic_return=[128.]
SPS: 619
global_step=76603, episodic_return=[96.]
SPS: 619
global_step=76740, episodic_return=[137.]
global_step=76791, episodic_return=[51.]
SPS: 619
global_step=76894, episodic_return=[103.]
SPS: 619
SPS: 619
global_step=77063, episodic_return=[169.]
global_step=77180, episodic_return=[117.]
SPS: 619
global_step=77262, episodic_return=[82.]
SPS: 619
global_step=77373, episodic_return=[111.]
SPS: 619
global_step=77497, episodic_return=[124.]
SPS: 619
global_step=77626, episodic_return=[129.]
SPS: 619
global_step=77755, episodic_return=[129.]
SPS: 619
global_step=77859, episodic_return=[104.]
global_step=77944, episodic_return=[85.]
SPS: 619
global_step=78069, episodic_return=[125.]
SPS: 619
SPS: 619
global_step=78305, episodic_return=[236.]
SPS: 619
global_step=78428, episodic_return=[123.]
SPS: 619
global_step=78546, episodic_return=[118.]
SPS: 619
global_step=78691, episodic_return=[145.]
SPS: 619
global_step=78805, episodic_return=[114.]
SPS: 619
global_step=78944, episodic_return=[139.]
SPS: 620
global_step=79064, episodic_return=[120.]
SPS: 620
global_step=79201, episodic_return=[137.]
SPS: 620
global_step=79349, episodic_return=[148.]
SPS: 619
SPS: 619
global_step=79498, episodic_return=[149.]
SPS: 619
global_step=79642, episodic_return=[144.]
SPS: 619
global_step=79756, episodic_return=[114.]
SPS: 620
global_step=79887, episodic_return=[131.]
SPS: 620
global_step=80025, episodic_return=[138.]
SPS: 620
global_step=80159, episodic_return=[134.]
SPS: 620
global_step=80261, episodic_return=[102.]
SPS: 620
global_step=80407, episodic_return=[146.]
SPS: 620
global_step=80513, episodic_return=[106.]
global_step=80626, episodic_return=[113.]
SPS: 620
global_step=80752, episodic_return=[126.]
SPS: 620
global_step=80860, episodic_return=[108.]
SPS: 620
global_step=80991, episodic_return=[131.]
SPS: 620
global_step=81120, episodic_return=[129.]
SPS: 620
global_step=81243, episodic_return=[123.]
SPS: 620
global_step=81359, episodic_return=[116.]
SPS: 620
global_step=81490, episodic_return=[131.]
SPS: 620
global_step=81656, episodic_return=[166.]
SPS: 620
global_step=81752, episodic_return=[96.]
SPS: 620
global_step=81918, episodic_return=[166.]
SPS: 620
SPS: 620
global_step=82074, episodic_return=[156.]
SPS: 620
global_step=82198, episodic_return=[124.]
SPS: 620
global_step=82330, episodic_return=[132.]
SPS: 620
global_step=82439, episodic_return=[109.]
SPS: 620
global_step=82593, episodic_return=[154.]
SPS: 620
global_step=82719, episodic_return=[126.]
SPS: 620
global_step=82867, episodic_return=[148.]
SPS: 620
global_step=82997, episodic_return=[130.]
SPS: 620
global_step=83115, episodic_return=[118.]
SPS: 620
global_step=83259, episodic_return=[144.]
SPS: 620
global_step=83385, episodic_return=[126.]
global_step=83412, episodic_return=[27.]
SPS: 620
global_step=83506, episodic_return=[94.]
SPS: 620
global_step=83629, episodic_return=[123.]
SPS: 620
global_step=83740, episodic_return=[111.]
SPS: 620
global_step=83859, episodic_return=[119.]
SPS: 620
global_step=83981, episodic_return=[122.]
SPS: 620
global_step=84113, episodic_return=[132.]
SPS: 620
global_step=84231, episodic_return=[118.]
SPS: 620
global_step=84366, episodic_return=[135.]
global_step=84472, episodic_return=[106.]
SPS: 620
SPS: 620
global_step=84629, episodic_return=[157.]
SPS: 620
global_step=84786, episodic_return=[157.]
SPS: 620
global_step=84921, episodic_return=[135.]
SPS: 620
global_step=85100, episodic_return=[179.]
SPS: 620
global_step=85247, episodic_return=[147.]
SPS: 620
SPS: 620
global_step=85405, episodic_return=[158.]
SPS: 620
global_step=85587, episodic_return=[182.]
SPS: 620
global_step=85694, episodic_return=[107.]
SPS: 620
global_step=85835, episodic_return=[141.]
SPS: 620
global_step=85992, episodic_return=[157.]
SPS: 620
global_step=86111, episodic_return=[119.]
SPS: 620
SPS: 620
global_step=86291, episodic_return=[180.]
SPS: 620
global_step=86416, episodic_return=[125.]
SPS: 620
global_step=86535, episodic_return=[119.]
SPS: 620
global_step=86663, episodic_return=[128.]
global_step=86769, episodic_return=[106.]
SPS: 620
SPS: 620
global_step=86923, episodic_return=[154.]
SPS: 620
global_step=87048, episodic_return=[125.]
global_step=87158, episodic_return=[110.]
SPS: 620
global_step=87282, episodic_return=[124.]
SPS: 620
SPS: 620
global_step=87465, episodic_return=[183.]
SPS: 620
global_step=87606, episodic_return=[141.]
SPS: 620
global_step=87698, episodic_return=[92.]
SPS: 620
global_step=87832, episodic_return=[134.]
SPS: 620
global_step=87964, episodic_return=[132.]
SPS: 620
global_step=88124, episodic_return=[160.]
SPS: 620
global_step=88252, episodic_return=[128.]
SPS: 620
global_step=88357, episodic_return=[105.]
SPS: 620
global_step=88484, episodic_return=[127.]
global_step=88559, episodic_return=[75.]
SPS: 620
global_step=88693, episodic_return=[134.]
SPS: 620
global_step=88807, episodic_return=[114.]
SPS: 620
global_step=88951, episodic_return=[144.]
SPS: 620
global_step=89078, episodic_return=[127.]
SPS: 620
global_step=89214, episodic_return=[136.]
SPS: 620
global_step=89318, episodic_return=[104.]
SPS: 620
global_step=89461, episodic_return=[143.]
SPS: 620
SPS: 620
global_step=89626, episodic_return=[165.]
SPS: 620
global_step=89758, episodic_return=[132.]
SPS: 620
global_step=89902, episodic_return=[144.]
SPS: 620
global_step=90019, episodic_return=[117.]
SPS: 620
global_step=90143, episodic_return=[124.]
SPS: 620
global_step=90276, episodic_return=[133.]
SPS: 620
global_step=90434, episodic_return=[158.]
SPS: 620
global_step=90501, episodic_return=[67.]
SPS: 620
global_step=90644, episodic_return=[143.]
SPS: 620
global_step=90794, episodic_return=[150.]
SPS: 620
global_step=90917, episodic_return=[123.]
SPS: 620
global_step=91071, episodic_return=[154.]
SPS: 620
global_step=91210, episodic_return=[139.]
SPS: 620
global_step=91369, episodic_return=[159.]
SPS: 620
global_step=91435, episodic_return=[66.]
SPS: 620
global_step=91551, episodic_return=[116.]
SPS: 620
global_step=91682, episodic_return=[131.]
SPS: 620
global_step=91824, episodic_return=[142.]
SPS: 620
global_step=91935, episodic_return=[111.]
SPS: 620
global_step=92045, episodic_return=[110.]
SPS: 620
global_step=92190, episodic_return=[145.]
SPS: 620
global_step=92333, episodic_return=[143.]
SPS: 620
global_step=92455, episodic_return=[122.]
SPS: 620
global_step=92576, episodic_return=[121.]
SPS: 620
global_step=92715, episodic_return=[139.]
SPS: 620
global_step=92854, episodic_return=[139.]
SPS: 620
global_step=92980, episodic_return=[126.]
SPS: 620
global_step=93099, episodic_return=[119.]
SPS: 620
global_step=93290, episodic_return=[191.]
SPS: 620
SPS: 620
global_step=93442, episodic_return=[152.]
SPS: 620
global_step=93581, episodic_return=[139.]
SPS: 621
global_step=93727, episodic_return=[146.]
SPS: 621
global_step=93857, episodic_return=[130.]
SPS: 621
global_step=93981, episodic_return=[124.]
SPS: 621
global_step=94174, episodic_return=[193.]
SPS: 621
global_step=94305, episodic_return=[131.]
SPS: 621
global_step=94379, episodic_return=[74.]
SPS: 621
global_step=94523, episodic_return=[144.]
SPS: 621
global_step=94694, episodic_return=[171.]
SPS: 621
global_step=94840, episodic_return=[146.]
SPS: 621
SPS: 621
global_step=94986, episodic_return=[146.]
SPS: 621
global_step=95109, episodic_return=[123.]
SPS: 621
global_step=95288, episodic_return=[179.]
SPS: 621
global_step=95440, episodic_return=[152.]
SPS: 621
global_step=95598, episodic_return=[158.]
SPS: 621
SPS: 621
global_step=95746, episodic_return=[148.]
SPS: 621
global_step=95880, episodic_return=[134.]
SPS: 621
global_step=96002, episodic_return=[122.]
SPS: 621
global_step=96134, episodic_return=[132.]
SPS: 621
global_step=96264, episodic_return=[130.]
global_step=96304, episodic_return=[40.]
SPS: 621
global_step=96473, episodic_return=[169.]
SPS: 621
global_step=96594, episodic_return=[121.]
SPS: 621
global_step=96762, episodic_return=[168.]
SPS: 621
SPS: 621
global_step=96926, episodic_return=[164.]
SPS: 621
global_step=97085, episodic_return=[159.]
SPS: 621
global_step=97219, episodic_return=[134.]
SPS: 621
global_step=97361, episodic_return=[142.]
SPS: 621
global_step=97505, episodic_return=[144.]
SPS: 621
global_step=97646, episodic_return=[141.]
SPS: 621
global_step=97754, episodic_return=[108.]
SPS: 621
global_step=97887, episodic_return=[133.]
SPS: 621
SPS: 621
global_step=98049, episodic_return=[162.]
global_step=98172, episodic_return=[123.]
SPS: 621
global_step=98303, episodic_return=[131.]
SPS: 621
global_step=98423, episodic_return=[120.]
SPS: 621
SPS: 621
global_step=98580, episodic_return=[157.]
SPS: 621
global_step=98700, episodic_return=[120.]
SPS: 620
global_step=98832, episodic_return=[132.]
SPS: 620
global_step=98955, episodic_return=[123.]
SPS: 620
global_step=99091, episodic_return=[136.]
SPS: 620
global_step=99216, episodic_return=[125.]
SPS: 620
global_step=99337, episodic_return=[121.]
SPS: 620
global_step=99507, episodic_return=[170.]
SPS: 620
global_step=99666, episodic_return=[159.]
SPS: 620
global_step=99778, episodic_return=[112.]
SPS: 620
global_step=99952, episodic_return=[174.]
SPS: 620
Using hyperparameter file ./hps/CleanRL_ppo_defaultdiscrete.yml
[Errno 2] No such file or directory: './CleanRL/results/ppo_CartPole-v1_100000/CleanRL_ppo_defaultdiscrete'
Using initial folder
[/bin/bash] ## Script finished
[/bin/bash] #### Finished Python test. Have a nice day
