[/bin/bash] 1102727############################################
[/bin/bash] ## Starting Python Python 3.8.3
[/bin/bash] ## Training using algorithm ppo from framework CleanRL
[/bin/bash] ## On environment CartPole-v1 with 100000 timesteps
[/bin/bash] ## This is repetition 3/3
[/bin/bash] ## This is s2989344 on node007 and this job has the ID 3933234
[/bin/bash] ##############################################
[/bin/bash] ## current working directory: /home/s2989344/Documents/MSc/CleanRL
[/bin/bash] ## current python version: Python 3.8.3
[/bin/bash] ## python from path: /home/s2989344/.conda/envs/CleanRL/bin/python
[/bin/bash] ## list of packages: # packages in environment at /home/s2989344/.conda/envs/CleanRL: # # Name Version Build Channel _libgcc_mutex 0.1 main _openmp_mutex 5.1 1_gnu absl-py 1.4.0 pypi_0 pypi ale-py 0.8.1 pypi_0 pypi appdirs 1.4.4 pypi_0 pypi autorom 0.4.2 pypi_0 pypi autorom-accept-rom-license 0.6.1 pypi_0 pypi ca-certificates 2025.2.25 h06a4308_0 cachetools 5.3.0 pypi_0 pypi certifi 2023.5.7 pypi_0 pypi charset-normalizer 3.1.0 pypi_0 pypi click 8.1.3 pypi_0 pypi cloudpickle 2.2.1 pypi_0 pypi colorama 0.4.4 pypi_0 pypi commonmark 0.9.1 pypi_0 pypi cycler 0.11.0 pypi_0 pypi decorator 4.4.2 pypi_0 pypi docker-pycreds 0.4.0 pypi_0 pypi docstring-parser 0.15 pypi_0 pypi farama-notifications 0.0.4 pypi_0 pypi filelock 3.12.0 pypi_0 pypi fonttools 4.38.0 pypi_0 pypi gitdb 4.0.10 pypi_0 pypi gitpython 3.1.31 pypi_0 pypi glfw 1.12.0 pypi_0 pypi google-auth 2.18.0 pypi_0 pypi google-auth-oauthlib 0.4.6 pypi_0 pypi grpcio 1.54.0 pypi_0 pypi gym 0.23.1 pypi_0 pypi gym-notices 0.0.8 pypi_0 pypi gymnasium 0.28.1 pypi_0 pypi huggingface-hub 0.11.1 pypi_0 pypi idna 3.4 pypi_0 pypi imageio 2.28.1 pypi_0 pypi imageio-ffmpeg 0.3.0 pypi_0 pypi importlib-metadata 5.2.0 pypi_0 pypi importlib-resources 5.12.0 pypi_0 pypi jax-jumpy 1.0.0 pypi_0 pypi kiwisolver 1.4.4 pypi_0 pypi ld_impl_linux-64 2.40 h12ee557_0 libffi 3.3 he6710b0_2 libgcc-ng 11.2.0 h1234567_1 libgomp 11.2.0 h1234567_1 libstdcxx-ng 11.2.0 h1234567_1 markdown 3.3.7 pypi_0 pypi markupsafe 2.1.2 pypi_0 pypi matplotlib 3.5.3 pypi_0 pypi moviepy 1.0.3 pypi_0 pypi mujoco 2.3.3 pypi_0 pypi ncurses 6.4 h6a678d5_0 numpy 1.24.4 pypi_0 pypi oauthlib 3.2.2 pypi_0 pypi opencv-python 4.7.0.72 pypi_0 pypi openssl 1.1.1w h7f8727e_0 packaging 23.1 pypi_0 pypi pandas 1.3.5 pypi_0 pypi pathtools 0.1.2 pypi_0 pypi pillow 9.5.0 pypi_0 pypi pip 24.2 py38h06a4308_0 proglog 0.1.10 pypi_0 pypi protobuf 3.20.3 pypi_0 pypi psutil 5.9.5 pypi_0 pypi pyasn1 0.5.0 pypi_0 pypi pyasn1-modules 0.3.0 pypi_0 pypi pygame 2.1.0 pypi_0 pypi pygments 2.15.1 pypi_0 pypi pyopengl 3.1.6 pypi_0 pypi pyparsing 3.0.9 pypi_0 pypi python 3.8.3 hcff3b4d_2 python-dateutil 2.8.2 pypi_0 pypi pytz 2023.3 pypi_0 pypi pyyaml 6.0.1 pypi_0 pypi readline 8.2 h5eee18b_0 requests 2.30.0 pypi_0 pypi requests-oauthlib 1.3.1 pypi_0 pypi rich 11.2.0 pypi_0 pypi rsa 4.7.2 pypi_0 pypi sentry-sdk 1.22.2 pypi_0 pypi setproctitle 1.3.2 pypi_0 pypi setuptools 67.7.2 pypi_0 pypi shimmy 1.1.0 pypi_0 pypi shtab 1.6.4 pypi_0 pypi six 1.16.0 pypi_0 pypi smmap 5.0.0 pypi_0 pypi sqlite 3.45.3 h5eee18b_0 stable-baselines3 2.0.0 pypi_0 pypi tenacity 8.2.3 pypi_0 pypi tensorboard 2.11.2 pypi_0 pypi tensorboard-data-server 0.6.1 pypi_0 pypi tensorboard-plugin-wit 1.8.1 pypi_0 pypi tk 8.6.14 h39e8969_0 torch 1.12.1 pypi_0 pypi tqdm 4.65.0 pypi_0 pypi typing 3.7.4.3 pypi_0 pypi typing-extensions 4.5.0 pypi_0 pypi tyro 0.5.10 pypi_0 pypi urllib3 1.26.15 pypi_0 pypi wandb 0.13.11 pypi_0 pypi werkzeug 2.2.3 pypi_0 pypi wheel 0.40.0 pypi_0 pypi xz 5.6.4 h5eee18b_1 zipp 3.15.0 pypi_0 pypi zlib 1.2.13 h5eee18b_1
[/bin/bash] ##############################################
[/bin/bash] ## Start run script
/home/s2989344/.conda/envs/CleanRL/lib/python3.8/site-packages/torch/utils/tensorboard/__init__.py:4: DeprecationWarning: distutils Version classes are deprecated. Use packaging.version instead.
  if not hasattr(tensorboard, "__version__") or LooseVersion(
global_step=24, episodic_return=[24.]
global_step=55, episodic_return=[31.]
global_step=75, episodic_return=[20.]
global_step=101, episodic_return=[26.]
global_step=116, episodic_return=[15.]
SPS: 489
global_step=156, episodic_return=[40.]
global_step=192, episodic_return=[36.]
global_step=227, episodic_return=[35.]
SPS: 554
global_step=277, episodic_return=[50.]
global_step=291, episodic_return=[14.]
global_step=309, episodic_return=[18.]
global_step=322, episodic_return=[13.]
global_step=351, episodic_return=[29.]
global_step=364, episodic_return=[13.]
global_step=383, episodic_return=[19.]
SPS: 575
global_step=417, episodic_return=[34.]
global_step=445, episodic_return=[28.]
global_step=457, episodic_return=[12.]
global_step=473, episodic_return=[16.]
global_step=494, episodic_return=[21.]
SPS: 585
global_step=516, episodic_return=[22.]
global_step=528, episodic_return=[12.]
global_step=540, episodic_return=[12.]
global_step=567, episodic_return=[27.]
global_step=581, episodic_return=[14.]
global_step=628, episodic_return=[47.]
SPS: 593
global_step=663, episodic_return=[35.]
global_step=681, episodic_return=[18.]
global_step=703, episodic_return=[22.]
global_step=755, episodic_return=[52.]
SPS: 487
global_step=788, episodic_return=[33.]
global_step=803, episodic_return=[15.]
global_step=828, episodic_return=[25.]
global_step=850, episodic_return=[22.]
global_step=870, episodic_return=[20.]
global_step=895, episodic_return=[25.]
SPS: 504
global_step=954, episodic_return=[59.]
global_step=965, episodic_return=[11.]
global_step=994, episodic_return=[29.]
global_step=1010, episodic_return=[16.]
SPS: 518
global_step=1027, episodic_return=[17.]
global_step=1055, episodic_return=[28.]
global_step=1084, episodic_return=[29.]
global_step=1129, episodic_return=[45.]
SPS: 530
global_step=1181, episodic_return=[52.]
global_step=1209, episodic_return=[28.]
global_step=1258, episodic_return=[49.]
global_step=1274, episodic_return=[16.]
SPS: 541
global_step=1367, episodic_return=[93.]
global_step=1403, episodic_return=[36.]
SPS: 550
global_step=1416, episodic_return=[13.]
global_step=1445, episodic_return=[29.]
global_step=1471, episodic_return=[26.]
global_step=1502, episodic_return=[31.]
global_step=1521, episodic_return=[19.]
SPS: 556
global_step=1541, episodic_return=[20.]
global_step=1570, episodic_return=[29.]
global_step=1626, episodic_return=[56.]
SPS: 563
global_step=1670, episodic_return=[44.]
global_step=1704, episodic_return=[34.]
global_step=1749, episodic_return=[45.]
global_step=1779, episodic_return=[30.]
SPS: 568
global_step=1812, episodic_return=[33.]
global_step=1830, episodic_return=[18.]
global_step=1858, episodic_return=[28.]
global_step=1890, episodic_return=[32.]
global_step=1916, episodic_return=[26.]
SPS: 572
global_step=1968, episodic_return=[52.]
global_step=1994, episodic_return=[26.]
global_step=2033, episodic_return=[39.]
SPS: 577
global_step=2070, episodic_return=[37.]
global_step=2156, episodic_return=[86.]
SPS: 581
global_step=2224, episodic_return=[68.]
SPS: 585
global_step=2410, episodic_return=[186.]
SPS: 589
global_step=2463, episodic_return=[53.]
global_step=2501, episodic_return=[38.]
global_step=2558, episodic_return=[57.]
SPS: 592
global_step=2615, episodic_return=[57.]
SPS: 595
global_step=2701, episodic_return=[86.]
global_step=2731, episodic_return=[30.]
global_step=2787, episodic_return=[56.]
SPS: 597
global_step=2853, episodic_return=[66.]
global_step=2938, episodic_return=[85.]
SPS: 599
global_step=2964, episodic_return=[26.]
global_step=3019, episodic_return=[55.]
SPS: 602
global_step=3181, episodic_return=[162.]
SPS: 604
global_step=3253, episodic_return=[72.]
SPS: 606
global_step=3333, episodic_return=[80.]
global_step=3421, episodic_return=[88.]
SPS: 608
global_step=3478, episodic_return=[57.]
global_step=3511, episodic_return=[33.]
SPS: 609
global_step=3601, episodic_return=[90.]
global_step=3668, episodic_return=[67.]
SPS: 611
global_step=3756, episodic_return=[88.]
SPS: 612
global_step=3852, episodic_return=[96.]
global_step=3946, episodic_return=[94.]
SPS: 612
global_step=4006, episodic_return=[60.]
global_step=4080, episodic_return=[74.]
SPS: 613
global_step=4133, episodic_return=[53.]
global_step=4197, episodic_return=[64.]
SPS: 614
global_step=4274, episodic_return=[77.]
SPS: 615
global_step=4371, episodic_return=[97.]
global_step=4448, episodic_return=[77.]
SPS: 616
global_step=4482, episodic_return=[34.]
global_step=4564, episodic_return=[82.]
SPS: 617
global_step=4612, episodic_return=[48.]
global_step=4695, episodic_return=[83.]
SPS: 618
global_step=4746, episodic_return=[51.]
SPS: 619
global_step=4901, episodic_return=[155.]
global_step=4949, episodic_return=[48.]
SPS: 619
global_step=5005, episodic_return=[56.]
global_step=5074, episodic_return=[69.]
global_step=5096, episodic_return=[22.]
SPS: 620
global_step=5162, episodic_return=[66.]
global_step=5233, episodic_return=[71.]
SPS: 620
global_step=5315, episodic_return=[82.]
SPS: 621
global_step=5381, episodic_return=[66.]
global_step=5431, episodic_return=[50.]
global_step=5492, episodic_return=[61.]
SPS: 621
global_step=5602, episodic_return=[110.]
SPS: 622
global_step=5742, episodic_return=[140.]
SPS: 623
global_step=5803, episodic_return=[61.]
global_step=5844, episodic_return=[41.]
SPS: 623
global_step=5915, episodic_return=[71.]
global_step=5979, episodic_return=[64.]
SPS: 623
global_step=6112, episodic_return=[133.]
SPS: 624
global_step=6183, episodic_return=[71.]
SPS: 625
global_step=6276, episodic_return=[93.]
SPS: 625
global_step=6416, episodic_return=[140.]
global_step=6470, episodic_return=[54.]
global_step=6512, episodic_return=[42.]
SPS: 626
global_step=6625, episodic_return=[113.]
SPS: 626
global_step=6699, episodic_return=[74.]
SPS: 627
global_step=6822, episodic_return=[123.]
global_step=6855, episodic_return=[33.]
SPS: 628
global_step=6999, episodic_return=[144.]
SPS: 628
global_step=7055, episodic_return=[56.]
global_step=7135, episodic_return=[80.]
SPS: 629
global_step=7257, episodic_return=[122.]
SPS: 629
global_step=7318, episodic_return=[61.]
global_step=7407, episodic_return=[89.]
SPS: 630
global_step=7487, episodic_return=[80.]
SPS: 630
global_step=7580, episodic_return=[93.]
SPS: 631
global_step=7724, episodic_return=[144.]
global_step=7776, episodic_return=[52.]
SPS: 632
global_step=7830, episodic_return=[54.]
SPS: 632
global_step=7938, episodic_return=[108.]
global_step=8038, episodic_return=[100.]
SPS: 633
global_step=8104, episodic_return=[66.]
SPS: 633
global_step=8224, episodic_return=[120.]
SPS: 634
global_step=8353, episodic_return=[129.]
global_step=8426, episodic_return=[73.]
SPS: 634
global_step=8510, episodic_return=[84.]
SPS: 635
global_step=8653, episodic_return=[143.]
SPS: 635
global_step=8781, episodic_return=[128.]
SPS: 635
global_step=8902, episodic_return=[121.]
SPS: 636
global_step=9004, episodic_return=[102.]
SPS: 636
global_step=9110, episodic_return=[106.]
global_step=9169, episodic_return=[59.]
global_step=9213, episodic_return=[44.]
SPS: 637
global_step=9327, episodic_return=[114.]
SPS: 637
global_step=9410, episodic_return=[83.]
SPS: 638
global_step=9523, episodic_return=[113.]
SPS: 638
SPS: 638
global_step=9830, episodic_return=[307.]
SPS: 639
global_step=9957, episodic_return=[127.]
SPS: 639
global_step=9989, episodic_return=[32.]
SPS: 640
global_step=10113, episodic_return=[124.]
SPS: 640
global_step=10267, episodic_return=[154.]
SPS: 640
global_step=10453, episodic_return=[186.]
SPS: 640
global_step=10612, episodic_return=[159.]
SPS: 641
global_step=10662, episodic_return=[50.]
SPS: 641
global_step=10858, episodic_return=[196.]
SPS: 641
SPS: 642
SPS: 642
global_step=11175, episodic_return=[317.]
SPS: 642
global_step=11343, episodic_return=[168.]
SPS: 642
global_step=11433, episodic_return=[90.]
global_step=11511, episodic_return=[78.]
SPS: 643
global_step=11643, episodic_return=[132.]
SPS: 643
global_step=11765, episodic_return=[122.]
SPS: 643
global_step=11866, episodic_return=[101.]
global_step=11887, episodic_return=[21.]
SPS: 643
global_step=11999, episodic_return=[112.]
SPS: 643
SPS: 644
global_step=12200, episodic_return=[201.]
global_step=12274, episodic_return=[74.]
SPS: 644
global_step=12366, episodic_return=[92.]
SPS: 644
global_step=12515, episodic_return=[149.]
SPS: 644
global_step=12602, episodic_return=[87.]
SPS: 644
global_step=12767, episodic_return=[165.]
SPS: 645
SPS: 645
global_step=12940, episodic_return=[173.]
global_step=13032, episodic_return=[92.]
SPS: 645
global_step=13128, episodic_return=[96.]
SPS: 645
global_step=13200, episodic_return=[72.]
SPS: 645
global_step=13321, episodic_return=[121.]
global_step=13428, episodic_return=[107.]
SPS: 645
SPS: 646
global_step=13596, episodic_return=[168.]
SPS: 646
global_step=13725, episodic_return=[129.]
SPS: 646
global_step=13931, episodic_return=[206.]
SPS: 646
SPS: 646
SPS: 647
global_step=14236, episodic_return=[305.]
SPS: 647
global_step=14455, episodic_return=[219.]
SPS: 647
global_step=14582, episodic_return=[127.]
SPS: 647
global_step=14687, episodic_return=[105.]
SPS: 647
global_step=14820, episodic_return=[133.]
SPS: 647
SPS: 648
global_step=15037, episodic_return=[217.]
SPS: 648
global_step=15164, episodic_return=[127.]
global_step=15226, episodic_return=[62.]
SPS: 648
SPS: 648
SPS: 648
global_step=15540, episodic_return=[314.]
global_step=15586, episodic_return=[46.]
SPS: 648
global_step=15690, episodic_return=[104.]
global_step=15739, episodic_return=[49.]
SPS: 648
global_step=15839, episodic_return=[100.]
SPS: 649
SPS: 649
global_step=16021, episodic_return=[182.]
global_step=16083, episodic_return=[62.]
SPS: 649
global_step=16142, episodic_return=[59.]
global_step=16204, episodic_return=[62.]
global_step=16237, episodic_return=[33.]
SPS: 649
global_step=16316, episodic_return=[79.]
global_step=16380, episodic_return=[64.]
SPS: 649
global_step=16430, episodic_return=[50.]
SPS: 649
global_step=16560, episodic_return=[130.]
global_step=16600, episodic_return=[40.]
SPS: 649
global_step=16695, episodic_return=[95.]
SPS: 649
global_step=16779, episodic_return=[84.]
global_step=16807, episodic_return=[28.]
SPS: 649
global_step=16906, episodic_return=[99.]
global_step=16995, episodic_return=[89.]
SPS: 649
global_step=17106, episodic_return=[111.]
SPS: 649
global_step=17166, episodic_return=[60.]
global_step=17210, episodic_return=[44.]
SPS: 650
global_step=17281, episodic_return=[71.]
global_step=17352, episodic_return=[71.]
SPS: 650
global_step=17419, episodic_return=[67.]
global_step=17534, episodic_return=[115.]
SPS: 650
global_step=17578, episodic_return=[44.]
global_step=17653, episodic_return=[75.]
SPS: 650
global_step=17721, episodic_return=[68.]
global_step=17784, episodic_return=[63.]
SPS: 650
global_step=17836, episodic_return=[52.]
global_step=17878, episodic_return=[42.]
global_step=17901, episodic_return=[23.]
SPS: 650
global_step=17967, episodic_return=[66.]
global_step=18037, episodic_return=[70.]
SPS: 650
global_step=18067, episodic_return=[30.]
SPS: 650
global_step=18187, episodic_return=[120.]
global_step=18219, episodic_return=[32.]
SPS: 650
global_step=18384, episodic_return=[165.]
SPS: 650
global_step=18445, episodic_return=[61.]
SPS: 650
global_step=18561, episodic_return=[116.]
global_step=18644, episodic_return=[83.]
SPS: 650
global_step=18717, episodic_return=[73.]
global_step=18785, episodic_return=[68.]
SPS: 650
global_step=18924, episodic_return=[139.]
SPS: 650
global_step=19025, episodic_return=[101.]
SPS: 650
global_step=19144, episodic_return=[119.]
global_step=19199, episodic_return=[55.]
SPS: 651
SPS: 651
global_step=19393, episodic_return=[194.]
SPS: 651
global_step=19500, episodic_return=[107.]
SPS: 651
global_step=19661, episodic_return=[161.]
SPS: 651
global_step=19780, episodic_return=[119.]
SPS: 651
global_step=19921, episodic_return=[141.]
SPS: 651
global_step=20007, episodic_return=[86.]
SPS: 651
global_step=20192, episodic_return=[185.]
SPS: 651
global_step=20310, episodic_return=[118.]
SPS: 651
global_step=20421, episodic_return=[111.]
SPS: 652
global_step=20523, episodic_return=[102.]
SPS: 652
global_step=20612, episodic_return=[89.]
SPS: 652
SPS: 652
global_step=20870, episodic_return=[258.]
SPS: 652
global_step=21024, episodic_return=[154.]
SPS: 652
global_step=21225, episodic_return=[201.]
SPS: 648
SPS: 648
global_step=21418, episodic_return=[193.]
SPS: 648
SPS: 649
global_step=21748, episodic_return=[330.]
SPS: 649
global_step=21874, episodic_return=[126.]
SPS: 649
global_step=21970, episodic_return=[96.]
SPS: 649
global_step=22084, episodic_return=[114.]
SPS: 649
global_step=22152, episodic_return=[68.]
SPS: 649
SPS: 649
global_step=22501, episodic_return=[349.]
SPS: 649
global_step=22626, episodic_return=[125.]
SPS: 650
global_step=22740, episodic_return=[114.]
SPS: 650
SPS: 650
global_step=22976, episodic_return=[236.]
SPS: 650
global_step=23164, episodic_return=[188.]
SPS: 650
global_step=23212, episodic_return=[48.]
SPS: 650
global_step=23338, episodic_return=[126.]
SPS: 650
global_step=23434, episodic_return=[96.]
SPS: 650
global_step=23592, episodic_return=[158.]
global_step=23642, episodic_return=[50.]
SPS: 650
SPS: 650
global_step=23812, episodic_return=[170.]
SPS: 650
global_step=23964, episodic_return=[152.]
SPS: 651
global_step=24116, episodic_return=[152.]
SPS: 651
global_step=24269, episodic_return=[153.]
SPS: 651
global_step=24425, episodic_return=[156.]
SPS: 651
SPS: 651
SPS: 651
global_step=24723, episodic_return=[298.]
SPS: 651
global_step=24912, episodic_return=[189.]
SPS: 651
global_step=25073, episodic_return=[161.]
SPS: 651
global_step=25189, episodic_return=[116.]
SPS: 651
SPS: 651
global_step=25351, episodic_return=[162.]
SPS: 651
SPS: 651
global_step=25617, episodic_return=[266.]
SPS: 652
global_step=25736, episodic_return=[119.]
SPS: 652
global_step=25978, episodic_return=[242.]
SPS: 652
global_step=26064, episodic_return=[86.]
SPS: 652
global_step=26183, episodic_return=[119.]
SPS: 652
SPS: 652
global_step=26486, episodic_return=[303.]
SPS: 652
global_step=26559, episodic_return=[73.]
SPS: 652
global_step=26630, episodic_return=[71.]
SPS: 652
SPS: 652
global_step=26965, episodic_return=[335.]
SPS: 652
SPS: 652
SPS: 652
SPS: 652
global_step=27465, episodic_return=[500.]
SPS: 653
global_step=27616, episodic_return=[151.]
SPS: 653
SPS: 653
global_step=27838, episodic_return=[222.]
SPS: 653
global_step=28004, episodic_return=[166.]
SPS: 653
global_step=28102, episodic_return=[98.]
SPS: 653
SPS: 653
global_step=28373, episodic_return=[271.]
SPS: 653
SPS: 653
SPS: 653
SPS: 653
global_step=28830, episodic_return=[457.]
SPS: 653
global_step=28938, episodic_return=[108.]
SPS: 653
global_step=29081, episodic_return=[143.]
global_step=29181, episodic_return=[100.]
SPS: 653
global_step=29245, episodic_return=[64.]
SPS: 653
SPS: 654
global_step=29495, episodic_return=[250.]
global_step=29529, episodic_return=[34.]
SPS: 654
global_step=29662, episodic_return=[133.]
SPS: 654
global_step=29764, episodic_return=[102.]
SPS: 654
global_step=29908, episodic_return=[144.]
SPS: 654
SPS: 654
global_step=30151, episodic_return=[243.]
SPS: 654
SPS: 654
global_step=30394, episodic_return=[243.]
SPS: 654
global_step=30545, episodic_return=[151.]
SPS: 654
global_step=30667, episodic_return=[122.]
SPS: 654
global_step=30806, episodic_return=[139.]
global_step=30841, episodic_return=[35.]
SPS: 654
SPS: 654
global_step=31028, episodic_return=[187.]
global_step=31082, episodic_return=[54.]
SPS: 654
global_step=31206, episodic_return=[124.]
SPS: 654
global_step=31315, episodic_return=[109.]
SPS: 654
global_step=31425, episodic_return=[110.]
SPS: 655
global_step=31603, episodic_return=[178.]
SPS: 655
SPS: 655
global_step=31821, episodic_return=[218.]
SPS: 655
global_step=31949, episodic_return=[128.]
SPS: 655
global_step=32049, episodic_return=[100.]
SPS: 655
global_step=32157, episodic_return=[108.]
global_step=32218, episodic_return=[61.]
global_step=32242, episodic_return=[24.]
SPS: 655
SPS: 655
global_step=32396, episodic_return=[154.]
SPS: 655
global_step=32556, episodic_return=[160.]
SPS: 655
global_step=32685, episodic_return=[129.]
global_step=32722, episodic_return=[37.]
global_step=32757, episodic_return=[35.]
SPS: 655
global_step=32887, episodic_return=[130.]
SPS: 655
global_step=33023, episodic_return=[136.]
SPS: 655
global_step=33093, episodic_return=[70.]
global_step=33148, episodic_return=[55.]
SPS: 655
global_step=33207, episodic_return=[59.]
global_step=33241, episodic_return=[34.]
global_step=33276, episodic_return=[35.]
SPS: 655
global_step=33339, episodic_return=[63.]
SPS: 655
global_step=33525, episodic_return=[186.]
SPS: 655
SPS: 655
global_step=33681, episodic_return=[156.]
SPS: 655
global_step=33812, episodic_return=[131.]
SPS: 655
SPS: 656
global_step=34112, episodic_return=[300.]
SPS: 656
SPS: 656
SPS: 656
global_step=34541, episodic_return=[429.]
SPS: 656
global_step=34674, episodic_return=[133.]
SPS: 656
SPS: 656
global_step=34820, episodic_return=[146.]
SPS: 656
global_step=34971, episodic_return=[151.]
global_step=35070, episodic_return=[99.]
SPS: 656
SPS: 656
global_step=35220, episodic_return=[150.]
SPS: 656
global_step=35341, episodic_return=[121.]
global_step=35377, episodic_return=[36.]
SPS: 656
global_step=35475, episodic_return=[98.]
global_step=35515, episodic_return=[40.]
global_step=35567, episodic_return=[52.]
SPS: 656
global_step=35679, episodic_return=[112.]
SPS: 656
global_step=35817, episodic_return=[138.]
SPS: 656
global_step=35927, episodic_return=[110.]
SPS: 656
global_step=35999, episodic_return=[72.]
SPS: 656
global_step=36108, episodic_return=[109.]
SPS: 656
global_step=36336, episodic_return=[228.]
SPS: 657
global_step=36426, episodic_return=[90.]
SPS: 657
global_step=36490, episodic_return=[64.]
global_step=36561, episodic_return=[71.]
SPS: 657
global_step=36637, episodic_return=[76.]
global_step=36704, episodic_return=[67.]
SPS: 657
global_step=36770, episodic_return=[66.]
global_step=36834, episodic_return=[64.]
SPS: 657
global_step=36872, episodic_return=[38.]
global_step=36943, episodic_return=[71.]
SPS: 657
global_step=37013, episodic_return=[70.]
global_step=37118, episodic_return=[105.]
SPS: 657
global_step=37213, episodic_return=[95.]
SPS: 657
global_step=37338, episodic_return=[125.]
SPS: 657
global_step=37443, episodic_return=[105.]
SPS: 657
global_step=37604, episodic_return=[161.]
SPS: 657
global_step=37724, episodic_return=[120.]
SPS: 657
global_step=37846, episodic_return=[122.]
global_step=37888, episodic_return=[42.]
SPS: 657
SPS: 657
global_step=38022, episodic_return=[134.]
SPS: 657
global_step=38155, episodic_return=[133.]
SPS: 657
global_step=38343, episodic_return=[188.]
SPS: 657
global_step=38471, episodic_return=[128.]
SPS: 657
global_step=38589, episodic_return=[118.]
SPS: 657
global_step=38702, episodic_return=[113.]
SPS: 657
SPS: 657
global_step=38927, episodic_return=[225.]
SPS: 657
global_step=39046, episodic_return=[119.]
SPS: 657
global_step=39229, episodic_return=[183.]
SPS: 657
SPS: 657
global_step=39450, episodic_return=[221.]
SPS: 658
global_step=39601, episodic_return=[151.]
global_step=39638, episodic_return=[37.]
SPS: 658
global_step=39754, episodic_return=[116.]
SPS: 658
global_step=39903, episodic_return=[149.]
SPS: 658
global_step=40026, episodic_return=[123.]
SPS: 658
global_step=40165, episodic_return=[139.]
SPS: 658
global_step=40288, episodic_return=[123.]
SPS: 658
global_step=40430, episodic_return=[142.]
SPS: 658
SPS: 658
global_step=40596, episodic_return=[166.]
SPS: 658
global_step=40762, episodic_return=[166.]
SPS: 658
global_step=40943, episodic_return=[181.]
SPS: 658
SPS: 658
SPS: 658
global_step=41224, episodic_return=[281.]
SPS: 658
global_step=41364, episodic_return=[140.]
SPS: 658
global_step=41529, episodic_return=[165.]
SPS: 658
global_step=41677, episodic_return=[148.]
SPS: 658
SPS: 658
global_step=41911, episodic_return=[234.]
SPS: 658
SPS: 658
global_step=42194, episodic_return=[283.]
SPS: 658
SPS: 658
global_step=42378, episodic_return=[184.]
SPS: 658
global_step=42506, episodic_return=[128.]
SPS: 658
SPS: 658
global_step=42825, episodic_return=[319.]
SPS: 658
global_step=42973, episodic_return=[148.]
SPS: 658
global_step=43072, episodic_return=[99.]
SPS: 658
global_step=43208, episodic_return=[136.]
SPS: 658
global_step=43303, episodic_return=[95.]
SPS: 658
SPS: 658
global_step=43615, episodic_return=[312.]
SPS: 658
SPS: 658
global_step=43828, episodic_return=[213.]
SPS: 658
global_step=43930, episodic_return=[102.]
SPS: 658
SPS: 658
global_step=44216, episodic_return=[286.]
SPS: 658
SPS: 658
SPS: 658
global_step=44603, episodic_return=[387.]
SPS: 658
SPS: 658
SPS: 659
SPS: 659
global_step=45103, episodic_return=[500.]
SPS: 659
global_step=45273, episodic_return=[170.]
SPS: 659
global_step=45405, episodic_return=[132.]
SPS: 659
SPS: 659
global_step=45626, episodic_return=[221.]
SPS: 659
SPS: 659
SPS: 659
global_step=46022, episodic_return=[396.]
SPS: 659
SPS: 659
global_step=46245, episodic_return=[223.]
SPS: 659
SPS: 659
global_step=46545, episodic_return=[300.]
SPS: 659
SPS: 659
global_step=46742, episodic_return=[197.]
SPS: 659
global_step=46953, episodic_return=[211.]
SPS: 659
SPS: 659
global_step=47130, episodic_return=[177.]
SPS: 659
SPS: 659
global_step=47367, episodic_return=[237.]
SPS: 659
global_step=47510, episodic_return=[143.]
global_step=47614, episodic_return=[104.]
SPS: 659
SPS: 659
global_step=47762, episodic_return=[148.]
global_step=47835, episodic_return=[73.]
SPS: 659
SPS: 659
global_step=48051, episodic_return=[216.]
SPS: 659
SPS: 659
global_step=48372, episodic_return=[321.]
SPS: 659
global_step=48485, episodic_return=[113.]
SPS: 660
SPS: 660
global_step=48657, episodic_return=[172.]
SPS: 660
global_step=48854, episodic_return=[197.]
SPS: 660
global_step=49020, episodic_return=[166.]
SPS: 660
global_step=49108, episodic_return=[88.]
SPS: 660
SPS: 660
global_step=49343, episodic_return=[235.]
SPS: 660
global_step=49497, episodic_return=[154.]
SPS: 660
SPS: 660
SPS: 660
global_step=49870, episodic_return=[373.]
SPS: 660
global_step=49934, episodic_return=[64.]
SPS: 660
SPS: 660
SPS: 660
SPS: 660
global_step=50434, episodic_return=[500.]
SPS: 660
SPS: 660
global_step=50704, episodic_return=[270.]
SPS: 660
SPS: 660
global_step=51055, episodic_return=[351.]
SPS: 660
SPS: 660
global_step=51222, episodic_return=[167.]
SPS: 660
global_step=51436, episodic_return=[214.]
SPS: 660
SPS: 660
SPS: 660
global_step=51763, episodic_return=[327.]
SPS: 660
SPS: 660
global_step=52011, episodic_return=[248.]
SPS: 660
SPS: 660
global_step=52261, episodic_return=[250.]
SPS: 660
global_step=52437, episodic_return=[176.]
SPS: 660
SPS: 661
global_step=52624, episodic_return=[187.]
SPS: 661
global_step=52799, episodic_return=[175.]
SPS: 661
global_step=52948, episodic_return=[149.]
SPS: 661
SPS: 661
global_step=53136, episodic_return=[188.]
SPS: 661
global_step=53293, episodic_return=[157.]
SPS: 661
global_step=53437, episodic_return=[144.]
SPS: 661
global_step=53571, episodic_return=[134.]
SPS: 661
global_step=53693, episodic_return=[122.]
SPS: 661
global_step=53827, episodic_return=[134.]
SPS: 661
global_step=53989, episodic_return=[162.]
SPS: 661
global_step=54031, episodic_return=[42.]
SPS: 661
global_step=54218, episodic_return=[187.]
SPS: 661
global_step=54379, episodic_return=[161.]
SPS: 661
global_step=54492, episodic_return=[113.]
SPS: 661
global_step=54613, episodic_return=[121.]
SPS: 661
global_step=54747, episodic_return=[134.]
SPS: 661
global_step=54864, episodic_return=[117.]
SPS: 661
global_step=54973, episodic_return=[109.]
SPS: 661
global_step=55093, episodic_return=[120.]
SPS: 661
global_step=55209, episodic_return=[116.]
SPS: 661
global_step=55318, episodic_return=[109.]
SPS: 661
global_step=55460, episodic_return=[142.]
SPS: 661
global_step=55584, episodic_return=[124.]
SPS: 661
global_step=55730, episodic_return=[146.]
global_step=55791, episodic_return=[61.]
SPS: 661
global_step=55934, episodic_return=[143.]
SPS: 661
global_step=55997, episodic_return=[63.]
SPS: 661
global_step=56128, episodic_return=[131.]
SPS: 661
global_step=56232, episodic_return=[104.]
SPS: 661
global_step=56392, episodic_return=[160.]
SPS: 661
global_step=56513, episodic_return=[121.]
SPS: 661
global_step=56655, episodic_return=[142.]
SPS: 661
global_step=56811, episodic_return=[156.]
SPS: 661
global_step=56934, episodic_return=[123.]
SPS: 661
global_step=57070, episodic_return=[136.]
SPS: 661
global_step=57136, episodic_return=[66.]
SPS: 661
global_step=57254, episodic_return=[118.]
SPS: 661
global_step=57388, episodic_return=[134.]
global_step=57450, episodic_return=[62.]
SPS: 661
global_step=57581, episodic_return=[131.]
SPS: 661
SPS: 661
global_step=57740, episodic_return=[159.]
global_step=57844, episodic_return=[104.]
SPS: 661
global_step=57962, episodic_return=[118.]
SPS: 661
SPS: 661
global_step=58140, episodic_return=[178.]
global_step=58197, episodic_return=[57.]
SPS: 661
global_step=58324, episodic_return=[127.]
SPS: 661
global_step=58460, episodic_return=[136.]
SPS: 661
global_step=58570, episodic_return=[110.]
SPS: 661
global_step=58643, episodic_return=[73.]
global_step=58707, episodic_return=[64.]
SPS: 661
global_step=58844, episodic_return=[137.]
SPS: 661
global_step=58996, episodic_return=[152.]
SPS: 661
global_step=59122, episodic_return=[126.]
SPS: 661
global_step=59264, episodic_return=[142.]
SPS: 661
SPS: 662
global_step=59506, episodic_return=[242.]
SPS: 662
global_step=59630, episodic_return=[124.]
SPS: 662
SPS: 662
global_step=59791, episodic_return=[161.]
SPS: 662
global_step=59932, episodic_return=[141.]
SPS: 662
SPS: 662
global_step=60165, episodic_return=[233.]
global_step=60269, episodic_return=[104.]
SPS: 662
global_step=60296, episodic_return=[27.]
SPS: 662
global_step=60457, episodic_return=[161.]
SPS: 662
SPS: 662
global_step=60689, episodic_return=[232.]
SPS: 662
global_step=60901, episodic_return=[212.]
SPS: 662
SPS: 662
global_step=61110, episodic_return=[209.]
SPS: 662
global_step=61257, episodic_return=[147.]
SPS: 662
SPS: 662
global_step=61489, episodic_return=[232.]
SPS: 662
global_step=61692, episodic_return=[203.]
SPS: 662
SPS: 662
global_step=61868, episodic_return=[176.]
SPS: 662
global_step=62066, episodic_return=[198.]
SPS: 662
SPS: 662
global_step=62231, episodic_return=[165.]
SPS: 662
global_step=62381, episodic_return=[150.]
SPS: 662
global_step=62543, episodic_return=[162.]
SPS: 662
SPS: 662
global_step=62758, episodic_return=[215.]
SPS: 662
global_step=62917, episodic_return=[159.]
SPS: 662
global_step=63095, episodic_return=[178.]
SPS: 662
SPS: 662
global_step=63302, episodic_return=[207.]
SPS: 662
global_step=63428, episodic_return=[126.]
SPS: 662
global_step=63613, episodic_return=[185.]
SPS: 662
SPS: 662
global_step=63821, episodic_return=[208.]
SPS: 662
global_step=63999, episodic_return=[178.]
SPS: 662
SPS: 662
SPS: 662
global_step=64270, episodic_return=[271.]
SPS: 662
SPS: 662
global_step=64537, episodic_return=[267.]
SPS: 662
global_step=64760, episodic_return=[223.]
SPS: 662
SPS: 662
global_step=64943, episodic_return=[183.]
SPS: 662
global_step=65117, episodic_return=[174.]
SPS: 662
SPS: 662
SPS: 662
global_step=65470, episodic_return=[353.]
SPS: 662
SPS: 662
global_step=65758, episodic_return=[288.]
SPS: 662
SPS: 662
global_step=65951, episodic_return=[193.]
SPS: 662
SPS: 663
global_step=66229, episodic_return=[278.]
SPS: 663
SPS: 663
SPS: 663
global_step=66664, episodic_return=[435.]
SPS: 663
SPS: 663
SPS: 663
global_step=67063, episodic_return=[399.]
SPS: 663
SPS: 663
SPS: 663
SPS: 663
global_step=67518, episodic_return=[455.]
SPS: 663
SPS: 663
SPS: 663
SPS: 663
global_step=68015, episodic_return=[497.]
SPS: 663
SPS: 663
SPS: 663
SPS: 663
global_step=68484, episodic_return=[469.]
SPS: 663
global_step=68618, episodic_return=[134.]
SPS: 663
SPS: 663
SPS: 663
global_step=69118, episodic_return=[500.]
SPS: 663
SPS: 663
SPS: 663
SPS: 663
global_step=69618, episodic_return=[500.]
SPS: 663
SPS: 663
SPS: 663
SPS: 663
global_step=70118, episodic_return=[500.]
SPS: 663
SPS: 663
SPS: 663
SPS: 663
global_step=70608, episodic_return=[490.]
SPS: 663
SPS: 663
global_step=70867, episodic_return=[259.]
SPS: 663
SPS: 663
SPS: 663
SPS: 663
global_step=71367, episodic_return=[500.]
SPS: 663
SPS: 663
SPS: 663
global_step=71758, episodic_return=[391.]
SPS: 663
SPS: 663
SPS: 663
global_step=72073, episodic_return=[315.]
SPS: 663
SPS: 663
global_step=72397, episodic_return=[324.]
SPS: 663
SPS: 663
global_step=72590, episodic_return=[193.]
SPS: 663
SPS: 663
global_step=72896, episodic_return=[306.]
SPS: 663
SPS: 663
global_step=73113, episodic_return=[217.]
SPS: 663
global_step=73232, episodic_return=[119.]
SPS: 663
global_step=73468, episodic_return=[236.]
SPS: 663
SPS: 663
SPS: 663
global_step=73777, episodic_return=[309.]
SPS: 663
global_step=73964, episodic_return=[187.]
SPS: 663
SPS: 663
global_step=74193, episodic_return=[229.]
SPS: 663
SPS: 663
global_step=74426, episodic_return=[233.]
SPS: 663
SPS: 663
global_step=74639, episodic_return=[213.]
SPS: 663
global_step=74805, episodic_return=[166.]
SPS: 663
global_step=74965, episodic_return=[160.]
SPS: 663
global_step=75133, episodic_return=[168.]
SPS: 663
SPS: 663
global_step=75313, episodic_return=[180.]
SPS: 663
global_step=75496, episodic_return=[183.]
SPS: 663
global_step=75648, episodic_return=[152.]
SPS: 663
SPS: 663
global_step=75793, episodic_return=[145.]
SPS: 663
global_step=75953, episodic_return=[160.]
SPS: 663
SPS: 663
global_step=76169, episodic_return=[216.]
SPS: 663
global_step=76301, episodic_return=[132.]
SPS: 663
global_step=76496, episodic_return=[195.]
SPS: 663
SPS: 663
global_step=76787, episodic_return=[291.]
SPS: 663
SPS: 663
global_step=76957, episodic_return=[170.]
SPS: 663
global_step=77121, episodic_return=[164.]
SPS: 663
SPS: 663
global_step=77319, episodic_return=[198.]
SPS: 663
global_step=77543, episodic_return=[224.]
SPS: 663
global_step=77695, episodic_return=[152.]
SPS: 663
SPS: 663
global_step=77842, episodic_return=[147.]
SPS: 663
global_step=77986, episodic_return=[144.]
SPS: 663
global_step=78134, episodic_return=[148.]
SPS: 663
global_step=78247, episodic_return=[113.]
SPS: 663
global_step=78376, episodic_return=[129.]
SPS: 663
global_step=78537, episodic_return=[161.]
SPS: 663
SPS: 663
global_step=78737, episodic_return=[200.]
SPS: 663
global_step=78909, episodic_return=[172.]
SPS: 663
global_step=79052, episodic_return=[143.]
SPS: 663
global_step=79227, episodic_return=[175.]
SPS: 663
SPS: 663
global_step=79400, episodic_return=[173.]
SPS: 663
global_step=79586, episodic_return=[186.]
SPS: 663
global_step=79697, episodic_return=[111.]
SPS: 663
global_step=79865, episodic_return=[168.]
SPS: 663
SPS: 663
global_step=80066, episodic_return=[201.]
SPS: 663
global_step=80254, episodic_return=[188.]
SPS: 663
global_step=80287, episodic_return=[33.]
SPS: 663
SPS: 663
global_step=80551, episodic_return=[264.]
SPS: 663
global_step=80754, episodic_return=[203.]
SPS: 663
SPS: 663
global_step=80910, episodic_return=[156.]
SPS: 663
global_step=81062, episodic_return=[152.]
SPS: 663
global_step=81218, episodic_return=[156.]
SPS: 663
SPS: 663
global_step=81412, episodic_return=[194.]
SPS: 663
global_step=81603, episodic_return=[191.]
SPS: 663
global_step=81776, episodic_return=[173.]
SPS: 663
global_step=81913, episodic_return=[137.]
SPS: 663
SPS: 663
global_step=82051, episodic_return=[138.]
SPS: 663
global_step=82203, episodic_return=[152.]
SPS: 663
global_step=82348, episodic_return=[145.]
SPS: 663
global_step=82482, episodic_return=[134.]
SPS: 663
global_step=82639, episodic_return=[157.]
SPS: 663
SPS: 663
global_step=82853, episodic_return=[214.]
SPS: 663
global_step=83007, episodic_return=[154.]
SPS: 663
global_step=83140, episodic_return=[133.]
SPS: 663
global_step=83320, episodic_return=[180.]
SPS: 663
SPS: 664
global_step=83464, episodic_return=[144.]
SPS: 664
global_step=83646, episodic_return=[182.]
SPS: 664
global_step=83783, episodic_return=[137.]
SPS: 664
global_step=83915, episodic_return=[132.]
SPS: 664
global_step=84033, episodic_return=[118.]
SPS: 664
global_step=84145, episodic_return=[112.]
SPS: 664
global_step=84303, episodic_return=[158.]
SPS: 664
global_step=84471, episodic_return=[168.]
SPS: 664
global_step=84588, episodic_return=[117.]
SPS: 664
global_step=84719, episodic_return=[131.]
SPS: 664
global_step=84857, episodic_return=[138.]
SPS: 664
global_step=84981, episodic_return=[124.]
SPS: 664
global_step=85095, episodic_return=[114.]
SPS: 664
global_step=85223, episodic_return=[128.]
SPS: 664
SPS: 664
global_step=85402, episodic_return=[179.]
SPS: 664
global_step=85544, episodic_return=[142.]
SPS: 664
global_step=85698, episodic_return=[154.]
SPS: 664
global_step=85850, episodic_return=[152.]
SPS: 664
global_step=86015, episodic_return=[165.]
SPS: 664
global_step=86142, episodic_return=[127.]
SPS: 664
SPS: 664
global_step=86289, episodic_return=[147.]
SPS: 664
global_step=86430, episodic_return=[141.]
SPS: 664
global_step=86552, episodic_return=[122.]
SPS: 664
global_step=86689, episodic_return=[137.]
SPS: 664
global_step=86819, episodic_return=[130.]
SPS: 664
global_step=86977, episodic_return=[158.]
SPS: 664
SPS: 664
SPS: 664
SPS: 664
global_step=87477, episodic_return=[500.]
SPS: 664
global_step=87637, episodic_return=[160.]
SPS: 664
global_step=87702, episodic_return=[65.]
SPS: 664
global_step=87872, episodic_return=[170.]
SPS: 664
global_step=88005, episodic_return=[133.]
SPS: 664
global_step=88114, episodic_return=[109.]
SPS: 664
global_step=88300, episodic_return=[186.]
SPS: 664
global_step=88424, episodic_return=[124.]
SPS: 664
global_step=88526, episodic_return=[102.]
SPS: 664
global_step=88693, episodic_return=[167.]
SPS: 664
SPS: 664
global_step=88850, episodic_return=[157.]
SPS: 664
global_step=89006, episodic_return=[156.]
SPS: 664
global_step=89172, episodic_return=[166.]
SPS: 664
global_step=89329, episodic_return=[157.]
SPS: 664
SPS: 664
global_step=89482, episodic_return=[153.]
SPS: 664
global_step=89610, episodic_return=[128.]
SPS: 664
global_step=89750, episodic_return=[140.]
SPS: 664
global_step=89882, episodic_return=[132.]
SPS: 664
global_step=90000, episodic_return=[118.]
SPS: 664
global_step=90149, episodic_return=[149.]
SPS: 664
global_step=90286, episodic_return=[137.]
SPS: 664
global_step=90397, episodic_return=[111.]
SPS: 664
global_step=90512, episodic_return=[115.]
SPS: 664
global_step=90658, episodic_return=[146.]
SPS: 664
global_step=90807, episodic_return=[149.]
SPS: 664
global_step=91008, episodic_return=[201.]
SPS: 664
SPS: 664
global_step=91146, episodic_return=[138.]
SPS: 664
global_step=91276, episodic_return=[130.]
SPS: 664
global_step=91404, episodic_return=[128.]
SPS: 664
global_step=91549, episodic_return=[145.]
SPS: 664
global_step=91674, episodic_return=[125.]
SPS: 664
global_step=91842, episodic_return=[168.]
SPS: 664
SPS: 664
global_step=92042, episodic_return=[200.]
SPS: 664
global_step=92185, episodic_return=[143.]
SPS: 664
global_step=92405, episodic_return=[220.]
SPS: 664
SPS: 664
global_step=92578, episodic_return=[173.]
SPS: 664
global_step=92744, episodic_return=[166.]
SPS: 664
SPS: 664
global_step=92985, episodic_return=[241.]
global_step=93017, episodic_return=[32.]
SPS: 664
global_step=93153, episodic_return=[136.]
SPS: 664
SPS: 664
global_step=93353, episodic_return=[200.]
SPS: 664
global_step=93510, episodic_return=[157.]
SPS: 664
global_step=93691, episodic_return=[181.]
SPS: 664
global_step=93818, episodic_return=[127.]
SPS: 664
SPS: 664
global_step=93967, episodic_return=[149.]
SPS: 664
global_step=94106, episodic_return=[139.]
SPS: 664
global_step=94218, episodic_return=[112.]
global_step=94335, episodic_return=[117.]
SPS: 664
SPS: 664
global_step=94480, episodic_return=[145.]
SPS: 664
global_step=94622, episodic_return=[142.]
SPS: 664
global_step=94804, episodic_return=[182.]
SPS: 664
global_step=94916, episodic_return=[112.]
SPS: 664
global_step=95041, episodic_return=[125.]
global_step=95062, episodic_return=[21.]
SPS: 664
global_step=95210, episodic_return=[148.]
SPS: 664
SPS: 664
global_step=95423, episodic_return=[213.]
SPS: 664
global_step=95529, episodic_return=[106.]
SPS: 664
global_step=95739, episodic_return=[210.]
SPS: 664
SPS: 664
global_step=95911, episodic_return=[172.]
SPS: 664
global_step=96028, episodic_return=[117.]
SPS: 664
global_step=96157, episodic_return=[129.]
SPS: 664
global_step=96286, episodic_return=[129.]
SPS: 664
global_step=96441, episodic_return=[155.]
SPS: 664
global_step=96598, episodic_return=[157.]
SPS: 664
SPS: 664
global_step=96782, episodic_return=[184.]
SPS: 664
global_step=96976, episodic_return=[194.]
SPS: 664
global_step=97101, episodic_return=[125.]
SPS: 664
global_step=97230, episodic_return=[129.]
SPS: 664
global_step=97353, episodic_return=[123.]
SPS: 664
global_step=97506, episodic_return=[153.]
SPS: 664
SPS: 664
global_step=97675, episodic_return=[169.]
SPS: 664
global_step=97815, episodic_return=[140.]
SPS: 664
global_step=97945, episodic_return=[130.]
SPS: 664
global_step=98052, episodic_return=[107.]
global_step=98169, episodic_return=[117.]
SPS: 664
global_step=98293, episodic_return=[124.]
SPS: 664
SPS: 664
global_step=98463, episodic_return=[170.]
SPS: 664
global_step=98645, episodic_return=[182.]
SPS: 664
global_step=98813, episodic_return=[168.]
SPS: 664
SPS: 664
global_step=98974, episodic_return=[161.]
SPS: 664
global_step=99132, episodic_return=[158.]
SPS: 664
SPS: 664
global_step=99351, episodic_return=[219.]
SPS: 664
global_step=99461, episodic_return=[110.]
SPS: 664
global_step=99644, episodic_return=[183.]
SPS: 664
global_step=99760, episodic_return=[116.]
SPS: 664
global_step=99905, episodic_return=[145.]
SPS: 664
Using hyperparameter file ./hps/CleanRL_ppo_defaultdiscrete.yml
[Errno 2] No such file or directory: './CleanRL/results/ppo_CartPole-v1_100000/CleanRL_ppo_defaultdiscrete'
Using initial folder
[/bin/bash] ## Script finished
[/bin/bash] #### Finished Python test. Have a nice day
