[/bin/bash] 583213############################################
[/bin/bash] ## Starting Python Python 3.8.3
[/bin/bash] ## Training using algorithm ppo from framework CleanRL
[/bin/bash] ## On environment CartPole-v1 with 100000 timesteps
[/bin/bash] ## This is repetition 1/3
[/bin/bash] ## This is s2989344 on node011 and this job has the ID 3933237
[/bin/bash] ##############################################
[/bin/bash] ## current working directory: /home/s2989344/Documents/MSc/CleanRL
[/bin/bash] ## current python version: Python 3.8.3
[/bin/bash] ## python from path: /home/s2989344/.conda/envs/CleanRL/bin/python
[/bin/bash] ## list of packages: # packages in environment at /home/s2989344/.conda/envs/CleanRL: # # Name Version Build Channel _libgcc_mutex 0.1 main _openmp_mutex 5.1 1_gnu absl-py 1.4.0 pypi_0 pypi ale-py 0.8.1 pypi_0 pypi appdirs 1.4.4 pypi_0 pypi autorom 0.4.2 pypi_0 pypi autorom-accept-rom-license 0.6.1 pypi_0 pypi ca-certificates 2025.2.25 h06a4308_0 cachetools 5.3.0 pypi_0 pypi certifi 2023.5.7 pypi_0 pypi charset-normalizer 3.1.0 pypi_0 pypi click 8.1.3 pypi_0 pypi cloudpickle 2.2.1 pypi_0 pypi colorama 0.4.4 pypi_0 pypi commonmark 0.9.1 pypi_0 pypi cycler 0.11.0 pypi_0 pypi decorator 4.4.2 pypi_0 pypi docker-pycreds 0.4.0 pypi_0 pypi docstring-parser 0.15 pypi_0 pypi farama-notifications 0.0.4 pypi_0 pypi filelock 3.12.0 pypi_0 pypi fonttools 4.38.0 pypi_0 pypi gitdb 4.0.10 pypi_0 pypi gitpython 3.1.31 pypi_0 pypi glfw 1.12.0 pypi_0 pypi google-auth 2.18.0 pypi_0 pypi google-auth-oauthlib 0.4.6 pypi_0 pypi grpcio 1.54.0 pypi_0 pypi gym 0.23.1 pypi_0 pypi gym-notices 0.0.8 pypi_0 pypi gymnasium 0.28.1 pypi_0 pypi huggingface-hub 0.11.1 pypi_0 pypi idna 3.4 pypi_0 pypi imageio 2.28.1 pypi_0 pypi imageio-ffmpeg 0.3.0 pypi_0 pypi importlib-metadata 5.2.0 pypi_0 pypi importlib-resources 5.12.0 pypi_0 pypi jax-jumpy 1.0.0 pypi_0 pypi kiwisolver 1.4.4 pypi_0 pypi ld_impl_linux-64 2.40 h12ee557_0 libffi 3.3 he6710b0_2 libgcc-ng 11.2.0 h1234567_1 libgomp 11.2.0 h1234567_1 libstdcxx-ng 11.2.0 h1234567_1 markdown 3.3.7 pypi_0 pypi markupsafe 2.1.2 pypi_0 pypi matplotlib 3.5.3 pypi_0 pypi moviepy 1.0.3 pypi_0 pypi mujoco 2.3.3 pypi_0 pypi ncurses 6.4 h6a678d5_0 numpy 1.24.4 pypi_0 pypi oauthlib 3.2.2 pypi_0 pypi opencv-python 4.7.0.72 pypi_0 pypi openssl 1.1.1w h7f8727e_0 packaging 23.1 pypi_0 pypi pandas 1.3.5 pypi_0 pypi pathtools 0.1.2 pypi_0 pypi pillow 9.5.0 pypi_0 pypi pip 24.2 py38h06a4308_0 proglog 0.1.10 pypi_0 pypi protobuf 3.20.3 pypi_0 pypi psutil 5.9.5 pypi_0 pypi pyasn1 0.5.0 pypi_0 pypi pyasn1-modules 0.3.0 pypi_0 pypi pygame 2.1.0 pypi_0 pypi pygments 2.15.1 pypi_0 pypi pyopengl 3.1.6 pypi_0 pypi pyparsing 3.0.9 pypi_0 pypi python 3.8.3 hcff3b4d_2 python-dateutil 2.8.2 pypi_0 pypi pytz 2023.3 pypi_0 pypi pyyaml 6.0.1 pypi_0 pypi readline 8.2 h5eee18b_0 requests 2.30.0 pypi_0 pypi requests-oauthlib 1.3.1 pypi_0 pypi rich 11.2.0 pypi_0 pypi rsa 4.7.2 pypi_0 pypi sentry-sdk 1.22.2 pypi_0 pypi setproctitle 1.3.2 pypi_0 pypi setuptools 67.7.2 pypi_0 pypi shimmy 1.1.0 pypi_0 pypi shtab 1.6.4 pypi_0 pypi six 1.16.0 pypi_0 pypi smmap 5.0.0 pypi_0 pypi sqlite 3.45.3 h5eee18b_0 stable-baselines3 2.0.0 pypi_0 pypi tenacity 8.2.3 pypi_0 pypi tensorboard 2.11.2 pypi_0 pypi tensorboard-data-server 0.6.1 pypi_0 pypi tensorboard-plugin-wit 1.8.1 pypi_0 pypi tk 8.6.14 h39e8969_0 torch 1.12.1 pypi_0 pypi tqdm 4.65.0 pypi_0 pypi typing 3.7.4.3 pypi_0 pypi typing-extensions 4.5.0 pypi_0 pypi tyro 0.5.10 pypi_0 pypi urllib3 1.26.15 pypi_0 pypi wandb 0.13.11 pypi_0 pypi werkzeug 2.2.3 pypi_0 pypi wheel 0.40.0 pypi_0 pypi xz 5.6.4 h5eee18b_1 zipp 3.15.0 pypi_0 pypi zlib 1.2.13 h5eee18b_1
[/bin/bash] ##############################################
[/bin/bash] ## Start run script
/home/s2989344/.conda/envs/CleanRL/lib/python3.8/site-packages/torch/utils/tensorboard/__init__.py:4: DeprecationWarning: distutils Version classes are deprecated. Use packaging.version instead.
  if not hasattr(tensorboard, "__version__") or LooseVersion(
global_step=33, episodic_return=[33.]
global_step=46, episodic_return=[13.]
global_step=61, episodic_return=[15.]
global_step=78, episodic_return=[17.]
global_step=97, episodic_return=[19.]
global_step=119, episodic_return=[22.]
SPS: 471
global_step=134, episodic_return=[15.]
global_step=156, episodic_return=[22.]
global_step=167, episodic_return=[11.]
global_step=184, episodic_return=[17.]
global_step=203, episodic_return=[19.]
global_step=215, episodic_return=[12.]
global_step=230, episodic_return=[15.]
global_step=241, episodic_return=[11.]
SPS: 510
global_step=275, episodic_return=[34.]
global_step=308, episodic_return=[33.]
global_step=326, episodic_return=[18.]
global_step=342, episodic_return=[16.]
global_step=355, episodic_return=[13.]
global_step=366, episodic_return=[11.]
global_step=379, episodic_return=[13.]
SPS: 525
global_step=395, episodic_return=[16.]
global_step=407, episodic_return=[12.]
global_step=424, episodic_return=[17.]
global_step=469, episodic_return=[45.]
global_step=484, episodic_return=[15.]
global_step=503, episodic_return=[19.]
SPS: 538
global_step=517, episodic_return=[14.]
global_step=548, episodic_return=[31.]
global_step=568, episodic_return=[20.]
global_step=592, episodic_return=[24.]
global_step=635, episodic_return=[43.]
SPS: 547
global_step=664, episodic_return=[29.]
global_step=688, episodic_return=[24.]
global_step=751, episodic_return=[63.]
global_step=764, episodic_return=[13.]
SPS: 457
global_step=842, episodic_return=[78.]
global_step=882, episodic_return=[40.]
global_step=895, episodic_return=[13.]
SPS: 472
global_step=912, episodic_return=[17.]
global_step=997, episodic_return=[85.]
SPS: 485
global_step=1093, episodic_return=[96.]
global_step=1104, episodic_return=[11.]
SPS: 497
global_step=1161, episodic_return=[57.]
global_step=1190, episodic_return=[29.]
global_step=1246, episodic_return=[56.]
SPS: 506
global_step=1289, episodic_return=[43.]
global_step=1345, episodic_return=[56.]
global_step=1360, episodic_return=[15.]
SPS: 514
global_step=1414, episodic_return=[54.]
global_step=1475, episodic_return=[61.]
SPS: 521
global_step=1544, episodic_return=[69.]
global_step=1557, episodic_return=[13.]
global_step=1589, episodic_return=[32.]
global_step=1620, episodic_return=[31.]
global_step=1638, episodic_return=[18.]
global_step=1655, episodic_return=[17.]
SPS: 526
global_step=1701, episodic_return=[46.]
global_step=1720, episodic_return=[19.]
global_step=1746, episodic_return=[26.]
global_step=1788, episodic_return=[42.]
SPS: 530
global_step=1827, episodic_return=[39.]
global_step=1898, episodic_return=[71.]
SPS: 535
global_step=1950, episodic_return=[52.]
global_step=1976, episodic_return=[26.]
global_step=2043, episodic_return=[67.]
SPS: 539
global_step=2070, episodic_return=[27.]
global_step=2098, episodic_return=[28.]
global_step=2146, episodic_return=[48.]
global_step=2169, episodic_return=[23.]
SPS: 541
global_step=2255, episodic_return=[86.]
global_step=2284, episodic_return=[29.]
SPS: 544
global_step=2312, episodic_return=[28.]
global_step=2379, episodic_return=[67.]
SPS: 547
global_step=2436, episodic_return=[57.]
global_step=2482, episodic_return=[46.]
SPS: 551
global_step=2579, episodic_return=[97.]
global_step=2594, episodic_return=[15.]
global_step=2684, episodic_return=[90.]
SPS: 553
global_step=2705, episodic_return=[21.]
global_step=2724, episodic_return=[19.]
SPS: 556
global_step=2926, episodic_return=[202.]
SPS: 558
SPS: 560
global_step=3103, episodic_return=[177.]
SPS: 563
global_step=3220, episodic_return=[117.]
global_step=3270, episodic_return=[50.]
SPS: 564
global_step=3344, episodic_return=[74.]
SPS: 565
global_step=3518, episodic_return=[174.]
SPS: 566
global_step=3641, episodic_return=[123.]
SPS: 566
global_step=3764, episodic_return=[123.]
SPS: 567
global_step=3854, episodic_return=[90.]
SPS: 568
global_step=3979, episodic_return=[125.]
SPS: 569
global_step=4106, episodic_return=[127.]
global_step=4204, episodic_return=[98.]
SPS: 570
global_step=4327, episodic_return=[123.]
SPS: 571
global_step=4415, episodic_return=[88.]
global_step=4458, episodic_return=[43.]
SPS: 571
global_step=4544, episodic_return=[86.]
global_step=4582, episodic_return=[38.]
SPS: 572
global_step=4639, episodic_return=[57.]
global_step=4679, episodic_return=[40.]
SPS: 572
global_step=4798, episodic_return=[119.]
global_step=4860, episodic_return=[62.]
SPS: 573
global_step=4938, episodic_return=[78.]
SPS: 573
global_step=5034, episodic_return=[96.]
SPS: 574
global_step=5134, episodic_return=[100.]
SPS: 575
global_step=5318, episodic_return=[184.]
SPS: 575
global_step=5417, episodic_return=[99.]
global_step=5460, episodic_return=[43.]
SPS: 576
global_step=5513, episodic_return=[53.]
SPS: 576
global_step=5649, episodic_return=[136.]
global_step=5711, episodic_return=[62.]
SPS: 576
global_step=5871, episodic_return=[160.]
SPS: 577
global_step=5951, episodic_return=[80.]
SPS: 577
global_step=6124, episodic_return=[173.]
SPS: 578
global_step=6220, episodic_return=[96.]
SPS: 578
global_step=6390, episodic_return=[170.]
SPS: 579
global_step=6410, episodic_return=[20.]
global_step=6497, episodic_return=[87.]
SPS: 580
global_step=6629, episodic_return=[132.]
SPS: 580
SPS: 581
global_step=6896, episodic_return=[267.]
SPS: 582
SPS: 582
global_step=7096, episodic_return=[200.]
SPS: 583
SPS: 584
global_step=7297, episodic_return=[201.]
global_step=7398, episodic_return=[101.]
SPS: 584
global_step=7517, episodic_return=[119.]
SPS: 585
SPS: 585
global_step=7697, episodic_return=[180.]
SPS: 586
global_step=7842, episodic_return=[145.]
SPS: 586
global_step=8001, episodic_return=[159.]
SPS: 587
global_step=8128, episodic_return=[127.]
SPS: 587
global_step=8308, episodic_return=[180.]
SPS: 588
global_step=8414, episodic_return=[106.]
SPS: 588
SPS: 589
global_step=8589, episodic_return=[175.]
global_step=8658, episodic_return=[69.]
SPS: 589
global_step=8784, episodic_return=[126.]
SPS: 589
global_step=8889, episodic_return=[105.]
SPS: 590
SPS: 590
global_step=9142, episodic_return=[253.]
SPS: 590
SPS: 591
global_step=9366, episodic_return=[224.]
global_step=9471, episodic_return=[105.]
SPS: 591
global_step=9559, episodic_return=[88.]
SPS: 591
SPS: 592
SPS: 592
global_step=9964, episodic_return=[405.]
SPS: 592
SPS: 593
global_step=10141, episodic_return=[177.]
SPS: 593
global_step=10253, episodic_return=[112.]
SPS: 593
global_step=10448, episodic_return=[195.]
SPS: 594
global_step=10622, episodic_return=[174.]
SPS: 594
global_step=10687, episodic_return=[65.]
SPS: 594
global_step=10815, episodic_return=[128.]
SPS: 594
global_step=10982, episodic_return=[167.]
SPS: 595
global_step=11097, episodic_return=[115.]
SPS: 595
global_step=11173, episodic_return=[76.]
SPS: 595
global_step=11319, episodic_return=[146.]
SPS: 595
global_step=11406, episodic_return=[87.]
SPS: 596
global_step=11536, episodic_return=[130.]
SPS: 596
global_step=11670, episodic_return=[134.]
SPS: 596
global_step=11799, episodic_return=[129.]
SPS: 596
SPS: 597
global_step=12054, episodic_return=[255.]
global_step=12153, episodic_return=[99.]
SPS: 597
global_step=12282, episodic_return=[129.]
SPS: 597
SPS: 597
global_step=12418, episodic_return=[136.]
global_step=12537, episodic_return=[119.]
SPS: 597
SPS: 598
global_step=12726, episodic_return=[189.]
SPS: 598
global_step=12846, episodic_return=[120.]
SPS: 598
global_step=13000, episodic_return=[154.]
SPS: 598
SPS: 599
global_step=13298, episodic_return=[298.]
SPS: 599
global_step=13403, episodic_return=[105.]
SPS: 599
global_step=13518, episodic_return=[115.]
SPS: 599
global_step=13685, episodic_return=[167.]
SPS: 599
global_step=13821, episodic_return=[136.]
SPS: 599
global_step=13941, episodic_return=[120.]
SPS: 600
SPS: 600
global_step=14126, episodic_return=[185.]
SPS: 600
global_step=14254, episodic_return=[128.]
SPS: 600
global_step=14344, episodic_return=[90.]
SPS: 600
global_step=14524, episodic_return=[180.]
SPS: 601
global_step=14674, episodic_return=[150.]
SPS: 601
global_step=14800, episodic_return=[126.]
SPS: 601
global_step=14934, episodic_return=[134.]
global_step=14964, episodic_return=[30.]
SPS: 601
global_step=15019, episodic_return=[55.]
global_step=15095, episodic_return=[76.]
SPS: 601
global_step=15231, episodic_return=[136.]
SPS: 601
global_step=15311, episodic_return=[80.]
SPS: 601
global_step=15409, episodic_return=[98.]
SPS: 602
global_step=15606, episodic_return=[197.]
SPS: 602
global_step=15714, episodic_return=[108.]
SPS: 602
global_step=15831, episodic_return=[117.]
SPS: 602
global_step=15956, episodic_return=[125.]
SPS: 602
SPS: 602
global_step=16192, episodic_return=[236.]
SPS: 602
global_step=16346, episodic_return=[154.]
SPS: 603
global_step=16500, episodic_return=[154.]
SPS: 603
SPS: 603
global_step=16689, episodic_return=[189.]
SPS: 603
global_step=16852, episodic_return=[163.]
SPS: 603
global_step=16903, episodic_return=[51.]
SPS: 603
global_step=17146, episodic_return=[243.]
SPS: 603
SPS: 603
SPS: 604
global_step=17425, episodic_return=[279.]
SPS: 604
global_step=17634, episodic_return=[209.]
SPS: 604
SPS: 604
SPS: 604
global_step=17991, episodic_return=[357.]
SPS: 604
global_step=18078, episodic_return=[87.]
SPS: 604
global_step=18258, episodic_return=[180.]
SPS: 604
global_step=18322, episodic_return=[64.]
SPS: 604
global_step=18495, episodic_return=[173.]
SPS: 605
global_step=18635, episodic_return=[140.]
SPS: 605
global_step=18762, episodic_return=[127.]
SPS: 605
SPS: 605
global_step=18995, episodic_return=[233.]
SPS: 605
global_step=19089, episodic_return=[94.]
SPS: 605
global_step=19237, episodic_return=[148.]
SPS: 605
global_step=19399, episodic_return=[162.]
SPS: 605
global_step=19560, episodic_return=[161.]
SPS: 605
global_step=19708, episodic_return=[148.]
SPS: 605
global_step=19795, episodic_return=[87.]
global_step=19836, episodic_return=[41.]
SPS: 605
global_step=19890, episodic_return=[54.]
SPS: 605
global_step=20094, episodic_return=[204.]
SPS: 605
global_step=20214, episodic_return=[120.]
SPS: 605
SPS: 605
global_step=20384, episodic_return=[170.]
global_step=20442, episodic_return=[58.]
SPS: 605
global_step=20549, episodic_return=[107.]
SPS: 605
global_step=20614, episodic_return=[65.]
SPS: 605
global_step=20833, episodic_return=[219.]
SPS: 605
global_step=20945, episodic_return=[112.]
SPS: 606
SPS: 606
global_step=21130, episodic_return=[185.]
global_step=21181, episodic_return=[51.]
global_step=21221, episodic_return=[40.]
SPS: 606
global_step=21289, episodic_return=[68.]
global_step=21336, episodic_return=[47.]
SPS: 606
global_step=21405, episodic_return=[69.]
global_step=21445, episodic_return=[40.]
SPS: 606
global_step=21537, episodic_return=[92.]
SPS: 606
global_step=21692, episodic_return=[155.]
global_step=21748, episodic_return=[56.]
SPS: 606
global_step=21848, episodic_return=[100.]
SPS: 606
global_step=21927, episodic_return=[79.]
global_step=21975, episodic_return=[48.]
SPS: 606
global_step=22077, episodic_return=[102.]
SPS: 606
global_step=22151, episodic_return=[74.]
global_step=22194, episodic_return=[43.]
global_step=22255, episodic_return=[61.]
SPS: 606
global_step=22343, episodic_return=[88.]
SPS: 606
global_step=22436, episodic_return=[93.]
global_step=22475, episodic_return=[39.]
SPS: 606
global_step=22576, episodic_return=[101.]
SPS: 606
global_step=22710, episodic_return=[134.]
SPS: 606
global_step=22895, episodic_return=[185.]
SPS: 606
global_step=22975, episodic_return=[80.]
SPS: 606
global_step=23084, episodic_return=[109.]
global_step=23137, episodic_return=[53.]
SPS: 606
global_step=23180, episodic_return=[43.]
SPS: 606
global_step=23322, episodic_return=[142.]
SPS: 607
global_step=23478, episodic_return=[156.]
SPS: 607
global_step=23596, episodic_return=[118.]
SPS: 607
global_step=23733, episodic_return=[137.]
SPS: 607
SPS: 607
global_step=23955, episodic_return=[222.]
SPS: 607
global_step=24078, episodic_return=[123.]
global_step=24175, episodic_return=[97.]
SPS: 607
global_step=24237, episodic_return=[62.]
SPS: 607
global_step=24329, episodic_return=[92.]
SPS: 607
global_step=24570, episodic_return=[241.]
SPS: 607
global_step=24671, episodic_return=[101.]
SPS: 607
global_step=24798, episodic_return=[127.]
SPS: 607
SPS: 607
global_step=24987, episodic_return=[189.]
global_step=25004, episodic_return=[17.]
SPS: 607
global_step=25162, episodic_return=[158.]
SPS: 607
SPS: 607
SPS: 608
global_step=25531, episodic_return=[369.]
SPS: 608
SPS: 608
SPS: 608
SPS: 608
global_step=26031, episodic_return=[500.]
SPS: 608
global_step=26223, episodic_return=[192.]
SPS: 608
global_step=26332, episodic_return=[109.]
SPS: 608
SPS: 608
global_step=26507, episodic_return=[175.]
SPS: 608
global_step=26707, episodic_return=[200.]
SPS: 608
global_step=26859, episodic_return=[152.]
SPS: 608
SPS: 608
SPS: 609
global_step=27204, episodic_return=[345.]
SPS: 609
global_step=27326, episodic_return=[122.]
SPS: 609
global_step=27448, episodic_return=[122.]
SPS: 609
global_step=27549, episodic_return=[101.]
SPS: 609
global_step=27725, episodic_return=[176.]
SPS: 609
global_step=27796, episodic_return=[71.]
global_step=27881, episodic_return=[85.]
SPS: 609
global_step=28019, episodic_return=[138.]
SPS: 609
global_step=28108, episodic_return=[89.]
SPS: 609
global_step=28211, episodic_return=[103.]
SPS: 609
global_step=28318, episodic_return=[107.]
SPS: 609
global_step=28467, episodic_return=[149.]
global_step=28507, episodic_return=[40.]
SPS: 609
global_step=28611, episodic_return=[104.]
SPS: 609
global_step=28779, episodic_return=[168.]
SPS: 609
SPS: 609
SPS: 609
global_step=29161, episodic_return=[382.]
SPS: 609
global_step=29213, episodic_return=[52.]
global_step=29298, episodic_return=[85.]
SPS: 609
global_step=29345, episodic_return=[47.]
global_step=29423, episodic_return=[78.]
SPS: 609
global_step=29503, episodic_return=[80.]
SPS: 609
global_step=29676, episodic_return=[173.]
SPS: 609
global_step=29761, episodic_return=[85.]
SPS: 610
global_step=29869, episodic_return=[108.]
SPS: 610
global_step=30056, episodic_return=[187.]
SPS: 610
global_step=30185, episodic_return=[129.]
SPS: 610
global_step=30242, episodic_return=[57.]
SPS: 610
global_step=30454, episodic_return=[212.]
SPS: 610
SPS: 610
global_step=30625, episodic_return=[171.]
SPS: 610
SPS: 610
global_step=30876, episodic_return=[251.]
SPS: 610
global_step=30998, episodic_return=[122.]
SPS: 610
global_step=31152, episodic_return=[154.]
global_step=31225, episodic_return=[73.]
SPS: 610
SPS: 610
global_step=31381, episodic_return=[156.]
SPS: 610
global_step=31503, episodic_return=[122.]
global_step=31612, episodic_return=[109.]
SPS: 610
SPS: 610
global_step=31753, episodic_return=[141.]
SPS: 610
global_step=31884, episodic_return=[131.]
SPS: 610
global_step=32007, episodic_return=[123.]
SPS: 610
global_step=32144, episodic_return=[137.]
SPS: 610
global_step=32261, episodic_return=[117.]
global_step=32376, episodic_return=[115.]
SPS: 610
SPS: 610
global_step=32626, episodic_return=[250.]
SPS: 610
SPS: 610
global_step=32795, episodic_return=[169.]
global_step=32842, episodic_return=[47.]
SPS: 610
global_step=32992, episodic_return=[150.]
SPS: 610
global_step=33115, episodic_return=[123.]
SPS: 610
global_step=33248, episodic_return=[133.]
SPS: 610
SPS: 611
global_step=33422, episodic_return=[174.]
global_step=33496, episodic_return=[74.]
SPS: 611
global_step=33582, episodic_return=[86.]
SPS: 611
global_step=33696, episodic_return=[114.]
SPS: 611
global_step=33823, episodic_return=[127.]
global_step=33901, episodic_return=[78.]
SPS: 611
global_step=34029, episodic_return=[128.]
SPS: 611
global_step=34170, episodic_return=[141.]
SPS: 611
SPS: 611
global_step=34315, episodic_return=[145.]
SPS: 611
global_step=34479, episodic_return=[164.]
SPS: 611
SPS: 611
global_step=34726, episodic_return=[247.]
SPS: 611
global_step=34884, episodic_return=[158.]
SPS: 611
SPS: 611
global_step=35088, episodic_return=[204.]
SPS: 611
global_step=35202, episodic_return=[114.]
SPS: 611
global_step=35379, episodic_return=[177.]
SPS: 611
global_step=35515, episodic_return=[136.]
SPS: 611
global_step=35656, episodic_return=[141.]
SPS: 611
global_step=35793, episodic_return=[137.]
SPS: 611
SPS: 611
global_step=35982, episodic_return=[189.]
SPS: 611
SPS: 611
global_step=36251, episodic_return=[269.]
SPS: 611
global_step=36448, episodic_return=[197.]
SPS: 611
SPS: 611
global_step=36612, episodic_return=[164.]
SPS: 611
global_step=36810, episodic_return=[198.]
SPS: 611
SPS: 611
global_step=37087, episodic_return=[277.]
SPS: 611
SPS: 611
global_step=37322, episodic_return=[235.]
SPS: 611
global_step=37442, episodic_return=[120.]
SPS: 611
global_step=37573, episodic_return=[131.]
SPS: 611
global_step=37683, episodic_return=[110.]
SPS: 611
global_step=37820, episodic_return=[137.]
SPS: 611
global_step=37976, episodic_return=[156.]
SPS: 611
SPS: 611
global_step=38172, episodic_return=[196.]
SPS: 611
global_step=38307, episodic_return=[135.]
SPS: 611
global_step=38429, episodic_return=[122.]
SPS: 611
global_step=38583, episodic_return=[154.]
SPS: 611
SPS: 611
global_step=38798, episodic_return=[215.]
SPS: 612
global_step=39012, episodic_return=[214.]
SPS: 609
SPS: 609
SPS: 609
global_step=39298, episodic_return=[286.]
SPS: 609
SPS: 609
global_step=39666, episodic_return=[368.]
SPS: 610
SPS: 610
SPS: 610
global_step=39987, episodic_return=[321.]
SPS: 610
SPS: 610
SPS: 610
SPS: 610
global_step=40487, episodic_return=[500.]
SPS: 610
SPS: 610
global_step=40728, episodic_return=[241.]
SPS: 610
SPS: 610
SPS: 610
global_step=41196, episodic_return=[468.]
SPS: 610
SPS: 610
global_step=41463, episodic_return=[267.]
SPS: 610
SPS: 610
SPS: 610
global_step=41800, episodic_return=[337.]
SPS: 610
SPS: 610
global_step=42066, episodic_return=[266.]
SPS: 610
SPS: 610
global_step=42260, episodic_return=[194.]
SPS: 610
SPS: 610
SPS: 610
SPS: 610
global_step=42760, episodic_return=[500.]
SPS: 610
SPS: 610
global_step=43126, episodic_return=[366.]
SPS: 610
SPS: 610
SPS: 610
SPS: 610
global_step=43557, episodic_return=[431.]
SPS: 610
global_step=43711, episodic_return=[154.]
SPS: 610
SPS: 611
SPS: 611
global_step=44073, episodic_return=[362.]
SPS: 611
SPS: 611
global_step=44393, episodic_return=[320.]
SPS: 611
SPS: 611
SPS: 611
global_step=44783, episodic_return=[390.]
SPS: 611
SPS: 611
global_step=45045, episodic_return=[262.]
SPS: 611
SPS: 611
SPS: 611
global_step=45389, episodic_return=[344.]
SPS: 611
SPS: 611
global_step=45645, episodic_return=[256.]
SPS: 611
SPS: 611
global_step=45826, episodic_return=[181.]
SPS: 611
global_step=46038, episodic_return=[212.]
SPS: 611
SPS: 611
global_step=46223, episodic_return=[185.]
SPS: 611
global_step=46340, episodic_return=[117.]
global_step=46458, episodic_return=[118.]
SPS: 611
global_step=46587, episodic_return=[129.]
SPS: 611
SPS: 611
global_step=46760, episodic_return=[173.]
SPS: 611
global_step=46942, episodic_return=[182.]
SPS: 611
SPS: 611
global_step=47149, episodic_return=[207.]
SPS: 611
global_step=47282, episodic_return=[133.]
SPS: 611
global_step=47449, episodic_return=[167.]
SPS: 611
global_step=47546, episodic_return=[97.]
global_step=47599, episodic_return=[53.]
SPS: 611
SPS: 611
global_step=47749, episodic_return=[150.]
global_step=47790, episodic_return=[41.]
SPS: 611
global_step=47887, episodic_return=[97.]
SPS: 611
global_step=48007, episodic_return=[120.]
SPS: 611
global_step=48151, episodic_return=[144.]
global_step=48206, episodic_return=[55.]
SPS: 611
global_step=48327, episodic_return=[121.]
SPS: 611
global_step=48406, episodic_return=[79.]
global_step=48512, episodic_return=[106.]
SPS: 611
SPS: 611
global_step=48684, episodic_return=[172.]
SPS: 611
global_step=48786, episodic_return=[102.]
global_step=48842, episodic_return=[56.]
SPS: 611
global_step=48989, episodic_return=[147.]
SPS: 612
global_step=49100, episodic_return=[111.]
SPS: 612
global_step=49178, episodic_return=[78.]
SPS: 612
global_step=49286, episodic_return=[108.]
global_step=49339, episodic_return=[53.]
SPS: 612
global_step=49469, episodic_return=[130.]
SPS: 612
global_step=49583, episodic_return=[114.]
SPS: 612
global_step=49714, episodic_return=[131.]
SPS: 612
global_step=49902, episodic_return=[188.]
SPS: 612
global_step=50048, episodic_return=[146.]
SPS: 612
SPS: 612
global_step=50194, episodic_return=[146.]
SPS: 612
global_step=50369, episodic_return=[175.]
SPS: 612
global_step=50530, episodic_return=[161.]
SPS: 612
global_step=50653, episodic_return=[123.]
SPS: 612
SPS: 612
global_step=50896, episodic_return=[243.]
SPS: 612
global_step=50990, episodic_return=[94.]
SPS: 612
SPS: 612
global_step=51208, episodic_return=[218.]
SPS: 612
global_step=51377, episodic_return=[169.]
SPS: 612
global_step=51537, episodic_return=[160.]
SPS: 612
global_step=51696, episodic_return=[159.]
SPS: 612
SPS: 612
SPS: 612
global_step=51972, episodic_return=[276.]
SPS: 612
global_step=52135, episodic_return=[163.]
SPS: 612
global_step=52260, episodic_return=[125.]
SPS: 612
global_step=52362, episodic_return=[102.]
SPS: 612
global_step=52605, episodic_return=[243.]
SPS: 612
SPS: 612
global_step=52833, episodic_return=[228.]
SPS: 612
global_step=52984, episodic_return=[151.]
SPS: 612
global_step=53052, episodic_return=[68.]
SPS: 612
global_step=53205, episodic_return=[153.]
SPS: 612
global_step=53257, episodic_return=[52.]
SPS: 612
global_step=53402, episodic_return=[145.]
SPS: 612
global_step=53545, episodic_return=[143.]
SPS: 612
SPS: 612
global_step=53790, episodic_return=[245.]
SPS: 612
global_step=53934, episodic_return=[144.]
SPS: 612
global_step=54116, episodic_return=[182.]
SPS: 612
global_step=54227, episodic_return=[111.]
SPS: 612
SPS: 612
global_step=54448, episodic_return=[221.]
SPS: 612
global_step=54577, episodic_return=[129.]
SPS: 612
SPS: 612
global_step=54850, episodic_return=[273.]
SPS: 612
global_step=54997, episodic_return=[147.]
SPS: 612
SPS: 612
global_step=55197, episodic_return=[200.]
SPS: 612
SPS: 612
SPS: 612
global_step=55566, episodic_return=[369.]
SPS: 612
global_step=55702, episodic_return=[136.]
global_step=55744, episodic_return=[42.]
SPS: 612
SPS: 612
global_step=55950, episodic_return=[206.]
SPS: 612
global_step=56089, episodic_return=[139.]
SPS: 612
global_step=56291, episodic_return=[202.]
SPS: 612
global_step=56357, episodic_return=[66.]
SPS: 612
global_step=56493, episodic_return=[136.]
SPS: 612
global_step=56609, episodic_return=[116.]
SPS: 612
global_step=56755, episodic_return=[146.]
SPS: 613
global_step=56882, episodic_return=[127.]
global_step=56933, episodic_return=[51.]
SPS: 613
global_step=57043, episodic_return=[110.]
SPS: 613
global_step=57153, episodic_return=[110.]
SPS: 613
global_step=57261, episodic_return=[108.]
global_step=57311, episodic_return=[50.]
SPS: 613
SPS: 613
global_step=57487, episodic_return=[176.]
SPS: 613
global_step=57601, episodic_return=[114.]
global_step=57685, episodic_return=[84.]
SPS: 613
global_step=57815, episodic_return=[130.]
SPS: 613
global_step=57876, episodic_return=[61.]
SPS: 613
global_step=58058, episodic_return=[182.]
SPS: 613
global_step=58192, episodic_return=[134.]
SPS: 613
global_step=58343, episodic_return=[151.]
SPS: 613
global_step=58421, episodic_return=[78.]
SPS: 613
global_step=58555, episodic_return=[134.]
SPS: 613
global_step=58717, episodic_return=[162.]
SPS: 613
global_step=58806, episodic_return=[89.]
SPS: 613
global_step=58963, episodic_return=[157.]
global_step=58993, episodic_return=[30.]
SPS: 613
SPS: 613
global_step=59169, episodic_return=[176.]
SPS: 613
global_step=59342, episodic_return=[173.]
SPS: 613
global_step=59424, episodic_return=[82.]
global_step=59468, episodic_return=[44.]
SPS: 612
global_step=59575, episodic_return=[107.]
SPS: 612
SPS: 612
global_step=59798, episodic_return=[223.]
SPS: 612
global_step=59981, episodic_return=[183.]
SPS: 612
SPS: 612
global_step=60176, episodic_return=[195.]
SPS: 612
SPS: 612
global_step=60489, episodic_return=[313.]
SPS: 612
SPS: 612
global_step=60734, episodic_return=[245.]
SPS: 612
SPS: 612
global_step=61052, episodic_return=[318.]
SPS: 612
SPS: 612
global_step=61305, episodic_return=[253.]
SPS: 612
SPS: 612
SPS: 612
global_step=61643, episodic_return=[338.]
SPS: 613
SPS: 613
global_step=61900, episodic_return=[257.]
SPS: 613
SPS: 613
global_step=62192, episodic_return=[292.]
SPS: 613
SPS: 613
global_step=62409, episodic_return=[217.]
SPS: 613
SPS: 613
global_step=62600, episodic_return=[191.]
SPS: 613
global_step=62729, episodic_return=[129.]
SPS: 613
global_step=62941, episodic_return=[212.]
SPS: 613
global_step=63102, episodic_return=[161.]
SPS: 613
SPS: 613
SPS: 613
SPS: 613
global_step=63509, episodic_return=[407.]
SPS: 613
SPS: 613
SPS: 613
global_step=63957, episodic_return=[448.]
SPS: 613
global_step=64123, episodic_return=[166.]
SPS: 613
SPS: 613
SPS: 613
global_step=64487, episodic_return=[364.]
SPS: 613
SPS: 613
SPS: 613
SPS: 613
global_step=64987, episodic_return=[500.]
SPS: 613
SPS: 613
SPS: 613
global_step=65357, episodic_return=[370.]
SPS: 613
SPS: 613
SPS: 613
global_step=65685, episodic_return=[328.]
global_step=65791, episodic_return=[106.]
SPS: 613
SPS: 613
global_step=65946, episodic_return=[155.]
SPS: 613
global_step=66150, episodic_return=[204.]
SPS: 613
SPS: 613
global_step=66310, episodic_return=[160.]
SPS: 613
SPS: 613
global_step=66569, episodic_return=[259.]
SPS: 613
global_step=66780, episodic_return=[211.]
SPS: 613
SPS: 613
global_step=67061, episodic_return=[281.]
SPS: 613
SPS: 613
global_step=67233, episodic_return=[172.]
SPS: 613
SPS: 613
global_step=67505, episodic_return=[272.]
SPS: 613
global_step=67690, episodic_return=[185.]
SPS: 613
SPS: 613
global_step=67924, episodic_return=[234.]
SPS: 613
SPS: 613
global_step=68215, episodic_return=[291.]
SPS: 613
SPS: 613
global_step=68459, episodic_return=[244.]
SPS: 613
SPS: 613
global_step=68691, episodic_return=[232.]
SPS: 613
SPS: 613
SPS: 613
global_step=68997, episodic_return=[306.]
SPS: 613
global_step=69136, episodic_return=[139.]
SPS: 613
global_step=69307, episodic_return=[171.]
SPS: 613
SPS: 613
SPS: 613
SPS: 613
global_step=69804, episodic_return=[497.]
SPS: 613
SPS: 613
SPS: 614
global_step=70157, episodic_return=[353.]
SPS: 614
SPS: 614
SPS: 614
SPS: 614
global_step=70657, episodic_return=[500.]
SPS: 614
SPS: 614
SPS: 614
global_step=71157, episodic_return=[500.]
SPS: 614
SPS: 614
global_step=71368, episodic_return=[211.]
SPS: 614
SPS: 614
SPS: 614
SPS: 614
global_step=71861, episodic_return=[493.]
SPS: 614
SPS: 614
SPS: 614
global_step=72303, episodic_return=[442.]
SPS: 614
SPS: 614
global_step=72514, episodic_return=[211.]
SPS: 614
SPS: 614
global_step=72706, episodic_return=[192.]
SPS: 614
SPS: 614
global_step=72991, episodic_return=[285.]
SPS: 614
SPS: 614
global_step=73295, episodic_return=[304.]
SPS: 614
SPS: 614
global_step=73530, episodic_return=[235.]
SPS: 614
SPS: 614
SPS: 614
global_step=73935, episodic_return=[405.]
SPS: 614
SPS: 614
SPS: 614
global_step=74332, episodic_return=[397.]
SPS: 614
SPS: 614
global_step=74535, episodic_return=[203.]
SPS: 614
global_step=74695, episodic_return=[160.]
SPS: 614
global_step=74851, episodic_return=[156.]
SPS: 614
SPS: 614
global_step=75068, episodic_return=[217.]
SPS: 614
SPS: 614
global_step=75375, episodic_return=[307.]
SPS: 614
SPS: 614
global_step=75597, episodic_return=[222.]
SPS: 614
SPS: 614
global_step=75811, episodic_return=[214.]
SPS: 614
global_step=75936, episodic_return=[125.]
SPS: 614
global_step=76107, episodic_return=[171.]
SPS: 614
SPS: 614
global_step=76294, episodic_return=[187.]
SPS: 614
global_step=76494, episodic_return=[200.]
SPS: 614
global_step=76629, episodic_return=[135.]
SPS: 614
global_step=76784, episodic_return=[155.]
SPS: 614
SPS: 614
global_step=76939, episodic_return=[155.]
SPS: 614
global_step=77062, episodic_return=[123.]
SPS: 614
global_step=77192, episodic_return=[130.]
SPS: 614
global_step=77318, episodic_return=[126.]
SPS: 614
global_step=77465, episodic_return=[147.]
SPS: 614
global_step=77618, episodic_return=[153.]
SPS: 614
global_step=77799, episodic_return=[181.]
SPS: 614
global_step=77934, episodic_return=[135.]
SPS: 614
global_step=78079, episodic_return=[145.]
SPS: 614
SPS: 614
global_step=78295, episodic_return=[216.]
SPS: 614
SPS: 614
global_step=78465, episodic_return=[170.]
SPS: 614
global_step=78611, episodic_return=[146.]
SPS: 614
global_step=78727, episodic_return=[116.]
global_step=78787, episodic_return=[60.]
SPS: 614
global_step=78896, episodic_return=[109.]
SPS: 614
global_step=79050, episodic_return=[154.]
SPS: 614
global_step=79162, episodic_return=[112.]
SPS: 614
global_step=79304, episodic_return=[142.]
SPS: 614
global_step=79396, episodic_return=[92.]
SPS: 614
global_step=79515, episodic_return=[119.]
SPS: 614
global_step=79617, episodic_return=[102.]
SPS: 614
global_step=79751, episodic_return=[134.]
global_step=79850, episodic_return=[99.]
SPS: 614
global_step=79972, episodic_return=[122.]
SPS: 614
SPS: 614
global_step=80155, episodic_return=[183.]
SPS: 614
global_step=80321, episodic_return=[166.]
SPS: 614
SPS: 614
global_step=80528, episodic_return=[207.]
SPS: 614
global_step=80651, episodic_return=[123.]
SPS: 614
global_step=80783, episodic_return=[132.]
SPS: 614
global_step=80918, episodic_return=[135.]
SPS: 614
global_step=81083, episodic_return=[165.]
SPS: 614
global_step=81196, episodic_return=[113.]
SPS: 614
global_step=81318, episodic_return=[122.]
SPS: 614
global_step=81475, episodic_return=[157.]
SPS: 614
global_step=81617, episodic_return=[142.]
SPS: 614
global_step=81746, episodic_return=[129.]
SPS: 614
global_step=81864, episodic_return=[118.]
SPS: 614
global_step=82017, episodic_return=[153.]
SPS: 614
global_step=82158, episodic_return=[141.]
SPS: 614
SPS: 614
global_step=82326, episodic_return=[168.]
SPS: 614
global_step=82467, episodic_return=[141.]
SPS: 614
global_step=82581, episodic_return=[114.]
SPS: 614
global_step=82693, episodic_return=[112.]
SPS: 614
global_step=82851, episodic_return=[158.]
SPS: 614
global_step=83025, episodic_return=[174.]
SPS: 614
global_step=83147, episodic_return=[122.]
SPS: 614
global_step=83278, episodic_return=[131.]
SPS: 614
global_step=83427, episodic_return=[149.]
SPS: 614
global_step=83546, episodic_return=[119.]
SPS: 614
SPS: 614
global_step=83738, episodic_return=[192.]
SPS: 614
global_step=83909, episodic_return=[171.]
SPS: 614
global_step=84000, episodic_return=[91.]
SPS: 614
global_step=84118, episodic_return=[118.]
SPS: 614
global_step=84267, episodic_return=[149.]
SPS: 614
global_step=84374, episodic_return=[107.]
SPS: 614
global_step=84528, episodic_return=[154.]
SPS: 614
global_step=84704, episodic_return=[176.]
SPS: 614
SPS: 614
global_step=84889, episodic_return=[185.]
SPS: 614
global_step=85039, episodic_return=[150.]
SPS: 614
global_step=85168, episodic_return=[129.]
SPS: 614
global_step=85325, episodic_return=[157.]
SPS: 614
global_step=85453, episodic_return=[128.]
SPS: 614
global_step=85593, episodic_return=[140.]
SPS: 614
global_step=85705, episodic_return=[112.]
SPS: 614
global_step=85837, episodic_return=[132.]
SPS: 614
global_step=85947, episodic_return=[110.]
SPS: 614
global_step=86059, episodic_return=[112.]
SPS: 614
global_step=86211, episodic_return=[152.]
SPS: 614
global_step=86362, episodic_return=[151.]
SPS: 614
SPS: 615
global_step=86542, episodic_return=[180.]
global_step=86610, episodic_return=[68.]
SPS: 615
global_step=86743, episodic_return=[133.]
SPS: 615
global_step=86855, episodic_return=[112.]
SPS: 615
global_step=87004, episodic_return=[149.]
SPS: 615
global_step=87139, episodic_return=[135.]
SPS: 615
global_step=87232, episodic_return=[93.]
SPS: 615
global_step=87357, episodic_return=[125.]
SPS: 615
global_step=87469, episodic_return=[112.]
SPS: 615
global_step=87627, episodic_return=[158.]
SPS: 615
global_step=87753, episodic_return=[126.]
SPS: 615
global_step=87924, episodic_return=[171.]
SPS: 615
global_step=88054, episodic_return=[130.]
SPS: 615
global_step=88171, episodic_return=[117.]
SPS: 615
global_step=88289, episodic_return=[118.]
SPS: 615
global_step=88396, episodic_return=[107.]
SPS: 615
global_step=88518, episodic_return=[122.]
SPS: 615
global_step=88668, episodic_return=[150.]
SPS: 615
SPS: 615
global_step=88839, episodic_return=[171.]
global_step=88952, episodic_return=[113.]
SPS: 615
global_step=89042, episodic_return=[90.]
SPS: 615
global_step=89153, episodic_return=[111.]
SPS: 615
global_step=89281, episodic_return=[128.]
SPS: 615
global_step=89442, episodic_return=[161.]
SPS: 615
global_step=89565, episodic_return=[123.]
SPS: 615
global_step=89715, episodic_return=[150.]
SPS: 615
global_step=89776, episodic_return=[61.]
SPS: 615
global_step=89906, episodic_return=[130.]
SPS: 615
global_step=90071, episodic_return=[165.]
SPS: 615
global_step=90208, episodic_return=[137.]
SPS: 615
global_step=90368, episodic_return=[160.]
SPS: 615
global_step=90431, episodic_return=[63.]
SPS: 615
global_step=90546, episodic_return=[115.]
SPS: 615
global_step=90680, episodic_return=[134.]
SPS: 615
global_step=90757, episodic_return=[77.]
global_step=90876, episodic_return=[119.]
SPS: 615
global_step=91001, episodic_return=[125.]
SPS: 615
SPS: 615
global_step=91224, episodic_return=[223.]
SPS: 615
global_step=91367, episodic_return=[143.]
SPS: 615
SPS: 615
global_step=91600, episodic_return=[233.]
SPS: 615
SPS: 615
global_step=91797, episodic_return=[197.]
SPS: 615
global_step=91928, episodic_return=[131.]
SPS: 615
global_step=92056, episodic_return=[128.]
SPS: 615
global_step=92182, episodic_return=[126.]
SPS: 615
global_step=92335, episodic_return=[153.]
SPS: 615
global_step=92469, episodic_return=[134.]
SPS: 615
global_step=92609, episodic_return=[140.]
SPS: 615
global_step=92740, episodic_return=[131.]
SPS: 615
global_step=92853, episodic_return=[113.]
SPS: 615
global_step=92995, episodic_return=[142.]
global_step=93051, episodic_return=[56.]
SPS: 615
SPS: 615
global_step=93217, episodic_return=[166.]
SPS: 615
global_step=93379, episodic_return=[162.]
SPS: 615
global_step=93494, episodic_return=[115.]
SPS: 615
global_step=93608, episodic_return=[114.]
SPS: 615
global_step=93776, episodic_return=[168.]
SPS: 615
global_step=93890, episodic_return=[114.]
SPS: 615
global_step=93998, episodic_return=[108.]
SPS: 615
global_step=94150, episodic_return=[152.]
SPS: 615
global_step=94274, episodic_return=[124.]
SPS: 615
global_step=94427, episodic_return=[153.]
SPS: 615
global_step=94536, episodic_return=[109.]
SPS: 615
global_step=94663, episodic_return=[127.]
SPS: 615
global_step=94798, episodic_return=[135.]
SPS: 615
global_step=94947, episodic_return=[149.]
SPS: 615
SPS: 615
global_step=95114, episodic_return=[167.]
SPS: 615
global_step=95301, episodic_return=[187.]
global_step=95353, episodic_return=[52.]
SPS: 615
SPS: 615
global_step=95498, episodic_return=[145.]
SPS: 615
global_step=95698, episodic_return=[200.]
SPS: 615
global_step=95814, episodic_return=[116.]
SPS: 615
global_step=95944, episodic_return=[130.]
SPS: 615
global_step=96087, episodic_return=[143.]
SPS: 615
SPS: 615
global_step=96264, episodic_return=[177.]
global_step=96327, episodic_return=[63.]
SPS: 615
global_step=96469, episodic_return=[142.]
SPS: 615
SPS: 615
global_step=96679, episodic_return=[210.]
SPS: 615
global_step=96821, episodic_return=[142.]
SPS: 615
global_step=96933, episodic_return=[112.]
global_step=96976, episodic_return=[43.]
SPS: 615
global_step=97116, episodic_return=[140.]
SPS: 615
SPS: 615
global_step=97318, episodic_return=[202.]
SPS: 615
global_step=97464, episodic_return=[146.]
SPS: 615
global_step=97628, episodic_return=[164.]
SPS: 615
SPS: 615
global_step=97809, episodic_return=[181.]
SPS: 615
global_step=97934, episodic_return=[125.]
global_step=97995, episodic_return=[61.]
SPS: 615
global_step=98115, episodic_return=[120.]
SPS: 615
global_step=98255, episodic_return=[140.]
SPS: 615
global_step=98379, episodic_return=[124.]
SPS: 615
global_step=98500, episodic_return=[121.]
SPS: 615
global_step=98648, episodic_return=[148.]
SPS: 615
global_step=98774, episodic_return=[126.]
SPS: 615
global_step=98895, episodic_return=[121.]
SPS: 615
global_step=99034, episodic_return=[139.]
SPS: 615
global_step=99158, episodic_return=[124.]
SPS: 615
global_step=99270, episodic_return=[112.]
SPS: 615
global_step=99330, episodic_return=[60.]
SPS: 615
global_step=99475, episodic_return=[145.]
SPS: 615
global_step=99630, episodic_return=[155.]
SPS: 615
global_step=99746, episodic_return=[116.]
SPS: 615
global_step=99856, episodic_return=[110.]
SPS: 615
Using hyperparameter file ./hps/CleanRL_ppo_defaultdiscrete.yml
[Errno 2] No such file or directory: './CleanRL/results/ppo_CartPole-v1_100000/CleanRL_ppo_defaultdiscrete'
Using initial folder
[/bin/bash] ## Script finished
[/bin/bash] #### Finished Python test. Have a nice day
